Archive member included to satisfy reference by file (symbol)

C:\Users\warre\Repositories\RFID\Mob-Armor-RFID\thingmagic_mercuryAPI\thingmagic_mercuryAPI\Debug\libthingmagic_mercuryAPI.a(osDepStub.o)
                              main.o (initOsDepStub)
C:\Users\warre\Repositories\RFID\Mob-Armor-RFID\thingmagic_mercuryAPI\thingmagic_mercuryAPI\Debug\libthingmagic_mercuryAPI.a(tm_reader.o)
                              main.o (TMR_create)
C:\Users\warre\Repositories\RFID\Mob-Armor-RFID\thingmagic_mercuryAPI\thingmagic_mercuryAPI\Debug\libthingmagic_mercuryAPI.a(serial_reader.o)
                              C:\Users\warre\Repositories\RFID\Mob-Armor-RFID\thingmagic_mercuryAPI\thingmagic_mercuryAPI\Debug\libthingmagic_mercuryAPI.a(tm_reader.o) (TMR_SR_hasMoreTags)
C:\Users\warre\Repositories\RFID\Mob-Armor-RFID\thingmagic_mercuryAPI\thingmagic_mercuryAPI\Debug\libthingmagic_mercuryAPI.a(serial_reader_l3.o)
                              C:\Users\warre\Repositories\RFID\Mob-Armor-RFID\thingmagic_mercuryAPI\thingmagic_mercuryAPI\Debug\libthingmagic_mercuryAPI.a(serial_reader.o) (TMR_SR_receiveMessage)
C:\Users\warre\Repositories\RFID\Mob-Armor-RFID\thingmagic_mercuryAPI\thingmagic_mercuryAPI\Debug\libthingmagic_mercuryAPI.a(serial_transport_dummy.o)
                              C:\Users\warre\Repositories\RFID\Mob-Armor-RFID\thingmagic_mercuryAPI\thingmagic_mercuryAPI\Debug\libthingmagic_mercuryAPI.a(tm_reader.o) (TMR_SR_SerialTransportNativeInit)
C:\Users\warre\Repositories\RFID\Mob-Armor-RFID\thingmagic_mercuryAPI\thingmagic_mercuryAPI\Debug\libthingmagic_mercuryAPI.a(tmr_utils.o)
                              C:\Users\warre\Repositories\RFID\Mob-Armor-RFID\thingmagic_mercuryAPI\thingmagic_mercuryAPI\Debug\libthingmagic_mercuryAPI.a(tm_reader.o) (tm_memcpy)
C:\Users\warre\Repositories\RFID\Mob-Armor-RFID\thingmagic_mercuryAPI\thingmagic_mercuryAPI\Debug\libthingmagic_mercuryAPI.a(hex_bytes.o)
                              C:\Users\warre\Repositories\RFID\Mob-Armor-RFID\thingmagic_mercuryAPI\thingmagic_mercuryAPI\Debug\libthingmagic_mercuryAPI.a(serial_reader.o) (TMR_hexDottedQuad)
C:\Users\warre\Repositories\RFID\Mob-Armor-RFID\thingmagic_mercuryAPI\thingmagic_mercuryAPI\Debug\libthingmagic_mercuryAPI.a(osdep_dummy.o)
                              C:\Users\warre\Repositories\RFID\Mob-Armor-RFID\thingmagic_mercuryAPI\thingmagic_mercuryAPI\Debug\libthingmagic_mercuryAPI.a(serial_reader.o) (tmr_gettime_low)
C:\Users\warre\Repositories\RFID\Mob-Armor-RFID\thingmagic_mercuryAPI\thingmagic_mercuryAPI\Debug\libthingmagic_mercuryAPI.a(serialTransportStub.o)
                              C:\Users\warre\Repositories\RFID\Mob-Armor-RFID\thingmagic_mercuryAPI\thingmagic_mercuryAPI\Debug\libthingmagic_mercuryAPI.a(serial_transport_dummy.o) (initSerialTransport)
C:\Users\warre\Repositories\RFID\ATMEGA328p_HAL\HAL_Dev\Debug\libHAL_Dev.a(isr.o)
                              C:\Users\warre\Repositories\RFID\Mob-Armor-RFID\thingmagic_mercuryAPI\thingmagic_mercuryAPI\Debug\libthingmagic_mercuryAPI.a(osDepStub.o) (isr_registerHandlerFunc)
C:\Users\warre\Repositories\RFID\ATMEGA328p_HAL\HAL_Dev\Debug\libHAL_Dev.a(timer.o)
                              C:\Users\warre\Repositories\RFID\Mob-Armor-RFID\thingmagic_mercuryAPI\thingmagic_mercuryAPI\Debug\libthingmagic_mercuryAPI.a(osDepStub.o) (timer_enableInterruptSrc)
C:\Users\warre\Repositories\RFID\ATMEGA328p_HAL\HAL_Dev\Debug\libHAL_Dev.a(uart.o)
                              C:\Users\warre\Repositories\RFID\Mob-Armor-RFID\thingmagic_mercuryAPI\thingmagic_mercuryAPI\Debug\libthingmagic_mercuryAPI.a(serialTransportStub.o) (uart_configurePeripheral)
C:\Users\warre\Repositories\RFID\ATMEGA328p_HAL\HAL_Dev\Debug\libHAL_Dev.a(core.o)
                              C:\Users\warre\Repositories\RFID\ATMEGA328p_HAL\HAL_Dev\Debug\libHAL_Dev.a(uart.o) (core_enterBlockingTransaction)
c:/program files (x86)/atmel/studio/7.0/toolchain/avr8/avr8-gnu-toolchain/bin/../lib/gcc/avr/5.4.0/avr5\libgcc.a(_mulsi3.o)
                              C:\Users\warre\Repositories\RFID\Mob-Armor-RFID\thingmagic_mercuryAPI\thingmagic_mercuryAPI\Debug\libthingmagic_mercuryAPI.a(serial_reader.o) (__mulsi3)
c:/program files (x86)/atmel/studio/7.0/toolchain/avr8/avr8-gnu-toolchain/bin/../lib/gcc/avr/5.4.0/avr5\libgcc.a(_udivmodhi4.o)
                              C:\Users\warre\Repositories\RFID\Mob-Armor-RFID\thingmagic_mercuryAPI\thingmagic_mercuryAPI\Debug\libthingmagic_mercuryAPI.a(serial_reader_l3.o) (__udivmodhi4)
c:/program files (x86)/atmel/studio/7.0/toolchain/avr8/avr8-gnu-toolchain/bin/../lib/gcc/avr/5.4.0/avr5\libgcc.a(_divmodhi4.o)
                              C:\Users\warre\Repositories\RFID\Mob-Armor-RFID\thingmagic_mercuryAPI\thingmagic_mercuryAPI\Debug\libthingmagic_mercuryAPI.a(serial_reader_l3.o) (__divmodhi4)
c:/program files (x86)/atmel/studio/7.0/toolchain/avr8/avr8-gnu-toolchain/bin/../lib/gcc/avr/5.4.0/avr5\libgcc.a(_udivmodsi4.o)
[...]
Memory Configuration

Name             Origin             Length             Attributes
text             0x00000000         0x00020000         xr
data             0x00800060         0x0000ffa0         rw !x
eeprom           0x00810000         0x00010000         rw !x
fuse             0x00820000         0x00000003         rw !x
lock             0x00830000         0x00000400         rw !x
signature        0x00840000         0x00000400         rw !x
user_signatures  0x00850000         0x00000400         rw !x
*default*        0x00000000         0xffffffff

Linker script and memory map

Address of section .data set to 0x800100
LOAD C:/Program Files (x86)/Atmel/Studio/7.0/Packs/atmel/ATmega_DFP/1.2.132/gcc/dev/atmega328p/avr5/crtatmega328p.o
LOAD main.o
START GROUP
LOAD C:\Users\warre\Repositories\RFID\ATMEGA328p_HAL\HAL_Dev\Debug\libHAL_Dev.a
LOAD C:\Users\warre\Repositories\RFID\Mob-Armor-RFID\thingmagic_mercuryAPI\thingmagic_mercuryAPI\Debug\libthingmagic_mercuryAPI.a
END GROUP
LOAD c:/program files (x86)/atmel/studio/7.0/toolchain/avr8/avr8-gnu-toolchain/bin/../lib/gcc/avr/5.4.0/avr5\libgcc.a
LOAD c:/program files (x86)/atmel/studio/7.0/toolchain/avr8/avr8-gnu-toolchain/bin/../lib/gcc/avr/5.4.0/../../../../avr/lib/avr5\libm.a
START GROUP
LOAD c:/program files (x86)/atmel/studio/7.0/toolchain/avr8/avr8-gnu-toolchain/bin/../lib/gcc/avr/5.4.0/avr5\libgcc.a
LOAD c:/program files (x86)/atmel/studio/7.0/toolchain/avr8/avr8-gnu-toolchain/bin/../lib/gcc/avr/5.4.0/../../../../avr/lib/avr5\libm.a
LOAD c:/program files (x86)/atmel/studio/7.0/toolchain/avr8/avr8-gnu-toolchain/bin/../lib/gcc/avr/5.4.0/../../../../avr/lib/avr5\libc.a
LOAD C:/Program Files (x86)/Atmel/Studio/7.0/Packs/atmel/ATmega_DFP/1.2.132/gcc/dev/atmega328p/avr5\libatmega328p.a
END GROUP
                0x00020000                __TEXT_REGION_LENGTH__ = DEFINED (__TEXT_REGION_LENGTH__)?__TEXT_REGION_LENGTH__:0x20000
                0x0000ffa0                __DATA_REGION_LENGTH__ = DEFINED (__DATA_REGION_LENGTH__)?__DATA_REGION_LENGTH__:0xffa0
                0x00010000                __EEPROM_REGION_LENGTH__ = DEFINED (__EEPROM_REGION_LENGTH__)?__EEPROM_REGION_LENGTH__:0x10000
                [0x00000003]                __FUSE_REGION_LENGTH__ = DEFINED (__FUSE_REGION_LENGTH__)?__FUSE_REGION_LENGTH__:0x400
                0x00000400                __LOCK_REGION_LENGTH__ = DEFINED (__LOCK_REGION_LENGTH__)?__LOCK_REGION_LENGTH__:0x400
                0x00000400                __SIGNATURE_REGION_LENGTH__ = DEFINED (__SIGNATURE_REGION_LENGTH__)?__SIGNATURE_REGION_LENGTH__:0x400
                0x00000400                __USER_SIGNATURE_REGION_LENGTH__ = DEFINED (__USER_SIGNATURE_REGION_LENGTH__)?__USER_SIGNATURE_REGION_LENGTH__:0x400

.hash
 *(.hash)

.dynsym
 *(.dynsym)

.dynstr
 *(.dynstr)

.gnu.version
 *(.gnu.version)

.gnu.version_d
 *(.gnu.version_d)

.gnu.version_r
 *(.gnu.version_r)

.rel.init
 *(.rel.init)

.rela.init
 *(.rela.init)

.rel.text
 *(.rel.text)
 *(.rel.text.*)
 *(.rel.gnu.linkonce.t*)

.rela.text
 *(.rela.text)
 *(.rela.text.*)
 *(.rela.gnu.linkonce.t*)

.rel.fini
 *(.rel.fini)

.rela.fini
 *(.rela.fini)

.rel.rodata
 *(.rel.rodata)
 *(.rel.rodata.*)
 *(.rel.gnu.linkonce.r*)

.rela.rodata
 *(.rela.rodata)
 *(.rela.rodata.*)
 *(.rela.gnu.linkonce.r*)

.rel.data
 *(.rel.data)
 *(.rel.data.*)
 *(.rel.gnu.linkonce.d*)

.rela.data
 *(.rela.data)
 *(.rela.data.*)
 *(.rela.gnu.linkonce.d*)

.rel.ctors
 *(.rel.ctors)

.rela.ctors
 *(.rela.ctors)

.rel.dtors
 *(.rel.dtors)

.rela.dtors
 *(.rela.dtors)

.rel.got
 *(.rel.got)

.rela.got
 *(.rela.got)

.rel.bss
 *(.rel.bss)

.rela.bss
 *(.rela.bss)

.rel.plt
 *(.rel.plt)

.rela.plt
 *(.rela.plt)

.text           0x00000000     0xf010
 *(.vectors)
 .vectors       0x00000000       0x68 C:/Program Files (x86)/Atmel/Studio/7.0/Packs/atmel/ATmega_DFP/1.2.132/gcc/dev/atmega328p/avr5/crtatmega328p.o
                0x00000000                __vector_default
                0x00000000                __vectors
 *(.vectors)
 *(.progmem.gcc*)
 .progmem.gcc_sw_table.TMR_SR_paramGet
                0x00000068      0x17a C:\Users\warre\Repositories\RFID\Mob-Armor-RFID\thingmagic_mercuryAPI\thingmagic_mercuryAPI\Debug\libthingmagic_mercuryAPI.a(serial_reader.o)
 .progmem.gcc_sw_table.TMR_SR_paramSet
                0x000001e2      0x10c C:\Users\warre\Repositories\RFID\Mob-Armor-RFID\thingmagic_mercuryAPI\thingmagic_mercuryAPI\Debug\libthingmagic_mercuryAPI.a(serial_reader.o)
 .progmem.gcc_sw_table.TMR_SR_addTagOp
                0x000002ee       0x74 C:\Users\warre\Repositories\RFID\Mob-Armor-RFID\thingmagic_mercuryAPI\thingmagic_mercuryAPI\Debug\libthingmagic_mercuryAPI.a(serial_reader.o)
 .progmem.gcc_sw_table.TMR_SR_cmdSetReaderConfiguration
                0x00000362       0x3e C:\Users\warre\Repositories\RFID\Mob-Armor-RFID\thingmagic_mercuryAPI\thingmagic_mercuryAPI\Debug\libthingmagic_mercuryAPI.a(serial_reader_l3.o)
 .progmem.gcc_sw_table.TMR_SR_cmdSetProtocolConfiguration
                0x000003a0       0x2a C:\Users\warre\Repositories\RFID\Mob-Armor-RFID\thingmagic_mercuryAPI\thingmagic_mercuryAPI\Debug\libthingmagic_mercuryAPI.a(serial_reader_l3.o)
 .progmem.gcc_sw_table.TMR_SR_cmdGetReaderConfiguration
                0x000003ca       0x3e C:\Users\warre\Repositories\RFID\Mob-Armor-RFID\thingmagic_mercuryAPI\thingmagic_mercuryAPI\Debug\libthingmagic_mercuryAPI.a(serial_reader_l3.o)
 .progmem.gcc_sw_table.TMR_SR_cmdGetProtocolConfiguration
                0x00000408       0x2a C:\Users\warre\Repositories\RFID\Mob-Armor-RFID\thingmagic_mercuryAPI\thingmagic_mercuryAPI\Debug\libthingmagic_mercuryAPI.a(serial_reader_l3.o)
 .progmem.gcc_sw_table.timer_getPreScalerBits
                0x00000432        0xe C:\Users\warre\Repositories\RFID\ATMEGA328p_HAL\HAL_Dev\Debug\libHAL_Dev.a(timer.o)
                0x00000440                . = ALIGN (0x2)
                0x00000440                __trampolines_start = .
 *(.trampolines)
 .trampolines   0x00000440        0x0 linker stubs
 *(.trampolines*)
                0x00000440                __trampolines_end = .
 *libprintf_flt.a:*(.progmem.data)
 *libc.a:*(.progmem.data)
 *(.progmem*)
                0x00000440                . = ALIGN (0x2)
 *(.jumptables)
 *(.jumptables*)
 *(.lowtext)
 *(.lowtext*)
                0x00000440                __ctors_start = .
 *(.ctors)
                0x00000440                __ctors_end = .
                0x00000440                __dtors_start = .
 *(.dtors)
                0x00000440                __dtors_end = .
 SORT(*)(.ctors)
 SORT(*)(.dtors)
 *(.init0)
 .init0         0x00000440        0x0 C:/Program Files (x86)/Atmel/Studio/7.0/Packs/atmel/ATmega_DFP/1.2.132/gcc/dev/atmega328p/avr5/crtatmega328p.o
                0x00000440                __init
 *(.init0)
 *(.init1)
 *(.init1)
 *(.init2)
 .init2         0x00000440        0xc C:/Program Files (x86)/Atmel/Studio/7.0/Packs/atmel/ATmega_DFP/1.2.132/gcc/dev/atmega328p/avr5/crtatmega328p.o
 *(.init2)
 *(.init3)
 *(.init3)
 *(.init4)
 .init4         0x0000044c       0x16 c:/program files (x86)/atmel/studio/7.0/toolchain/avr8/avr8-gnu-toolchain/bin/../lib/gcc/avr/5.4.0/avr5\libgcc.a(_copy_data.o)
                0x0000044c                __do_copy_data
 .init4         0x00000462       0x10 c:/program files (x86)/atmel/studio/7.0/toolchain/avr8/avr8-gnu-toolchain/bin/../lib/gcc/avr/5.4.0/avr5\libgcc.a(_clear_bss.o)
                0x00000462                __do_clear_bss
 *(.init4)
 *(.init5)
 *(.init5)
 *(.init6)
 *(.init6)
 *(.init7)
 *(.init7)
 *(.init8)
 *(.init8)
 *(.init9)
 .init9         0x00000472        0x8 C:/Program Files (x86)/Atmel/Studio/7.0/Packs/atmel/ATmega_DFP/1.2.132/gcc/dev/atmega328p/avr5/crtatmega328p.o
 *(.init9)
 *(.text)
 .text          0x0000047a        0x4 C:/Program Files (x86)/Atmel/Studio/7.0/Packs/atmel/ATmega_DFP/1.2.132/gcc/dev/atmega328p/avr5/crtatmega328p.o
                0x0000047a                __bad_interrupt
                0x0000047a                __vector_25
                0x0000047a                __vector_24
                0x0000047e                . = ALIGN (0x2)
 *(.text.*)
 .text._Z10checkErrorm
                0x0000047e       0x10 main.o
                0x0000047e                _Z10checkErrorm
 .text._Z10sampleReadv
                0x0000048e       0x50 main.o
                0x0000048e                _Z10sampleReadv
 .text.main     0x000004de        0xa main.o
                0x000004de                main
 .text.sysTimerISR
                0x000004e8       0x48 C:\Users\warre\Repositories\RFID\Mob-Armor-RFID\thingmagic_mercuryAPI\thingmagic_mercuryAPI\Debug\libthingmagic_mercuryAPI.a(osDepStub.o)
                0x000004e8                sysTimerISR
 .text.configureSysTimer
                0x00000530       0x2e C:\Users\warre\Repositories\RFID\Mob-Armor-RFID\thingmagic_mercuryAPI\thingmagic_mercuryAPI\Debug\libthingmagic_mercuryAPI.a(osDepStub.o)
                0x00000530                configureSysTimer
 .text.initOsDepStub
                0x0000055e        0x8 C:\Users\warre\Repositories\RFID\Mob-Armor-RFID\thingmagic_mercuryAPI\thingmagic_mercuryAPI\Debug\libthingmagic_mercuryAPI.a(osDepStub.o)
                0x0000055e                initOsDepStub
 .text.TMR_initSerialTransportTable
                0x00000566       0xea C:\Users\warre\Repositories\RFID\Mob-Armor-RFID\thingmagic_mercuryAPI\thingmagic_mercuryAPI\Debug\libthingmagic_mercuryAPI.a(tm_reader.o)
 .text.TMR_create
                0x00000650      0x236 C:\Users\warre\Repositories\RFID\Mob-Armor-RFID\thingmagic_mercuryAPI\thingmagic_mercuryAPI\Debug\libthingmagic_mercuryAPI.a(tm_reader.o)
                0x00000650                TMR_create
 .text.validateReadPlan
                0x00000886      0x1d2 C:\Users\warre\Repositories\RFID\Mob-Armor-RFID\thingmagic_mercuryAPI\thingmagic_mercuryAPI\Debug\libthingmagic_mercuryAPI.a(tm_reader.o)
                0x00000886                validateReadPlan
 .text.TMR_paramSet
                0x00000a58       0x10 C:\Users\warre\Repositories\RFID\Mob-Armor-RFID\thingmagic_mercuryAPI\thingmagic_mercuryAPI\Debug\libthingmagic_mercuryAPI.a(tm_reader.o)
                0x00000a58                TMR_paramSet
 .text.TMR_paramGet
                0x00000a68       0x32 C:\Users\warre\Repositories\RFID\Mob-Armor-RFID\thingmagic_mercuryAPI\thingmagic_mercuryAPI\Debug\libthingmagic_mercuryAPI.a(tm_reader.o)
                0x00000a68                TMR_paramGet
 .text.TMR__notifyTransportListeners
                0x00000a9a       0xb0 C:\Users\warre\Repositories\RFID\Mob-Armor-RFID\thingmagic_mercuryAPI\thingmagic_mercuryAPI\Debug\libthingmagic_mercuryAPI.a(tm_reader.o)
                0x00000a9a                TMR__notifyTransportListeners
 .text.TMR_RP_init_simple
                0x00000b4a       0x5a C:\Users\warre\Repositories\RFID\Mob-Armor-RFID\thingmagic_mercuryAPI\thingmagic_mercuryAPI\Debug\libthingmagic_mercuryAPI.a(tm_reader.o)
                0x00000b4a                TMR_RP_init_simple
 .text.TMR_reader_init_internal
                0x00000ba4       0x96 C:\Users\warre\Repositories\RFID\Mob-Armor-RFID\thingmagic_mercuryAPI\thingmagic_mercuryAPI\Debug\libthingmagic_mercuryAPI.a(tm_reader.o)
                0x00000ba4                TMR_reader_init_internal
 .text.TMR_paramProbe
                0x00000c3a       0xd4 C:\Users\warre\Repositories\RFID\Mob-Armor-RFID\thingmagic_mercuryAPI\thingmagic_mercuryAPI\Debug\libthingmagic_mercuryAPI.a(tm_reader.o)
                0x00000c3a                TMR_paramProbe
 .text.setProtocol
                0x00000d0e      0x12c C:\Users\warre\Repositories\RFID\Mob-Armor-RFID\thingmagic_mercuryAPI\thingmagic_mercuryAPI\Debug\libthingmagic_mercuryAPI.a(serial_reader.o)
 .text.initTxRxMapFromPorts
                0x00000e3a      0x2a4 C:\Users\warre\Repositories\RFID\Mob-Armor-RFID\thingmagic_mercuryAPI\thingmagic_mercuryAPI\Debug\libthingmagic_mercuryAPI.a(serial_reader.o)
 .text.getPortValues
                0x000010de      0x176 C:\Users\warre\Repositories\RFID\Mob-Armor-RFID\thingmagic_mercuryAPI\thingmagic_mercuryAPI\Debug\libthingmagic_mercuryAPI.a(serial_reader.o)
 .text.TMR_SR_paramGet
                0x00001254     0x1052 C:\Users\warre\Repositories\RFID\Mob-Armor-RFID\thingmagic_mercuryAPI\thingmagic_mercuryAPI\Debug\libthingmagic_mercuryAPI.a(serial_reader.o)
 .text.setPortValues
                0x000022a6      0x1f8 C:\Users\warre\Repositories\RFID\Mob-Armor-RFID\thingmagic_mercuryAPI\thingmagic_mercuryAPI\Debug\libthingmagic_mercuryAPI.a(serial_reader.o)
 .text.TMR_SR_paramSet
                0x0000249e     0x1008 C:\Users\warre\Repositories\RFID\Mob-Armor-RFID\thingmagic_mercuryAPI\thingmagic_mercuryAPI\Debug\libthingmagic_mercuryAPI.a(serial_reader.o)
 .text.prepEmbReadTagMultiple
                0x000034a6       0x6e C:\Users\warre\Repositories\RFID\Mob-Armor-RFID\thingmagic_mercuryAPI\thingmagic_mercuryAPI\Debug\libthingmagic_mercuryAPI.a(serial_reader.o)
 .text.compareAntennas
                0x00003514       0xc4 C:\Users\warre\Repositories\RFID\Mob-Armor-RFID\thingmagic_mercuryAPI\thingmagic_mercuryAPI\Debug\libthingmagic_mercuryAPI.a(serial_reader.o)
                0x00003514                compareAntennas
 .text.prepForSearch
                0x000035d8      0x25e C:\Users\warre\Repositories\RFID\Mob-Armor-RFID\thingmagic_mercuryAPI\thingmagic_mercuryAPI\Debug\libthingmagic_mercuryAPI.a(serial_reader.o)
                0x000035d8                prepForSearch
 .text.verifySearchStatus
                0x00003836      0x164 C:\Users\warre\Repositories\RFID\Mob-Armor-RFID\thingmagic_mercuryAPI\thingmagic_mercuryAPI\Debug\libthingmagic_mercuryAPI.a(serial_reader.o)
                0x00003836                verifySearchStatus
 .text.TMR_SR_cmdProbeBaudRate
                0x0000399a      0x234 C:\Users\warre\Repositories\RFID\Mob-Armor-RFID\thingmagic_mercuryAPI\thingmagic_mercuryAPI\Debug\libthingmagic_mercuryAPI.a(serial_reader.o)
                0x0000399a                TMR_SR_cmdProbeBaudRate
 .text.TMR_SR_SerialReader_init
                0x00003bce      0x17c C:\Users\warre\Repositories\RFID\Mob-Armor-RFID\thingmagic_mercuryAPI\thingmagic_mercuryAPI\Debug\libthingmagic_mercuryAPI.a(serial_reader.o)
                0x00003bce                TMR_SR_SerialReader_init
 .text.TMR_SR_addTagOp
                0x00003d4a     0x19fc C:\Users\warre\Repositories\RFID\Mob-Armor-RFID\thingmagic_mercuryAPI\thingmagic_mercuryAPI\Debug\libthingmagic_mercuryAPI.a(serial_reader.o)
                0x00003d4a                TMR_SR_addTagOp
 .text.tm_crc   0x00005746       0x7c C:\Users\warre\Repositories\RFID\Mob-Armor-RFID\thingmagic_mercuryAPI\thingmagic_mercuryAPI\Debug\libthingmagic_mercuryAPI.a(serial_reader_l3.o)
 .text.filterbytes
                0x000057c2      0x588 C:\Users\warre\Repositories\RFID\Mob-Armor-RFID\thingmagic_mercuryAPI\thingmagic_mercuryAPI\Debug\libthingmagic_mercuryAPI.a(serial_reader_l3.o)
 .text.TMR_SR_sendBytes
                0x00005d4a       0x8c C:\Users\warre\Repositories\RFID\Mob-Armor-RFID\thingmagic_mercuryAPI\thingmagic_mercuryAPI\Debug\libthingmagic_mercuryAPI.a(serial_reader_l3.o)
                0x00005d4a                TMR_SR_sendBytes
 .text.isContinuousReadParamSupported
                0x00005dd6       0xba C:\Users\warre\Repositories\RFID\Mob-Armor-RFID\thingmagic_mercuryAPI\thingmagic_mercuryAPI\Debug\libthingmagic_mercuryAPI.a(serial_reader_l3.o)
                0x00005dd6                isContinuousReadParamSupported
 .text.TMR_SR_sendMessage
                0x00005e90      0x1ea C:\Users\warre\Repositories\RFID\Mob-Armor-RFID\thingmagic_mercuryAPI\thingmagic_mercuryAPI\Debug\libthingmagic_mercuryAPI.a(serial_reader_l3.o)
                0x00005e90                TMR_SR_sendMessage
 .text.TMR_SR_receiveMessage
                0x0000607a      0x3c0 C:\Users\warre\Repositories\RFID\Mob-Armor-RFID\thingmagic_mercuryAPI\thingmagic_mercuryAPI\Debug\libthingmagic_mercuryAPI.a(serial_reader_l3.o)
                0x0000607a                TMR_SR_receiveMessage
 .text.TMR_SR_sendTimeout
                0x0000643a       0xf2 C:\Users\warre\Repositories\RFID\Mob-Armor-RFID\thingmagic_mercuryAPI\thingmagic_mercuryAPI\Debug\libthingmagic_mercuryAPI.a(serial_reader_l3.o)
                0x0000643a                TMR_SR_sendTimeout
 .text.TMR_SR_send
                0x0000652c       0x14 C:\Users\warre\Repositories\RFID\Mob-Armor-RFID\thingmagic_mercuryAPI\thingmagic_mercuryAPI\Debug\libthingmagic_mercuryAPI.a(serial_reader_l3.o)
                0x0000652c                TMR_SR_send
 .text.TMR_SR_cmdVersion
                0x00006540      0x134 C:\Users\warre\Repositories\RFID\Mob-Armor-RFID\thingmagic_mercuryAPI\thingmagic_mercuryAPI\Debug\libthingmagic_mercuryAPI.a(serial_reader_l3.o)
                0x00006540                TMR_SR_cmdVersion
 .text.TMR_SR_cmdSetBaudRate
                0x00006674       0x40 C:\Users\warre\Repositories\RFID\Mob-Armor-RFID\thingmagic_mercuryAPI\thingmagic_mercuryAPI\Debug\libthingmagic_mercuryAPI.a(serial_reader_l3.o)
                0x00006674                TMR_SR_cmdSetBaudRate
 .text.TMR_SR_cmdGetHardwareVersion
                0x000066b4       0xa0 C:\Users\warre\Repositories\RFID\Mob-Armor-RFID\thingmagic_mercuryAPI\thingmagic_mercuryAPI\Debug\libthingmagic_mercuryAPI.a(serial_reader_l3.o)
                0x000066b4                TMR_SR_cmdGetHardwareVersion
 .text.TMR_SR_msgSetupReadTagSingle
                0x00006754       0xba C:\Users\warre\Repositories\RFID\Mob-Armor-RFID\thingmagic_mercuryAPI\thingmagic_mercuryAPI\Debug\libthingmagic_mercuryAPI.a(serial_reader_l3.o)
                0x00006754                TMR_SR_msgSetupReadTagSingle
 .text.TMR_SR_msgSetupReadTagMultipleWithMetadata
                0x0000680e      0x34c C:\Users\warre\Repositories\RFID\Mob-Armor-RFID\thingmagic_mercuryAPI\thingmagic_mercuryAPI\Debug\libthingmagic_mercuryAPI.a(serial_reader_l3.o)
                0x0000680e                TMR_SR_msgSetupReadTagMultipleWithMetadata
 .text.TMR_SR_msgSetupReadTagMultiple
                0x00006b5a       0x5c C:\Users\warre\Repositories\RFID\Mob-Armor-RFID\thingmagic_mercuryAPI\thingmagic_mercuryAPI\Debug\libthingmagic_mercuryAPI.a(serial_reader_l3.o)
                0x00006b5a                TMR_SR_msgSetupReadTagMultiple
 .text.TMR_SR_msgAddGEN2WriteTagEPC
                0x00006bb6       0x78 C:\Users\warre\Repositories\RFID\Mob-Armor-RFID\thingmagic_mercuryAPI\thingmagic_mercuryAPI\Debug\libthingmagic_mercuryAPI.a(serial_reader_l3.o)
                0x00006bb6                TMR_SR_msgAddGEN2WriteTagEPC
 .text.TMR_SR_msgAddGEN2DataRead
                0x00006c2e       0xf2 C:\Users\warre\Repositories\RFID\Mob-Armor-RFID\thingmagic_mercuryAPI\thingmagic_mercuryAPI\Debug\libthingmagic_mercuryAPI.a(serial_reader_l3.o)
                0x00006c2e                TMR_SR_msgAddGEN2DataRead
 .text.TMR_SR_msgAddGEN2DataWrite
                0x00006d20       0xa6 C:\Users\warre\Repositories\RFID\Mob-Armor-RFID\thingmagic_mercuryAPI\thingmagic_mercuryAPI\Debug\libthingmagic_mercuryAPI.a(serial_reader_l3.o)
                0x00006d20                TMR_SR_msgAddGEN2DataWrite
 .text.TMR_SR_msgAddGEN2LockTag
                0x00006dc6       0xde C:\Users\warre\Repositories\RFID\Mob-Armor-RFID\thingmagic_mercuryAPI\thingmagic_mercuryAPI\Debug\libthingmagic_mercuryAPI.a(serial_reader_l3.o)
                0x00006dc6                TMR_SR_msgAddGEN2LockTag
 .text.TMR_SR_msgAddGEN2KillTag
                0x00006ea4       0x9e C:\Users\warre\Repositories\RFID\Mob-Armor-RFID\thingmagic_mercuryAPI\thingmagic_mercuryAPI\Debug\libthingmagic_mercuryAPI.a(serial_reader_l3.o)
                0x00006ea4                TMR_SR_msgAddGEN2KillTag
 .text.TMR_SR_msgAddGEN2BlockWrite
                0x00006f42      0x1fc C:\Users\warre\Repositories\RFID\Mob-Armor-RFID\thingmagic_mercuryAPI\thingmagic_mercuryAPI\Debug\libthingmagic_mercuryAPI.a(serial_reader_l3.o)
                0x00006f42                TMR_SR_msgAddGEN2BlockWrite
 .text.TMR_SR_msgAddGEN2BlockPermaLock
                0x0000713e      0x1e6 C:\Users\warre\Repositories\RFID\Mob-Armor-RFID\thingmagic_mercuryAPI\thingmagic_mercuryAPI\Debug\libthingmagic_mercuryAPI.a(serial_reader_l3.o)
                0x0000713e                TMR_SR_msgAddGEN2BlockPermaLock
 .text.TMR_SR_msgAddGEN2BlockErase
                0x00007324      0x17c C:\Users\warre\Repositories\RFID\Mob-Armor-RFID\thingmagic_mercuryAPI\thingmagic_mercuryAPI\Debug\libthingmagic_mercuryAPI.a(serial_reader_l3.o)
                0x00007324                TMR_SR_msgAddGEN2BlockErase
 .text.TMR_SR_cmdSetTxRxPorts
                0x000074a0       0x3c C:\Users\warre\Repositories\RFID\Mob-Armor-RFID\thingmagic_mercuryAPI\thingmagic_mercuryAPI\Debug\libthingmagic_mercuryAPI.a(serial_reader_l3.o)
                0x000074a0                TMR_SR_cmdSetTxRxPorts
 .text.TMR_SR_cmdSetAntennaSearchList
                0x000074dc       0x8a C:\Users\warre\Repositories\RFID\Mob-Armor-RFID\thingmagic_mercuryAPI\thingmagic_mercuryAPI\Debug\libthingmagic_mercuryAPI.a(serial_reader_l3.o)
                0x000074dc                TMR_SR_cmdSetAntennaSearchList
 .text.TMR_SR_cmdSetAntennaPortPowersAndSettlingTime
                0x00007566       0xf6 C:\Users\warre\Repositories\RFID\Mob-Armor-RFID\thingmagic_mercuryAPI\thingmagic_mercuryAPI\Debug\libthingmagic_mercuryAPI.a(serial_reader_l3.o)
                0x00007566                TMR_SR_cmdSetAntennaPortPowersAndSettlingTime
 .text.TMR_SR_cmdSetReadTxPower
                0x0000765c       0x62 C:\Users\warre\Repositories\RFID\Mob-Armor-RFID\thingmagic_mercuryAPI\thingmagic_mercuryAPI\Debug\libthingmagic_mercuryAPI.a(serial_reader_l3.o)
                0x0000765c                TMR_SR_cmdSetReadTxPower
 .text.TMR_SR_cmdSetProtocol
                0x000076be       0x3c C:\Users\warre\Repositories\RFID\Mob-Armor-RFID\thingmagic_mercuryAPI\thingmagic_mercuryAPI\Debug\libthingmagic_mercuryAPI.a(serial_reader_l3.o)
                0x000076be                TMR_SR_cmdSetProtocol
 .text.TMR_SR_cmdSetWriteTxPower
                0x000076fa       0x62 C:\Users\warre\Repositories\RFID\Mob-Armor-RFID\thingmagic_mercuryAPI\thingmagic_mercuryAPI\Debug\libthingmagic_mercuryAPI.a(serial_reader_l3.o)
                0x000076fa                TMR_SR_cmdSetWriteTxPower
 .text.TMR_SR_cmdSetFrequencyHopTable
                0x0000775c       0x96 C:\Users\warre\Repositories\RFID\Mob-Armor-RFID\thingmagic_mercuryAPI\thingmagic_mercuryAPI\Debug\libthingmagic_mercuryAPI.a(serial_reader_l3.o)
                0x0000775c                TMR_SR_cmdSetFrequencyHopTable
 .text.TMR_SR_cmdSetFrequencyHopTime
                0x000077f2       0x44 C:\Users\warre\Repositories\RFID\Mob-Armor-RFID\thingmagic_mercuryAPI\thingmagic_mercuryAPI\Debug\libthingmagic_mercuryAPI.a(serial_reader_l3.o)
                0x000077f2                TMR_SR_cmdSetFrequencyHopTime
 .text.TMR_SR_cmdSetRegion
                0x00007836       0x3a C:\Users\warre\Repositories\RFID\Mob-Armor-RFID\thingmagic_mercuryAPI\thingmagic_mercuryAPI\Debug\libthingmagic_mercuryAPI.a(serial_reader_l3.o)
                0x00007836                TMR_SR_cmdSetRegion
 .text.TMR_SR_cmdSetRegionLbt
                0x00007870       0x3c C:\Users\warre\Repositories\RFID\Mob-Armor-RFID\thingmagic_mercuryAPI\thingmagic_mercuryAPI\Debug\libthingmagic_mercuryAPI.a(serial_reader_l3.o)
                0x00007870                TMR_SR_cmdSetRegionLbt
 .text.TMR_SR_cmdSetPowerMode
                0x000078ac       0x3a C:\Users\warre\Repositories\RFID\Mob-Armor-RFID\thingmagic_mercuryAPI\thingmagic_mercuryAPI\Debug\libthingmagic_mercuryAPI.a(serial_reader_l3.o)
                0x000078ac                TMR_SR_cmdSetPowerMode
 .text.TMR_SR_cmdSetUserMode
                0x000078e6       0x3a C:\Users\warre\Repositories\RFID\Mob-Armor-RFID\thingmagic_mercuryAPI\thingmagic_mercuryAPI\Debug\libthingmagic_mercuryAPI.a(serial_reader_l3.o)
                0x000078e6                TMR_SR_cmdSetUserMode
 .text.TMR_SR_cmdSetReaderConfiguration
                0x00007920       0xd0 C:\Users\warre\Repositories\RFID\Mob-Armor-RFID\thingmagic_mercuryAPI\thingmagic_mercuryAPI\Debug\libthingmagic_mercuryAPI.a(serial_reader_l3.o)
                0x00007920                TMR_SR_cmdSetReaderConfiguration
 .text.TMR_SR_cmdSetProtocolLicenseKey
                0x000079f0      0x114 C:\Users\warre\Repositories\RFID\Mob-Armor-RFID\thingmagic_mercuryAPI\thingmagic_mercuryAPI\Debug\libthingmagic_mercuryAPI.a(serial_reader_l3.o)
                0x000079f0                TMR_SR_cmdSetProtocolLicenseKey
 .text.TMR_SR_cmdSetProtocolConfiguration
                0x00007b04      0x220 C:\Users\warre\Repositories\RFID\Mob-Armor-RFID\thingmagic_mercuryAPI\thingmagic_mercuryAPI\Debug\libthingmagic_mercuryAPI.a(serial_reader_l3.o)
                0x00007b04                TMR_SR_cmdSetProtocolConfiguration
 .text.TMR_SR_cmdAntennaDetect
                0x00007d24       0xda C:\Users\warre\Repositories\RFID\Mob-Armor-RFID\thingmagic_mercuryAPI\thingmagic_mercuryAPI\Debug\libthingmagic_mercuryAPI.a(serial_reader_l3.o)
                0x00007d24                TMR_SR_cmdAntennaDetect
 .text.TMR_SR_cmdGetAntennaPortPowersAndSettlingTime
                0x00007dfe      0x142 C:\Users\warre\Repositories\RFID\Mob-Armor-RFID\thingmagic_mercuryAPI\thingmagic_mercuryAPI\Debug\libthingmagic_mercuryAPI.a(serial_reader_l3.o)
                0x00007dfe                TMR_SR_cmdGetAntennaPortPowersAndSettlingTime
 .text.TMR_SR_cmdGetAntennaReturnLoss
                0x00007f40       0xdc C:\Users\warre\Repositories\RFID\Mob-Armor-RFID\thingmagic_mercuryAPI\thingmagic_mercuryAPI\Debug\libthingmagic_mercuryAPI.a(serial_reader_l3.o)
                0x00007f40                TMR_SR_cmdGetAntennaReturnLoss
 .text.TMR_SR_cmdGetReadTxPower
                0x0000801c       0x80 C:\Users\warre\Repositories\RFID\Mob-Armor-RFID\thingmagic_mercuryAPI\thingmagic_mercuryAPI\Debug\libthingmagic_mercuryAPI.a(serial_reader_l3.o)
                0x0000801c                TMR_SR_cmdGetReadTxPower
 .text.TMR_SR_cmdGetReadTxPowerWithLimits
                0x0000809c       0x90 C:\Users\warre\Repositories\RFID\Mob-Armor-RFID\thingmagic_mercuryAPI\thingmagic_mercuryAPI\Debug\libthingmagic_mercuryAPI.a(serial_reader_l3.o)
                0x0000809c                TMR_SR_cmdGetReadTxPowerWithLimits
 .text.TMR_SR_cmdGetWriteTxPower
                0x0000812c       0x80 C:\Users\warre\Repositories\RFID\Mob-Armor-RFID\thingmagic_mercuryAPI\thingmagic_mercuryAPI\Debug\libthingmagic_mercuryAPI.a(serial_reader_l3.o)
                0x0000812c                TMR_SR_cmdGetWriteTxPower
 .text.TMR_SR_cmdGetFrequencyHopTable
                0x000081ac       0xe0 C:\Users\warre\Repositories\RFID\Mob-Armor-RFID\thingmagic_mercuryAPI\thingmagic_mercuryAPI\Debug\libthingmagic_mercuryAPI.a(serial_reader_l3.o)
                0x000081ac                TMR_SR_cmdGetFrequencyHopTable
 .text.TMR_SR_cmdGetFrequencyHopTime
                0x0000828c       0x84 C:\Users\warre\Repositories\RFID\Mob-Armor-RFID\thingmagic_mercuryAPI\thingmagic_mercuryAPI\Debug\libthingmagic_mercuryAPI.a(serial_reader_l3.o)
                0x0000828c                TMR_SR_cmdGetFrequencyHopTime
 .text.TMR_SR_cmdGetGPIO
                0x00008310      0x12a C:\Users\warre\Repositories\RFID\Mob-Armor-RFID\thingmagic_mercuryAPI\thingmagic_mercuryAPI\Debug\libthingmagic_mercuryAPI.a(serial_reader_l3.o)
                0x00008310                TMR_SR_cmdGetGPIO
 .text.TMR_SR_cmdGetGPIODirection
                0x0000843a       0x5c C:\Users\warre\Repositories\RFID\Mob-Armor-RFID\thingmagic_mercuryAPI\thingmagic_mercuryAPI\Debug\libthingmagic_mercuryAPI.a(serial_reader_l3.o)
                0x0000843a                TMR_SR_cmdGetGPIODirection
 .text.TMR_SR_cmdSetGPIODirection
                0x00008496       0x42 C:\Users\warre\Repositories\RFID\Mob-Armor-RFID\thingmagic_mercuryAPI\thingmagic_mercuryAPI\Debug\libthingmagic_mercuryAPI.a(serial_reader_l3.o)
                0x00008496                TMR_SR_cmdSetGPIODirection
 .text.TMR_SR_cmdGetCurrentProtocol
                0x000084d8       0x50 C:\Users\warre\Repositories\RFID\Mob-Armor-RFID\thingmagic_mercuryAPI\thingmagic_mercuryAPI\Debug\libthingmagic_mercuryAPI.a(serial_reader_l3.o)
                0x000084d8                TMR_SR_cmdGetCurrentProtocol
 .text.TMR_SR_cmdGetRegion
                0x00008528       0x50 C:\Users\warre\Repositories\RFID\Mob-Armor-RFID\thingmagic_mercuryAPI\thingmagic_mercuryAPI\Debug\libthingmagic_mercuryAPI.a(serial_reader_l3.o)
                0x00008528                TMR_SR_cmdGetRegion
 .text.TMR_SR_cmdGetRegionConfiguration
                0x00008578       0x8a C:\Users\warre\Repositories\RFID\Mob-Armor-RFID\thingmagic_mercuryAPI\thingmagic_mercuryAPI\Debug\libthingmagic_mercuryAPI.a(serial_reader_l3.o)
                0x00008578                TMR_SR_cmdGetRegionConfiguration
 .text.TMR_SR_cmdGetPowerMode
                0x00008602       0x50 C:\Users\warre\Repositories\RFID\Mob-Armor-RFID\thingmagic_mercuryAPI\thingmagic_mercuryAPI\Debug\libthingmagic_mercuryAPI.a(serial_reader_l3.o)
                0x00008602                TMR_SR_cmdGetPowerMode
 .text.TMR_SR_cmdGetUserMode
                0x00008652       0x50 C:\Users\warre\Repositories\RFID\Mob-Armor-RFID\thingmagic_mercuryAPI\thingmagic_mercuryAPI\Debug\libthingmagic_mercuryAPI.a(serial_reader_l3.o)
                0x00008652                TMR_SR_cmdGetUserMode
 .text.TMR_SR_cmdGetReaderConfiguration
                0x000086a2      0x19e C:\Users\warre\Repositories\RFID\Mob-Armor-RFID\thingmagic_mercuryAPI\thingmagic_mercuryAPI\Debug\libthingmagic_mercuryAPI.a(serial_reader_l3.o)
                0x000086a2                TMR_SR_cmdGetReaderConfiguration
 .text.TMR_iso18000BBLFValToInt
                0x00008840       0x2e C:\Users\warre\Repositories\RFID\Mob-Armor-RFID\thingmagic_mercuryAPI\thingmagic_mercuryAPI\Debug\libthingmagic_mercuryAPI.a(serial_reader_l3.o)
                0x00008840                TMR_iso18000BBLFValToInt
 .text.TMR_SR_cmdGetProtocolConfiguration
                0x0000886e      0x2ea C:\Users\warre\Repositories\RFID\Mob-Armor-RFID\thingmagic_mercuryAPI\thingmagic_mercuryAPI\Debug\libthingmagic_mercuryAPI.a(serial_reader_l3.o)
                0x0000886e                TMR_SR_cmdGetProtocolConfiguration
 .text.TMR_SR_msgSetupMultipleProtocolSearch
                0x00008b58      0x57c C:\Users\warre\Repositories\RFID\Mob-Armor-RFID\thingmagic_mercuryAPI\thingmagic_mercuryAPI\Debug\libthingmagic_mercuryAPI.a(serial_reader_l3.o)
                0x00008b58                TMR_SR_msgSetupMultipleProtocolSearch
 .text.TMR_SR_cmdSetUserProfile
                0x000090d4      0x4d8 C:\Users\warre\Repositories\RFID\Mob-Armor-RFID\thingmagic_mercuryAPI\thingmagic_mercuryAPI\Debug\libthingmagic_mercuryAPI.a(serial_reader_l3.o)
                0x000090d4                TMR_SR_cmdSetUserProfile
 .text.TMR_SR_cmdGetAvailableProtocols
                0x000095ac      0x12a C:\Users\warre\Repositories\RFID\Mob-Armor-RFID\thingmagic_mercuryAPI\thingmagic_mercuryAPI\Debug\libthingmagic_mercuryAPI.a(serial_reader_l3.o)
                0x000095ac                TMR_SR_cmdGetAvailableProtocols
 .text.TMR_SR_cmdGetAvailableRegions
                0x000096d6       0xaa C:\Users\warre\Repositories\RFID\Mob-Armor-RFID\thingmagic_mercuryAPI\thingmagic_mercuryAPI\Debug\libthingmagic_mercuryAPI.a(serial_reader_l3.o)
                0x000096d6                TMR_SR_cmdGetAvailableRegions
 .text.TMR_SR_cmdGetTemperature
                0x00009780       0x50 C:\Users\warre\Repositories\RFID\Mob-Armor-RFID\thingmagic_mercuryAPI\thingmagic_mercuryAPI\Debug\libthingmagic_mercuryAPI.a(serial_reader_l3.o)
                0x00009780                TMR_SR_cmdGetTemperature
 .text.TMR_SR_msgAddHiggs2PartialLoadImage
                0x000097d0      0x134 C:\Users\warre\Repositories\RFID\Mob-Armor-RFID\thingmagic_mercuryAPI\thingmagic_mercuryAPI\Debug\libthingmagic_mercuryAPI.a(serial_reader_l3.o)
                0x000097d0                TMR_SR_msgAddHiggs2PartialLoadImage
 .text.TMR_SR_msgAddHiggs2FullLoadImage
                0x00009904      0x19a C:\Users\warre\Repositories\RFID\Mob-Armor-RFID\thingmagic_mercuryAPI\thingmagic_mercuryAPI\Debug\libthingmagic_mercuryAPI.a(serial_reader_l3.o)
                0x00009904                TMR_SR_msgAddHiggs2FullLoadImage
 .text.TMR_SR_msgAddHiggs3FastLoadImage
                0x00009a9e      0x26c C:\Users\warre\Repositories\RFID\Mob-Armor-RFID\thingmagic_mercuryAPI\thingmagic_mercuryAPI\Debug\libthingmagic_mercuryAPI.a(serial_reader_l3.o)
                0x00009a9e                TMR_SR_msgAddHiggs3FastLoadImage
 .text.TMR_SR_msgAddHiggs3LoadImage
                0x00009d0a      0x26c C:\Users\warre\Repositories\RFID\Mob-Armor-RFID\thingmagic_mercuryAPI\thingmagic_mercuryAPI\Debug\libthingmagic_mercuryAPI.a(serial_reader_l3.o)
                0x00009d0a                TMR_SR_msgAddHiggs3LoadImage
 .text.TMR_SR_msgAddHiggs3BlockReadLock
                0x00009f76      0x172 C:\Users\warre\Repositories\RFID\Mob-Armor-RFID\thingmagic_mercuryAPI\thingmagic_mercuryAPI\Debug\libthingmagic_mercuryAPI.a(serial_reader_l3.o)
                0x00009f76                TMR_SR_msgAddHiggs3BlockReadLock
 .text.TMR_SR_msgAddNXPSetReadProtect
                0x0000a0e8      0x156 C:\Users\warre\Repositories\RFID\Mob-Armor-RFID\thingmagic_mercuryAPI\thingmagic_mercuryAPI\Debug\libthingmagic_mercuryAPI.a(serial_reader_l3.o)
                0x0000a0e8                TMR_SR_msgAddNXPSetReadProtect
 .text.TMR_SR_msgAddNXPResetReadProtect
                0x0000a23e      0x156 C:\Users\warre\Repositories\RFID\Mob-Armor-RFID\thingmagic_mercuryAPI\thingmagic_mercuryAPI\Debug\libthingmagic_mercuryAPI.a(serial_reader_l3.o)
                0x0000a23e                TMR_SR_msgAddNXPResetReadProtect
 .text.TMR_SR_msgAddNXPChangeEAS
                0x0000a394      0x190 C:\Users\warre\Repositories\RFID\Mob-Armor-RFID\thingmagic_mercuryAPI\thingmagic_mercuryAPI\Debug\libthingmagic_mercuryAPI.a(serial_reader_l3.o)
                0x0000a394                TMR_SR_msgAddNXPChangeEAS
 .text.TMR_SR_msgAddNXPCalibrate
                0x0000a524      0x154 C:\Users\warre\Repositories\RFID\Mob-Armor-RFID\thingmagic_mercuryAPI\thingmagic_mercuryAPI\Debug\libthingmagic_mercuryAPI.a(serial_reader_l3.o)
                0x0000a524                TMR_SR_msgAddNXPCalibrate
 .text.TMR_SR_msgAddNXPChangeConfig
                0x0000a678      0x13c C:\Users\warre\Repositories\RFID\Mob-Armor-RFID\thingmagic_mercuryAPI\thingmagic_mercuryAPI\Debug\libthingmagic_mercuryAPI.a(serial_reader_l3.o)
                0x0000a678                TMR_SR_msgAddNXPChangeConfig
 .text.TMR_SR_msgAddMonza4QTReadWrite
                0x0000a7b4      0x142 C:\Users\warre\Repositories\RFID\Mob-Armor-RFID\thingmagic_mercuryAPI\thingmagic_mercuryAPI\Debug\libthingmagic_mercuryAPI.a(serial_reader_l3.o)
                0x0000a7b4                TMR_SR_msgAddMonza4QTReadWrite
 .text.TMR_SR_msgAddIdsSL900aGetBatteryLevel
                0x0000a8f6      0x182 C:\Users\warre\Repositories\RFID\Mob-Armor-RFID\thingmagic_mercuryAPI\thingmagic_mercuryAPI\Debug\libthingmagic_mercuryAPI.a(serial_reader_l3.o)
                0x0000a8f6                TMR_SR_msgAddIdsSL900aGetBatteryLevel
 .text.TMR_SR_msgAddIdsSL900aGetSensorValue
                0x0000aa78      0x182 C:\Users\warre\Repositories\RFID\Mob-Armor-RFID\thingmagic_mercuryAPI\thingmagic_mercuryAPI\Debug\libthingmagic_mercuryAPI.a(serial_reader_l3.o)
                0x0000aa78                TMR_SR_msgAddIdsSL900aGetSensorValue
 .text.TMR_SR_msgAddIdsSL900aGetMeasurementSetup
                0x0000abfa      0x16e C:\Users\warre\Repositories\RFID\Mob-Armor-RFID\thingmagic_mercuryAPI\thingmagic_mercuryAPI\Debug\libthingmagic_mercuryAPI.a(serial_reader_l3.o)
                0x0000abfa                TMR_SR_msgAddIdsSL900aGetMeasurementSetup
 .text.TMR_SR_msgAddIdsSL900aGetLogState
                0x0000ad68      0x16e C:\Users\warre\Repositories\RFID\Mob-Armor-RFID\thingmagic_mercuryAPI\thingmagic_mercuryAPI\Debug\libthingmagic_mercuryAPI.a(serial_reader_l3.o)
                0x0000ad68                TMR_SR_msgAddIdsSL900aGetLogState
 .text.TMR_SR_msgAddIdsSL900aSetLogMode
                0x0000aed6      0x2a8 C:\Users\warre\Repositories\RFID\Mob-Armor-RFID\thingmagic_mercuryAPI\thingmagic_mercuryAPI\Debug\libthingmagic_mercuryAPI.a(serial_reader_l3.o)
                0x0000aed6                TMR_SR_msgAddIdsSL900aSetLogMode
 .text.TMR_SR_msgAddIdsSL900aInitialize
                0x0000b17e      0x1da C:\Users\warre\Repositories\RFID\Mob-Armor-RFID\thingmagic_mercuryAPI\thingmagic_mercuryAPI\Debug\libthingmagic_mercuryAPI.a(serial_reader_l3.o)
                0x0000b17e                TMR_SR_msgAddIdsSL900aInitialize
 .text.TMR_SR_msgAddIdsSL900aEndLog
                0x0000b358      0x16e C:\Users\warre\Repositories\RFID\Mob-Armor-RFID\thingmagic_mercuryAPI\thingmagic_mercuryAPI\Debug\libthingmagic_mercuryAPI.a(serial_reader_l3.o)
                0x0000b358                TMR_SR_msgAddIdsSL900aEndLog
 .text.TMR_SR_msgAddIdsSL900aSetPassword
                0x0000b4c6      0x1ee C:\Users\warre\Repositories\RFID\Mob-Armor-RFID\thingmagic_mercuryAPI\thingmagic_mercuryAPI\Debug\libthingmagic_mercuryAPI.a(serial_reader_l3.o)
                0x0000b4c6                TMR_SR_msgAddIdsSL900aSetPassword
 .text.TMR_SR_msgAddIdsSL900aAccessFifoStatus
                0x0000b6b4      0x182 C:\Users\warre\Repositories\RFID\Mob-Armor-RFID\thingmagic_mercuryAPI\thingmagic_mercuryAPI\Debug\libthingmagic_mercuryAPI.a(serial_reader_l3.o)
                0x0000b6b4                TMR_SR_msgAddIdsSL900aAccessFifoStatus
 .text.TMR_SR_msgAddIdsSL900aAccessFifoRead
                0x0000b836      0x186 C:\Users\warre\Repositories\RFID\Mob-Armor-RFID\thingmagic_mercuryAPI\thingmagic_mercuryAPI\Debug\libthingmagic_mercuryAPI.a(serial_reader_l3.o)
                0x0000b836                TMR_SR_msgAddIdsSL900aAccessFifoRead
 .text.TMR_SR_msgAddIdsSL900aAccessFifoWrite
                0x0000b9bc      0x1aa C:\Users\warre\Repositories\RFID\Mob-Armor-RFID\thingmagic_mercuryAPI\thingmagic_mercuryAPI\Debug\libthingmagic_mercuryAPI.a(serial_reader_l3.o)
                0x0000b9bc                TMR_SR_msgAddIdsSL900aAccessFifoWrite
 .text.TMR_SR_msgAddIdsSL900aStartLog
                0x0000bb66      0x1da C:\Users\warre\Repositories\RFID\Mob-Armor-RFID\thingmagic_mercuryAPI\thingmagic_mercuryAPI\Debug\libthingmagic_mercuryAPI.a(serial_reader_l3.o)
                0x0000bb66                TMR_SR_msgAddIdsSL900aStartLog
 .text.TMR_SR_msgAddIdsSL900aGetCalibrationData
                0x0000bd40      0x16e C:\Users\warre\Repositories\RFID\Mob-Armor-RFID\thingmagic_mercuryAPI\thingmagic_mercuryAPI\Debug\libthingmagic_mercuryAPI.a(serial_reader_l3.o)
                0x0000bd40                TMR_SR_msgAddIdsSL900aGetCalibrationData
 .text.TMR_SR_msgAddIdsSL900aSetCalibrationData
                0x0000beae      0x26e C:\Users\warre\Repositories\RFID\Mob-Armor-RFID\thingmagic_mercuryAPI\thingmagic_mercuryAPI\Debug\libthingmagic_mercuryAPI.a(serial_reader_l3.o)
                0x0000beae                TMR_SR_msgAddIdsSL900aSetCalibrationData
 .text.TMR_SR_msgAddIdsSL900aSetSfeParameters
                0x0000c11c      0x1a2 C:\Users\warre\Repositories\RFID\Mob-Armor-RFID\thingmagic_mercuryAPI\thingmagic_mercuryAPI\Debug\libthingmagic_mercuryAPI.a(serial_reader_l3.o)
                0x0000c11c                TMR_SR_msgAddIdsSL900aSetSfeParameters
 .text.TMR_SR_msgAddIdsSL900aSetLogLimit
                0x0000c2be      0x2b0 C:\Users\warre\Repositories\RFID\Mob-Armor-RFID\thingmagic_mercuryAPI\thingmagic_mercuryAPI\Debug\libthingmagic_mercuryAPI.a(serial_reader_l3.o)
                0x0000c2be                TMR_SR_msgAddIdsSL900aSetLogLimit
 .text.TMR_SR_msgAddIAVDenatranCustomOp
                0x0000c56e      0x112 C:\Users\warre\Repositories\RFID\Mob-Armor-RFID\thingmagic_mercuryAPI\thingmagic_mercuryAPI\Debug\libthingmagic_mercuryAPI.a(serial_reader_l3.o)
                0x0000c56e                TMR_SR_msgAddIAVDenatranCustomOp
 .text.TMR_SR_msgAddIAVDenatranCustomReadFromMemMap
                0x0000c680       0x6a C:\Users\warre\Repositories\RFID\Mob-Armor-RFID\thingmagic_mercuryAPI\thingmagic_mercuryAPI\Debug\libthingmagic_mercuryAPI.a(serial_reader_l3.o)
                0x0000c680                TMR_SR_msgAddIAVDenatranCustomReadFromMemMap
 .text.TMR_SR_msgAddIAVDenatranCustomReadSec
                0x0000c6ea       0x6a C:\Users\warre\Repositories\RFID\Mob-Armor-RFID\thingmagic_mercuryAPI\thingmagic_mercuryAPI\Debug\libthingmagic_mercuryAPI.a(serial_reader_l3.o)
                0x0000c6ea                TMR_SR_msgAddIAVDenatranCustomReadSec
 .text.TMR_SR_msgAddIAVDenatranCustomActivateSiniavMode
                0x0000c754       0x6a C:\Users\warre\Repositories\RFID\Mob-Armor-RFID\thingmagic_mercuryAPI\thingmagic_mercuryAPI\Debug\libthingmagic_mercuryAPI.a(serial_reader_l3.o)
                0x0000c754                TMR_SR_msgAddIAVDenatranCustomActivateSiniavMode
 .text.TMR_SR_msgAddIAVDenatranCustomWriteToMemMap
                0x0000c7be       0xe6 C:\Users\warre\Repositories\RFID\Mob-Armor-RFID\thingmagic_mercuryAPI\thingmagic_mercuryAPI\Debug\libthingmagic_mercuryAPI.a(serial_reader_l3.o)
                0x0000c7be                TMR_SR_msgAddIAVDenatranCustomWriteToMemMap
 .text.TMR_SR_msgAddIAVDenatranCustomGetTokenId
                0x0000c8a4       0xea C:\Users\warre\Repositories\RFID\Mob-Armor-RFID\thingmagic_mercuryAPI\thingmagic_mercuryAPI\Debug\libthingmagic_mercuryAPI.a(serial_reader_l3.o)
                0x0000c8a4                TMR_SR_msgAddIAVDenatranCustomGetTokenId
 .text.TMR_SR_msgAddIAVDenatranCustomWriteSec
                0x0000c98e       0x96 C:\Users\warre\Repositories\RFID\Mob-Armor-RFID\thingmagic_mercuryAPI\thingmagic_mercuryAPI\Debug\libthingmagic_mercuryAPI.a(serial_reader_l3.o)
                0x0000c98e                TMR_SR_msgAddIAVDenatranCustomWriteSec
 .text.TMR_SR_cmdGetReaderStatistics
                0x0000ca24      0x266 C:\Users\warre\Repositories\RFID\Mob-Armor-RFID\thingmagic_mercuryAPI\thingmagic_mercuryAPI\Debug\libthingmagic_mercuryAPI.a(serial_reader_l3.o)
                0x0000ca24                TMR_SR_cmdGetReaderStatistics
 .text.TMR_SR_cmdResetReaderStatistics
                0x0000cc8a       0x4c C:\Users\warre\Repositories\RFID\Mob-Armor-RFID\thingmagic_mercuryAPI\thingmagic_mercuryAPI\Debug\libthingmagic_mercuryAPI.a(serial_reader_l3.o)
                0x0000cc8a                TMR_SR_cmdResetReaderStatistics
 .text.TMR_fillReaderStats
                0x0000ccd6      0x330 C:\Users\warre\Repositories\RFID\Mob-Armor-RFID\thingmagic_mercuryAPI\thingmagic_mercuryAPI\Debug\libthingmagic_mercuryAPI.a(serial_reader_l3.o)
                0x0000ccd6                TMR_fillReaderStats
 .text.TMR_SR_cmdGetReaderStats
                0x0000d006      0x2ce C:\Users\warre\Repositories\RFID\Mob-Armor-RFID\thingmagic_mercuryAPI\thingmagic_mercuryAPI\Debug\libthingmagic_mercuryAPI.a(serial_reader_l3.o)
                0x0000d006                TMR_SR_cmdGetReaderStats
 .text.TMR_SR_cmdResetReaderStats
                0x0000d2d4       0x74 C:\Users\warre\Repositories\RFID\Mob-Armor-RFID\thingmagic_mercuryAPI\thingmagic_mercuryAPI\Debug\libthingmagic_mercuryAPI.a(serial_reader_l3.o)
                0x0000d2d4                TMR_SR_cmdResetReaderStats
 .text.TMR_SR_cmdStopReading
                0x0000d348       0x70 C:\Users\warre\Repositories\RFID\Mob-Armor-RFID\thingmagic_mercuryAPI\thingmagic_mercuryAPI\Debug\libthingmagic_mercuryAPI.a(serial_reader_l3.o)
                0x0000d348                TMR_SR_cmdStopReading
 .text.TMR_SR_cmdGetReaderWriteTimeOut
                0x0000d3b8       0x76 C:\Users\warre\Repositories\RFID\Mob-Armor-RFID\thingmagic_mercuryAPI\thingmagic_mercuryAPI\Debug\libthingmagic_mercuryAPI.a(serial_reader_l3.o)
                0x0000d3b8                TMR_SR_cmdGetReaderWriteTimeOut
 .text.TMR_SR_cmdSetReaderWriteTimeOut
                0x0000d42e       0x4c C:\Users\warre\Repositories\RFID\Mob-Armor-RFID\thingmagic_mercuryAPI\thingmagic_mercuryAPI\Debug\libthingmagic_mercuryAPI.a(serial_reader_l3.o)
                0x0000d42e                TMR_SR_cmdSetReaderWriteTimeOut
 .text.TMR_SR_SerialTransportNativeInit
                0x0000d47a        0x8 C:\Users\warre\Repositories\RFID\Mob-Armor-RFID\thingmagic_mercuryAPI\thingmagic_mercuryAPI\Debug\libthingmagic_mercuryAPI.a(serial_transport_dummy.o)
                0x0000d47a                TMR_SR_SerialTransportNativeInit
 .text.tm_memcpy
                0x0000d482       0x20 C:\Users\warre\Repositories\RFID\Mob-Armor-RFID\thingmagic_mercuryAPI\thingmagic_mercuryAPI\Debug\libthingmagic_mercuryAPI.a(tmr_utils.o)
                0x0000d482                tm_memcpy
 .text.tm_strcpy
                0x0000d4a2       0x10 C:\Users\warre\Repositories\RFID\Mob-Armor-RFID\thingmagic_mercuryAPI\thingmagic_mercuryAPI\Debug\libthingmagic_mercuryAPI.a(tmr_utils.o)
                0x0000d4a2                tm_strcpy
 .text.tm_u8s_per_bits
                0x0000d4b2       0x1e C:\Users\warre\Repositories\RFID\Mob-Armor-RFID\thingmagic_mercuryAPI\thingmagic_mercuryAPI\Debug\libthingmagic_mercuryAPI.a(tmr_utils.o)
                0x0000d4b2                tm_u8s_per_bits
 .text.TMR_stringCopy
                0x0000d4d0       0x46 C:\Users\warre\Repositories\RFID\Mob-Armor-RFID\thingmagic_mercuryAPI\thingmagic_mercuryAPI\Debug\libthingmagic_mercuryAPI.a(tmr_utils.o)
                0x0000d4d0                TMR_stringCopy
 .text.TMR_hexDottedQuad
                0x0000d516       0x4c C:\Users\warre\Repositories\RFID\Mob-Armor-RFID\thingmagic_mercuryAPI\thingmagic_mercuryAPI\Debug\libthingmagic_mercuryAPI.a(hex_bytes.o)
                0x0000d516                TMR_hexDottedQuad
 .text.__vector_1
                0x0000d562       0x52 C:\Users\warre\Repositories\RFID\ATMEGA328p_HAL\HAL_Dev\Debug\libHAL_Dev.a(isr.o)
                0x0000d562                __vector_1
 .text.__vector_2
                0x0000d5b4       0x52 C:\Users\warre\Repositories\RFID\ATMEGA328p_HAL\HAL_Dev\Debug\libHAL_Dev.a(isr.o)
                0x0000d5b4                __vector_2
 .text.__vector_3
                0x0000d606       0x52 C:\Users\warre\Repositories\RFID\ATMEGA328p_HAL\HAL_Dev\Debug\libHAL_Dev.a(isr.o)
                0x0000d606                __vector_3
 .text.__vector_4
                0x0000d658       0x52 C:\Users\warre\Repositories\RFID\ATMEGA328p_HAL\HAL_Dev\Debug\libHAL_Dev.a(isr.o)
                0x0000d658                __vector_4
 .text.__vector_5
                0x0000d6aa       0x52 C:\Users\warre\Repositories\RFID\ATMEGA328p_HAL\HAL_Dev\Debug\libHAL_Dev.a(isr.o)
                0x0000d6aa                __vector_5
 .text.__vector_6
                0x0000d6fc       0x52 C:\Users\warre\Repositories\RFID\ATMEGA328p_HAL\HAL_Dev\Debug\libHAL_Dev.a(isr.o)
                0x0000d6fc                __vector_6
 .text.__vector_7
                0x0000d74e       0x52 C:\Users\warre\Repositories\RFID\ATMEGA328p_HAL\HAL_Dev\Debug\libHAL_Dev.a(isr.o)
                0x0000d74e                __vector_7
 .text.__vector_8
                0x0000d7a0       0x52 C:\Users\warre\Repositories\RFID\ATMEGA328p_HAL\HAL_Dev\Debug\libHAL_Dev.a(isr.o)
                0x0000d7a0                __vector_8
 .text.__vector_9
                0x0000d7f2       0x52 C:\Users\warre\Repositories\RFID\ATMEGA328p_HAL\HAL_Dev\Debug\libHAL_Dev.a(isr.o)
                0x0000d7f2                __vector_9
 .text.__vector_10
                0x0000d844       0x52 C:\Users\warre\Repositories\RFID\ATMEGA328p_HAL\HAL_Dev\Debug\libHAL_Dev.a(isr.o)
                0x0000d844                __vector_10
 .text.__vector_11
                0x0000d896       0x52 C:\Users\warre\Repositories\RFID\ATMEGA328p_HAL\HAL_Dev\Debug\libHAL_Dev.a(isr.o)
                0x0000d896                __vector_11
 .text.__vector_12
                0x0000d8e8       0x52 C:\Users\warre\Repositories\RFID\ATMEGA328p_HAL\HAL_Dev\Debug\libHAL_Dev.a(isr.o)
                0x0000d8e8                __vector_12
 .text.__vector_13
                0x0000d93a       0x52 C:\Users\warre\Repositories\RFID\ATMEGA328p_HAL\HAL_Dev\Debug\libHAL_Dev.a(isr.o)
                0x0000d93a                __vector_13
 .text.__vector_14
                0x0000d98c       0x52 C:\Users\warre\Repositories\RFID\ATMEGA328p_HAL\HAL_Dev\Debug\libHAL_Dev.a(isr.o)
                0x0000d98c                __vector_14
 .text.__vector_15
                0x0000d9de       0x52 C:\Users\warre\Repositories\RFID\ATMEGA328p_HAL\HAL_Dev\Debug\libHAL_Dev.a(isr.o)
                0x0000d9de                __vector_15
 .text.__vector_16
                0x0000da30       0x52 C:\Users\warre\Repositories\RFID\ATMEGA328p_HAL\HAL_Dev\Debug\libHAL_Dev.a(isr.o)
                0x0000da30                __vector_16
 .text.__vector_17
                0x0000da82       0x52 C:\Users\warre\Repositories\RFID\ATMEGA328p_HAL\HAL_Dev\Debug\libHAL_Dev.a(isr.o)
                0x0000da82                __vector_17
 .text.__vector_18
                0x0000dad4       0x52 C:\Users\warre\Repositories\RFID\ATMEGA328p_HAL\HAL_Dev\Debug\libHAL_Dev.a(isr.o)
                0x0000dad4                __vector_18
 .text.__vector_19
                0x0000db26       0x52 C:\Users\warre\Repositories\RFID\ATMEGA328p_HAL\HAL_Dev\Debug\libHAL_Dev.a(isr.o)
                0x0000db26                __vector_19
 .text.__vector_20
                0x0000db78       0x52 C:\Users\warre\Repositories\RFID\ATMEGA328p_HAL\HAL_Dev\Debug\libHAL_Dev.a(isr.o)
                0x0000db78                __vector_20
 .text.__vector_21
                0x0000dbca       0x52 C:\Users\warre\Repositories\RFID\ATMEGA328p_HAL\HAL_Dev\Debug\libHAL_Dev.a(isr.o)
                0x0000dbca                __vector_21
 .text.__vector_22
                0x0000dc1c       0x52 C:\Users\warre\Repositories\RFID\ATMEGA328p_HAL\HAL_Dev\Debug\libHAL_Dev.a(isr.o)
                0x0000dc1c                __vector_22
 .text.__vector_23
                0x0000dc6e       0x52 C:\Users\warre\Repositories\RFID\ATMEGA328p_HAL\HAL_Dev\Debug\libHAL_Dev.a(isr.o)
                0x0000dc6e                __vector_23
 .text.isr_isHandlerTableInit
                0x0000dcc0        0x6 C:\Users\warre\Repositories\RFID\ATMEGA328p_HAL\HAL_Dev\Debug\libHAL_Dev.a(isr.o)
                0x0000dcc0                isr_isHandlerTableInit
 .text.isr_initHandlerTable
                0x0000dcc6       0x22 C:\Users\warre\Repositories\RFID\ATMEGA328p_HAL\HAL_Dev\Debug\libHAL_Dev.a(isr.o)
                0x0000dcc6                isr_initHandlerTable
 .text.isr_registerHandlerFunc
                0x0000dce8       0x1c C:\Users\warre\Repositories\RFID\ATMEGA328p_HAL\HAL_Dev\Debug\libHAL_Dev.a(isr.o)
                0x0000dce8                isr_registerHandlerFunc
 .text.timer_getPreScalerBits
                0x0000dd04       0x5e C:\Users\warre\Repositories\RFID\ATMEGA328p_HAL\HAL_Dev\Debug\libHAL_Dev.a(timer.o)
                0x0000dd04                timer_getPreScalerBits
 .text.timer_calcPreScalerAndCntr
                0x0000dd62      0x286 C:\Users\warre\Repositories\RFID\ATMEGA328p_HAL\HAL_Dev\Debug\libHAL_Dev.a(timer.o)
                0x0000dd62                timer_calcPreScalerAndCntr
 .text.timer_calcCntrForEXTClk
                0x0000dfe8       0x9e C:\Users\warre\Repositories\RFID\ATMEGA328p_HAL\HAL_Dev\Debug\libHAL_Dev.a(timer.o)
                0x0000dfe8                timer_calcCntrForEXTClk
 .text.timer_enableInterruptSrc
                0x0000e086       0x4a C:\Users\warre\Repositories\RFID\ATMEGA328p_HAL\HAL_Dev\Debug\libHAL_Dev.a(timer.o)
                0x0000e086                timer_enableInterruptSrc
 .text.timer_configureInCTCMode
                0x0000e0d0      0x228 C:\Users\warre\Repositories\RFID\ATMEGA328p_HAL\HAL_Dev\Debug\libHAL_Dev.a(timer.o)
                0x0000e0d0                timer_configureInCTCMode
 .text.core_disableGlobalInt
                0x0000e2f8        0x8 C:\Users\warre\Repositories\RFID\ATMEGA328p_HAL\HAL_Dev\Debug\libHAL_Dev.a(core.o)
                0x0000e2f8                core_disableGlobalInt
 .text.core_enableGlobalInt
                0x0000e300       0x16 C:\Users\warre\Repositories\RFID\ATMEGA328p_HAL\HAL_Dev\Debug\libHAL_Dev.a(core.o)
                0x0000e300                core_enableGlobalInt
 .text.core_enterBlockingTransaction
                0x0000e316       0x20 C:\Users\warre\Repositories\RFID\ATMEGA328p_HAL\HAL_Dev\Debug\libHAL_Dev.a(core.o)
                0x0000e316                core_enterBlockingTransaction
 .text.core_exitBlockingTransaction
                0x0000e336       0x1a C:\Users\warre\Repositories\RFID\ATMEGA328p_HAL\HAL_Dev\Debug\libHAL_Dev.a(core.o)
                0x0000e336                core_exitBlockingTransaction
 .text.core_atomic16BitSFRWrite
                0x0000e350       0x30 C:\Users\warre\Repositories\RFID\ATMEGA328p_HAL\HAL_Dev\Debug\libHAL_Dev.a(core.o)
                0x0000e350                core_atomic16BitSFRWrite
 .text.libgcc.mul
                0x0000e380       0x20 c:/program files (x86)/atmel/studio/7.0/toolchain/avr8/avr8-gnu-toolchain/bin/../lib/gcc/avr/5.4.0/avr5\libgcc.a(_mulsi3.o)
                0x0000e380                __mulsi3
 .text.libgcc.div
                0x0000e3a0       0x28 c:/program files (x86)/atmel/studio/7.0/toolchain/avr8/avr8-gnu-toolchain/bin/../lib/gcc/avr/5.4.0/avr5\libgcc.a(_udivmodhi4.o)
                0x0000e3a0                __udivmodhi4
 .text.libgcc.div
                0x0000e3c8       0x28 c:/program files (x86)/atmel/studio/7.0/toolchain/avr8/avr8-gnu-toolchain/bin/../lib/gcc/avr/5.4.0/avr5\libgcc.a(_divmodhi4.o)
                0x0000e3c8                _div
                0x0000e3c8                __divmodhi4
 .text.libgcc.div
                0x0000e3f0       0x44 c:/program files (x86)/atmel/studio/7.0/toolchain/avr8/avr8-gnu-toolchain/bin/../lib/gcc/avr/5.4.0/avr5\libgcc.a(_udivmodsi4.o)
                0x0000e3f0                __udivmodsi4
 .text.libgcc   0x0000e434        0xc c:/program files (x86)/atmel/studio/7.0/toolchain/avr8/avr8-gnu-toolchain/bin/../lib/gcc/avr/5.4.0/avr5\libgcc.a(_tablejump2.o)
                0x0000e434                __tablejump2__
 .text.libgcc.mul
                0x0000e440       0x16 c:/program files (x86)/atmel/studio/7.0/toolchain/avr8/avr8-gnu-toolchain/bin/../lib/gcc/avr/5.4.0/avr5\libgcc.a(_muluhisi3.o)
                0x0000e440                __muluhisi3
 .text.libgcc.builtins
                0x0000e456       0x32 c:/program files (x86)/atmel/studio/7.0/toolchain/avr8/avr8-gnu-toolchain/bin/../lib/gcc/avr/5.4.0/avr5\libgcc.a(_ashldi3.o)
                0x0000e456                __ashldi3
 .text.libgcc.builtins
                0x0000e488       0x3c c:/program files (x86)/atmel/studio/7.0/toolchain/avr8/avr8-gnu-toolchain/bin/../lib/gcc/avr/5.4.0/avr5\libgcc.a(_ashrdi3.o)
                0x0000e488                __ashrdi3
                0x0000e48c                __lshrdi3
 .text.libgcc   0x0000e4c4       0x18 c:/program files (x86)/atmel/studio/7.0/toolchain/avr8/avr8-gnu-toolchain/bin/../lib/gcc/avr/5.4.0/avr5\libgcc.a(_adddi3_s8.o)
                0x0000e4c4                __adddi3_s8
 .text.libgcc.mul
                0x0000e4dc       0x1e c:/program files (x86)/atmel/studio/7.0/toolchain/avr8/avr8-gnu-toolchain/bin/../lib/gcc/avr/5.4.0/avr5\libgcc.a(_umulhisi3.o)
                0x0000e4dc                __umulhisi3
 .text.avr-libc.fplib
                0x0000e4fa        0xe c:/program files (x86)/atmel/studio/7.0/toolchain/avr8/avr8-gnu-toolchain/bin/../lib/gcc/avr/5.4.0/../../../../avr/lib/avr5\libm.a(addsf3.o)
                0x0000e4fa                __subsf3
                0x0000e4fc                __addsf3
 .text.avr-libc.fplib
                0x0000e508       0xcc c:/program files (x86)/atmel/studio/7.0/toolchain/avr8/avr8-gnu-toolchain/bin/../lib/gcc/avr/5.4.0/../../../../avr/lib/avr5\libm.a(addsf3x.o)
                0x0000e52a                __addsf3x
 .text.avr-libc.fplib
                0x0000e5d4        0x8 c:/program files (x86)/atmel/studio/7.0/toolchain/avr8/avr8-gnu-toolchain/bin/../lib/gcc/avr/5.4.0/../../../../avr/lib/avr5\libm.a(divsf3.o)
                0x0000e5d4                __divsf3
 .text.avr-libc.fplib
                0x0000e5dc       0xdc c:/program files (x86)/atmel/studio/7.0/toolchain/avr8/avr8-gnu-toolchain/bin/../lib/gcc/avr/5.4.0/../../../../avr/lib/avr5\libm.a(divsf3x.o)
                0x0000e5fc                __divsf3x
                0x0000e602                __divsf3_pse
 .text.avr-libc.fplib
                0x0000e6b8       0x5e c:/program files (x86)/atmel/studio/7.0/toolchain/avr8/avr8-gnu-toolchain/bin/../lib/gcc/avr/5.4.0/../../../../avr/lib/avr5\libm.a(fixunssfsi.o)
                0x0000e6b8                __fixunssfsi
 .text.avr-libc.fplib
                0x0000e716       0x7a c:/program files (x86)/atmel/studio/7.0/toolchain/avr8/avr8-gnu-toolchain/bin/../lib/gcc/avr/5.4.0/../../../../avr/lib/avr5\libm.a(floatsisf.o)
                0x0000e716                __floatunsisf
                0x0000e71a                __floatsisf
 .text.avr-libc.fplib
                0x0000e790        0xc c:/program files (x86)/atmel/studio/7.0/toolchain/avr8/avr8-gnu-toolchain/bin/../lib/gcc/avr/5.4.0/../../../../avr/lib/avr5\libm.a(fp_inf.o)
                0x0000e790                __fp_inf
 .text.avr-libc.fplib
                0x0000e79c        0x6 c:/program files (x86)/atmel/studio/7.0/toolchain/avr8/avr8-gnu-toolchain/bin/../lib/gcc/avr/5.4.0/../../../../avr/lib/avr5\libm.a(fp_nan.o)
                0x0000e79c                __fp_nan
 .text.avr-libc.fplib
                0x0000e7a2        0xe c:/program files (x86)/atmel/studio/7.0/toolchain/avr8/avr8-gnu-toolchain/bin/../lib/gcc/avr/5.4.0/../../../../avr/lib/avr5\libm.a(fp_pscA.o)
                0x0000e7a2                __fp_pscA
 .text.avr-libc.fplib
                0x0000e7b0        0xe c:/program files (x86)/atmel/studio/7.0/toolchain/avr8/avr8-gnu-toolchain/bin/../lib/gcc/avr/5.4.0/../../../../avr/lib/avr5\libm.a(fp_pscB.o)
                0x0000e7b0                __fp_pscB
 .text.avr-libc.fplib
                0x0000e7be       0x22 c:/program files (x86)/atmel/studio/7.0/toolchain/avr8/avr8-gnu-toolchain/bin/../lib/gcc/avr/5.4.0/../../../../avr/lib/avr5\libm.a(fp_round.o)
                0x0000e7be                __fp_round
 .text.avr-libc.fplib
                0x0000e7e0       0x44 c:/program files (x86)/atmel/studio/7.0/toolchain/avr8/avr8-gnu-toolchain/bin/../lib/gcc/avr/5.4.0/../../../../avr/lib/avr5\libm.a(fp_split3.o)
                0x0000e7e0                __fp_split3
                0x0000e7f0                __fp_splitA
 .text.avr-libc.fplib
                0x0000e824        0xe c:/program files (x86)/atmel/studio/7.0/toolchain/avr8/avr8-gnu-toolchain/bin/../lib/gcc/avr/5.4.0/../../../../avr/lib/avr5\libm.a(fp_zero.o)
                0x0000e824                __fp_zero
                0x0000e826                __fp_szero
 .text.avr-libc.fplib
                0x0000e832        0xa c:/program files (x86)/atmel/studio/7.0/toolchain/avr8/avr8-gnu-toolchain/bin/../lib/gcc/avr/5.4.0/../../../../avr/lib/avr5\libm.a(gesf2.o)
                0x0000e832                __gesf2
                0x0000e832                __gtsf2
 .text.avr-libc.fplib
                0x0000e83c        0x8 c:/program files (x86)/atmel/studio/7.0/toolchain/avr8/avr8-gnu-toolchain/bin/../lib/gcc/avr/5.4.0/../../../../avr/lib/avr5\libm.a(mulsf3.o)
                0x0000e83c                __mulsf3
 .text.avr-libc.fplib
                0x0000e844       0xd2 c:/program files (x86)/atmel/studio/7.0/toolchain/avr8/avr8-gnu-toolchain/bin/../lib/gcc/avr/5.4.0/../../../../avr/lib/avr5\libm.a(mulsf3x.o)
                0x0000e862                __mulsf3x
                0x0000e868                __mulsf3_pse
 .text.avr-libc.fplib
                0x0000e916       0x48 c:/program files (x86)/atmel/studio/7.0/toolchain/avr8/avr8-gnu-toolchain/bin/../lib/gcc/avr/5.4.0/../../../../avr/lib/avr5\libm.a(fp_cmp.o)
                0x0000e916                __fp_cmp
 .text.avr-libc
                0x0000e95e        0xa c:/program files (x86)/atmel/studio/7.0/toolchain/avr8/avr8-gnu-toolchain/bin/../lib/gcc/avr/5.4.0/../../../../avr/lib/avr5\libc.a(strtok.o)
                0x0000e95e                strtok
 .text.avr-libc
                0x0000e968       0x12 c:/program files (x86)/atmel/studio/7.0/toolchain/avr8/avr8-gnu-toolchain/bin/../lib/gcc/avr/5.4.0/../../../../avr/lib/avr5\libc.a(memcpy.o)
                0x0000e968                memcpy
 .text.avr-libc
                0x0000e97a       0x24 c:/program files (x86)/atmel/studio/7.0/toolchain/avr8/avr8-gnu-toolchain/bin/../lib/gcc/avr/5.4.0/../../../../avr/lib/avr5\libc.a(memmove.o)
                0x0000e97a                memmove
 .text.avr-libc
                0x0000e99e       0x12 c:/program files (x86)/atmel/studio/7.0/toolchain/avr8/avr8-gnu-toolchain/bin/../lib/gcc/avr/5.4.0/../../../../avr/lib/avr5\libc.a(strcmp.o)
                0x0000e99e                strcmp
 .text.avr-libc
                0x0000e9b0       0x1c c:/program files (x86)/atmel/studio/7.0/toolchain/avr8/avr8-gnu-toolchain/bin/../lib/gcc/avr/5.4.0/../../../../avr/lib/avr5\libc.a(strncmp.o)
                0x0000e9b0                strncmp
 .text.avr-libc
                0x0000e9cc       0x1e c:/program files (x86)/atmel/studio/7.0/toolchain/avr8/avr8-gnu-toolchain/bin/../lib/gcc/avr/5.4.0/../../../../avr/lib/avr5\libc.a(strncpy.o)
                0x0000e9cc                strncpy
 .text.avr-libc
                0x0000e9ea       0x4e c:/program files (x86)/atmel/studio/7.0/toolchain/avr8/avr8-gnu-toolchain/bin/../lib/gcc/avr/5.4.0/../../../../avr/lib/avr5\libc.a(strtok_r.o)
                0x0000e9ea                strtok_r
 .text.avr-libc
                0x0000ea38       0x44 c:/program files (x86)/atmel/studio/7.0/toolchain/avr8/avr8-gnu-toolchain/bin/../lib/gcc/avr/5.4.0/../../../../avr/lib/avr5\libc.a(sprintf.o)
                0x0000ea38                sprintf
 .text.avr-libc
                0x0000ea7c      0x3c2 c:/program files (x86)/atmel/studio/7.0/toolchain/avr8/avr8-gnu-toolchain/bin/../lib/gcc/avr/5.4.0/../../../../avr/lib/avr5\libc.a(vfprintf_std.o)
                0x0000ea7c                vfprintf
 .text.avr-libc
                0x0000ee3e       0x16 c:/program files (x86)/atmel/studio/7.0/toolchain/avr8/avr8-gnu-toolchain/bin/../lib/gcc/avr/5.4.0/../../../../avr/lib/avr5\libc.a(strnlen_P.o)
                0x0000ee3e                strnlen_P
 .text.avr-libc
                0x0000ee54       0x16 c:/program files (x86)/atmel/studio/7.0/toolchain/avr8/avr8-gnu-toolchain/bin/../lib/gcc/avr/5.4.0/../../../../avr/lib/avr5\libc.a(strnlen.o)
                0x0000ee54                strnlen
 .text.avr-libc
                0x0000ee6a       0x78 c:/program files (x86)/atmel/studio/7.0/toolchain/avr8/avr8-gnu-toolchain/bin/../lib/gcc/avr/5.4.0/../../../../avr/lib/avr5\libc.a(fputc.o)
                0x0000ee6a                fputc
 .text.avr-libc
                0x0000eee2       0xbc c:/program files (x86)/atmel/studio/7.0/toolchain/avr8/avr8-gnu-toolchain/bin/../lib/gcc/avr/5.4.0/../../../../avr/lib/avr5\libc.a(ultoa_invert.o)
                0x0000eee2                __ultoa_invert
 .text.libgcc.prologue
                0x0000ef9e       0x38 c:/program files (x86)/atmel/studio/7.0/toolchain/avr8/avr8-gnu-toolchain/bin/../lib/gcc/avr/5.4.0/avr5\libgcc.a(_prologue.o)
                0x0000ef9e                __prologue_saves__
 .text.libgcc.prologue
                0x0000efd6       0x36 c:/program files (x86)/atmel/studio/7.0/toolchain/avr8/avr8-gnu-toolchain/bin/../lib/gcc/avr/5.4.0/avr5\libgcc.a(_epilogue.o)
                0x0000efd6                __epilogue_restores__
                0x0000f00c                . = ALIGN (0x2)
 *(.fini9)
 .fini9         0x0000f00c        0x0 c:/program files (x86)/atmel/studio/7.0/toolchain/avr8/avr8-gnu-toolchain/bin/../lib/gcc/avr/5.4.0/avr5\libgcc.a(_exit.o)
                0x0000f00c                _exit
                0x0000f00c                exit
 *(.fini9)
 *(.fini8)
 *(.fini8)
 *(.fini7)
 *(.fini7)
 *(.fini6)
 *(.fini6)
 *(.fini5)
 *(.fini5)
 *(.fini4)
 *(.fini4)
 *(.fini3)
 *(.fini3)
 *(.fini2)
 *(.fini2)
 *(.fini1)
 *(.fini1)
 *(.fini0)
 .fini0         0x0000f00c        0x4 c:/program files (x86)/atmel/studio/7.0/toolchain/avr8/avr8-gnu-toolchain/bin/../lib/gcc/avr/5.4.0/avr5\libgcc.a(_exit.o)
 *(.fini0)
                0x0000f010                _etext = .

.data           0x00800100      0x170 load address 0x0000f010
                0x00800100                PROVIDE (__data_start, .)
 *(.data)
 *(.data*)
 *(.rodata)
 .rodata        0x00800100       0x29 C:\Users\warre\Repositories\RFID\Mob-Armor-RFID\thingmagic_mercuryAPI\thingmagic_mercuryAPI\Debug\libthingmagic_mercuryAPI.a(serial_reader.o)
 .rodata        0x00800129       0x10 C:\Users\warre\Repositories\RFID\Mob-Armor-RFID\thingmagic_mercuryAPI\thingmagic_mercuryAPI\Debug\libthingmagic_mercuryAPI.a(serial_reader_l3.o)
 *(.rodata*)
 .rodata.str1.1
                0x00800139        0xd main.o
 .rodata.str1.1
                0x00800146       0x27 C:\Users\warre\Repositories\RFID\Mob-Armor-RFID\thingmagic_mercuryAPI\thingmagic_mercuryAPI\Debug\libthingmagic_mercuryAPI.a(tm_reader.o)
 .rodata.str1.1
                0x0080016d       0xac C:\Users\warre\Repositories\RFID\Mob-Armor-RFID\thingmagic_mercuryAPI\thingmagic_mercuryAPI\Debug\libthingmagic_mercuryAPI.a(serial_reader.o)
 .rodata.str1.1
                0x00800219       0x26 C:\Users\warre\Repositories\RFID\Mob-Armor-RFID\thingmagic_mercuryAPI\thingmagic_mercuryAPI\Debug\libthingmagic_mercuryAPI.a(serial_reader_l3.o)
 .rodata.crctable
                0x0080023f       0x20 C:\Users\warre\Repositories\RFID\Mob-Armor-RFID\thingmagic_mercuryAPI\thingmagic_mercuryAPI\Debug\libthingmagic_mercuryAPI.a(serial_reader_l3.o)
 .rodata.hexchars
                0x0080025f       0x11 C:\Users\warre\Repositories\RFID\Mob-Armor-RFID\thingmagic_mercuryAPI\thingmagic_mercuryAPI\Debug\libthingmagic_mercuryAPI.a(hex_bytes.o)
 *(.gnu.linkonce.d*)
                0x00800270                . = ALIGN (0x2)
                0x00800270                _edata = .
                0x00800270                PROVIDE (__data_end, .)

.bss            0x00800270      0x258
                0x00800270                PROVIDE (__bss_start, .)
 *(.bss)
 .bss           0x00800270        0x2 c:/program files (x86)/atmel/studio/7.0/toolchain/avr8/avr8-gnu-toolchain/bin/../lib/gcc/avr/5.4.0/../../../../avr/lib/avr5\libc.a(strtok.o)
 *(.bss*)
 .bss.gSysUpTimeInMillis
                0x00800272        0x8 C:\Users\warre\Repositories\RFID\Mob-Armor-RFID\thingmagic_mercuryAPI\thingmagic_mercuryAPI\Debug\libthingmagic_mercuryAPI.a(osDepStub.o)
 .bss.tdTable   0x0080027a        0x4 C:\Users\warre\Repositories\RFID\Mob-Armor-RFID\thingmagic_mercuryAPI\thingmagic_mercuryAPI\Debug\libthingmagic_mercuryAPI.a(tm_reader.o)
 .bss.tdTableData
                0x0080027e      0x208 C:\Users\warre\Repositories\RFID\Mob-Armor-RFID\thingmagic_mercuryAPI\thingmagic_mercuryAPI\Debug\libthingmagic_mercuryAPI.a(tm_reader.o)
 .bss.transportTableInitialized
                0x00800486        0x1 C:\Users\warre\Repositories\RFID\Mob-Armor-RFID\thingmagic_mercuryAPI\thingmagic_mercuryAPI\Debug\libthingmagic_mercuryAPI.a(tm_reader.o)
 .bss.gHandlerTableIsInit
                0x00800487        0x1 C:\Users\warre\Repositories\RFID\ATMEGA328p_HAL\HAL_Dev\Debug\libHAL_Dev.a(isr.o)
 .bss.isrHandlerArray
                0x00800488       0x30 C:\Users\warre\Repositories\RFID\ATMEGA328p_HAL\HAL_Dev\Debug\libHAL_Dev.a(isr.o)
 .bss.gExtClkFreq2
                0x008004b8        0x4 C:\Users\warre\Repositories\RFID\ATMEGA328p_HAL\HAL_Dev\Debug\libHAL_Dev.a(timer.o)
 .bss.gExtClkFreq1
                0x008004bc        0x4 C:\Users\warre\Repositories\RFID\ATMEGA328p_HAL\HAL_Dev\Debug\libHAL_Dev.a(timer.o)
 .bss.gExtClkFreq0
                0x008004c0        0x4 C:\Users\warre\Repositories\RFID\ATMEGA328p_HAL\HAL_Dev\Debug\libHAL_Dev.a(timer.o)
 .bss.gNestedBlockingTransacDepth
                0x008004c4        0x1 C:\Users\warre\Repositories\RFID\ATMEGA328p_HAL\HAL_Dev\Debug\libHAL_Dev.a(core.o)
 .bss.gReEnableGlobalInts
                0x008004c5        0x1 C:\Users\warre\Repositories\RFID\ATMEGA328p_HAL\HAL_Dev\Debug\libHAL_Dev.a(core.o)
 .bss.gGlobalIntsEn
                0x008004c6        0x1 C:\Users\warre\Repositories\RFID\ATMEGA328p_HAL\HAL_Dev\Debug\libHAL_Dev.a(core.o)
 *(COMMON)
 COMMON         0x008004c7        0x1 C:\Users\warre\Repositories\RFID\Mob-Armor-RFID\thingmagic_mercuryAPI\thingmagic_mercuryAPI\Debug\libthingmagic_mercuryAPI.a(tm_reader.o)
                0x008004c7                isSecureAccessEnabled
                0x008004c8                PROVIDE (__bss_end, .)
                0x0000f010                __data_load_start = LOADADDR (.data)
                0x0000f180                __data_load_end = (__data_load_start + SIZEOF (.data))

.noinit         0x008004c8        0x0
                [!provide]                PROVIDE (__noinit_start, .)
 *(.noinit*)
                [!provide]                PROVIDE (__noinit_end, .)
                0x008004c8                _end = .
                0x008004c8                PROVIDE (__heap_start, .)

.eeprom         0x00810000        0x0
 *(.eeprom*)
                0x00810000                __eeprom_end = .

.fuse
 *(.fuse)
 *(.lfuse)
 *(.hfuse)
 *(.efuse)

.lock
 *(.lock*)

.signature
 *(.signature*)

.user_signatures
 *(.user_signatures*)

.stab
 *(.stab)

.stabstr
 *(.stabstr)

.stab.excl
 *(.stab.excl)

.stab.exclstr
 *(.stab.exclstr)

.stab.index
 *(.stab.index)

.stab.indexstr
 *(.stab.indexstr)

.comment        0x00000000       0x5c
 *(.comment)
 .comment       0x00000000       0x30 main.o
                                 0x31 (size before relaxing)
 .comment       0x00000030       0x31 C:\Users\warre\Repositories\RFID\Mob-Armor-RFID\thingmagic_mercuryAPI\thingmagic_mercuryAPI\Debug\libthingmagic_mercuryAPI.a(osDepStub.o)
 .comment       0x00000030       0x31 C:\Users\warre\Repositories\RFID\Mob-Armor-RFID\thingmagic_mercuryAPI\thingmagic_mercuryAPI\Debug\libthingmagic_mercuryAPI.a(tm_reader.o)
 .comment       0x00000030       0x31 C:\Users\warre\Repositories\RFID\Mob-Armor-RFID\thingmagic_mercuryAPI\thingmagic_mercuryAPI\Debug\libthingmagic_mercuryAPI.a(serial_reader.o)
 .comment       0x00000030       0x31 C:\Users\warre\Repositories\RFID\Mob-Armor-RFID\thingmagic_mercuryAPI\thingmagic_mercuryAPI\Debug\libthingmagic_mercuryAPI.a(serial_reader_l3.o)
 .comment       0x00000030       0x31 C:\Users\warre\Repositories\RFID\Mob-Armor-RFID\thingmagic_mercuryAPI\thingmagic_mercuryAPI\Debug\libthingmagic_mercuryAPI.a(serial_transport_dummy.o)
 .comment       0x00000030       0x31 C:\Users\warre\Repositories\RFID\Mob-Armor-RFID\thingmagic_mercuryAPI\thingmagic_mercuryAPI\Debug\libthingmagic_mercuryAPI.a(tmr_utils.o)
 .comment       0x00000030       0x31 C:\Users\warre\Repositories\RFID\Mob-Armor-RFID\thingmagic_mercuryAPI\thingmagic_mercuryAPI\Debug\libthingmagic_mercuryAPI.a(hex_bytes.o)
 .comment       0x00000030       0x31 C:\Users\warre\Repositories\RFID\ATMEGA328p_HAL\HAL_Dev\Debug\libHAL_Dev.a(isr.o)
 .comment       0x00000030       0x31 C:\Users\warre\Repositories\RFID\ATMEGA328p_HAL\HAL_Dev\Debug\libHAL_Dev.a(timer.o)
 .comment       0x00000030       0x31 C:\Users\warre\Repositories\RFID\ATMEGA328p_HAL\HAL_Dev\Debug\libHAL_Dev.a(core.o)
 .comment       0x00000030       0x31 c:/program files (x86)/atmel/studio/7.0/toolchain/avr8/avr8-gnu-toolchain/bin/../lib/gcc/avr/5.4.0/../../../../avr/lib/avr5\libc.a(strtok.o)
 .comment       0x00000030       0x31 c:/program files (x86)/atmel/studio/7.0/toolchain/avr8/avr8-gnu-toolchain/bin/../lib/gcc/avr/5.4.0/../../../../avr/lib/avr5\libc.a(sprintf.o)
 .comment       0x00000030       0x2c c:/program files (x86)/atmel/studio/7.0/toolchain/avr8/avr8-gnu-toolchain/bin/../lib/gcc/avr/5.4.0/../../../../avr/lib/avr5\libc.a(vfprintf_std.o)
                                 0x2d (size before relaxing)
 .comment       0x0000005c       0x31 c:/program files (x86)/atmel/studio/7.0/toolchain/avr8/avr8-gnu-toolchain/bin/../lib/gcc/avr/5.4.0/../../../../avr/lib/avr5\libc.a(fputc.o)

.note.gnu.avr.deviceinfo
                0x00000000       0x40
 .note.gnu.avr.deviceinfo
                0x00000000       0x40 C:/Program Files (x86)/Atmel/Studio/7.0/Packs/atmel/ATmega_DFP/1.2.132/gcc/dev/atmega328p/avr5/crtatmega328p.o

.note.gnu.build-id
 *(.note.gnu.build-id)

.debug
 *(.debug)

.line
 *(.line)

.debug_srcinfo
 *(.debug_srcinfo)

.debug_sfnames
 *(.debug_sfnames)

.debug_aranges  0x00000000      0xe60
 *(.debug_aranges)
 .debug_aranges
                0x00000000       0x30 main.o
 .debug_aranges
                0x00000030       0x40 C:\Users\warre\Repositories\RFID\Mob-Armor-RFID\thingmagic_mercuryAPI\thingmagic_mercuryAPI\Debug\libthingmagic_mercuryAPI.a(osDepStub.o)
 .debug_aranges
                0x00000070      0x3e8 C:\Users\warre\Repositories\RFID\Mob-Armor-RFID\thingmagic_mercuryAPI\thingmagic_mercuryAPI\Debug\libthingmagic_mercuryAPI.a(tm_reader.o)
 .debug_aranges
                0x00000458      0x138 C:\Users\warre\Repositories\RFID\Mob-Armor-RFID\thingmagic_mercuryAPI\thingmagic_mercuryAPI\Debug\libthingmagic_mercuryAPI.a(serial_reader.o)
 .debug_aranges
                0x00000590      0x5e0 C:\Users\warre\Repositories\RFID\Mob-Armor-RFID\thingmagic_mercuryAPI\thingmagic_mercuryAPI\Debug\libthingmagic_mercuryAPI.a(serial_reader_l3.o)
 .debug_aranges
                0x00000b70       0x58 C:\Users\warre\Repositories\RFID\Mob-Armor-RFID\thingmagic_mercuryAPI\thingmagic_mercuryAPI\Debug\libthingmagic_mercuryAPI.a(serial_transport_dummy.o)
 .debug_aranges
                0x00000bc8       0x78 C:\Users\warre\Repositories\RFID\Mob-Armor-RFID\thingmagic_mercuryAPI\thingmagic_mercuryAPI\Debug\libthingmagic_mercuryAPI.a(tmr_utils.o)
 .debug_aranges
                0x00000c40       0x38 C:\Users\warre\Repositories\RFID\Mob-Armor-RFID\thingmagic_mercuryAPI\thingmagic_mercuryAPI\Debug\libthingmagic_mercuryAPI.a(hex_bytes.o)
 .debug_aranges
                0x00000c78       0xf0 C:\Users\warre\Repositories\RFID\ATMEGA328p_HAL\HAL_Dev\Debug\libHAL_Dev.a(isr.o)
 .debug_aranges
                0x00000d68       0x68 C:\Users\warre\Repositories\RFID\ATMEGA328p_HAL\HAL_Dev\Debug\libHAL_Dev.a(timer.o)
 .debug_aranges
                0x00000dd0       0x90 C:\Users\warre\Repositories\RFID\ATMEGA328p_HAL\HAL_Dev\Debug\libHAL_Dev.a(core.o)

.debug_pubnames
 *(.debug_pubnames)

.debug_info     0x00000000    0x2f7b0
 *(.debug_info .gnu.linkonce.wi.*)
 .debug_info    0x00000000      0x5f4 C:/Program Files (x86)/Atmel/Studio/7.0/Packs/atmel/ATmega_DFP/1.2.132/gcc/dev/atmega328p/avr5/crtatmega328p.o
 .debug_info    0x000005f4     0x46b2 main.o
 .debug_info    0x00004ca6      0x305 C:\Users\warre\Repositories\RFID\Mob-Armor-RFID\thingmagic_mercuryAPI\thingmagic_mercuryAPI\Debug\libthingmagic_mercuryAPI.a(osDepStub.o)
 .debug_info    0x00004fab     0x8c07 C:\Users\warre\Repositories\RFID\Mob-Armor-RFID\thingmagic_mercuryAPI\thingmagic_mercuryAPI\Debug\libthingmagic_mercuryAPI.a(tm_reader.o)
 .debug_info    0x0000dbb2     0xd7f6 C:\Users\warre\Repositories\RFID\Mob-Armor-RFID\thingmagic_mercuryAPI\thingmagic_mercuryAPI\Debug\libthingmagic_mercuryAPI.a(serial_reader.o)
 .debug_info    0x0001b3a8    0x121ed C:\Users\warre\Repositories\RFID\Mob-Armor-RFID\thingmagic_mercuryAPI\thingmagic_mercuryAPI\Debug\libthingmagic_mercuryAPI.a(serial_reader_l3.o)
 .debug_info    0x0002d595      0x631 C:\Users\warre\Repositories\RFID\Mob-Armor-RFID\thingmagic_mercuryAPI\thingmagic_mercuryAPI\Debug\libthingmagic_mercuryAPI.a(serial_transport_dummy.o)
 .debug_info    0x0002dbc6      0x549 C:\Users\warre\Repositories\RFID\Mob-Armor-RFID\thingmagic_mercuryAPI\thingmagic_mercuryAPI\Debug\libthingmagic_mercuryAPI.a(tmr_utils.o)
 .debug_info    0x0002e10f      0x501 C:\Users\warre\Repositories\RFID\Mob-Armor-RFID\thingmagic_mercuryAPI\thingmagic_mercuryAPI\Debug\libthingmagic_mercuryAPI.a(hex_bytes.o)
 .debug_info    0x0002e610      0x377 C:\Users\warre\Repositories\RFID\ATMEGA328p_HAL\HAL_Dev\Debug\libHAL_Dev.a(isr.o)
 .debug_info    0x0002e987      0x874 C:\Users\warre\Repositories\RFID\ATMEGA328p_HAL\HAL_Dev\Debug\libHAL_Dev.a(timer.o)
 .debug_info    0x0002f1fb      0x5b5 C:\Users\warre\Repositories\RFID\ATMEGA328p_HAL\HAL_Dev\Debug\libHAL_Dev.a(core.o)

.debug_abbrev   0x00000000     0x20b2
 *(.debug_abbrev)
 .debug_abbrev  0x00000000      0x5a2 C:/Program Files (x86)/Atmel/Studio/7.0/Packs/atmel/ATmega_DFP/1.2.132/gcc/dev/atmega328p/avr5/crtatmega328p.o
 .debug_abbrev  0x000005a2      0x29f main.o
 .debug_abbrev  0x00000841      0x173 C:\Users\warre\Repositories\RFID\Mob-Armor-RFID\thingmagic_mercuryAPI\thingmagic_mercuryAPI\Debug\libthingmagic_mercuryAPI.a(osDepStub.o)
 .debug_abbrev  0x000009b4      0x435 C:\Users\warre\Repositories\RFID\Mob-Armor-RFID\thingmagic_mercuryAPI\thingmagic_mercuryAPI\Debug\libthingmagic_mercuryAPI.a(tm_reader.o)
 .debug_abbrev  0x00000de9      0x4bb C:\Users\warre\Repositories\RFID\Mob-Armor-RFID\thingmagic_mercuryAPI\thingmagic_mercuryAPI\Debug\libthingmagic_mercuryAPI.a(serial_reader.o)
 .debug_abbrev  0x000012a4      0x4a8 C:\Users\warre\Repositories\RFID\Mob-Armor-RFID\thingmagic_mercuryAPI\thingmagic_mercuryAPI\Debug\libthingmagic_mercuryAPI.a(serial_reader_l3.o)
 .debug_abbrev  0x0000174c      0x18f C:\Users\warre\Repositories\RFID\Mob-Armor-RFID\thingmagic_mercuryAPI\thingmagic_mercuryAPI\Debug\libthingmagic_mercuryAPI.a(serial_transport_dummy.o)
 .debug_abbrev  0x000018db      0x171 C:\Users\warre\Repositories\RFID\Mob-Armor-RFID\thingmagic_mercuryAPI\thingmagic_mercuryAPI\Debug\libthingmagic_mercuryAPI.a(tmr_utils.o)
 .debug_abbrev  0x00001a4c      0x12d C:\Users\warre\Repositories\RFID\Mob-Armor-RFID\thingmagic_mercuryAPI\thingmagic_mercuryAPI\Debug\libthingmagic_mercuryAPI.a(hex_bytes.o)
 .debug_abbrev  0x00001b79       0xf6 C:\Users\warre\Repositories\RFID\ATMEGA328p_HAL\HAL_Dev\Debug\libHAL_Dev.a(isr.o)
 .debug_abbrev  0x00001c6f      0x1e0 C:\Users\warre\Repositories\RFID\ATMEGA328p_HAL\HAL_Dev\Debug\libHAL_Dev.a(timer.o)
 .debug_abbrev  0x00001e4f      0x263 C:\Users\warre\Repositories\RFID\ATMEGA328p_HAL\HAL_Dev\Debug\libHAL_Dev.a(core.o)

.debug_line     0x00000000     0xd92b
 *(.debug_line .debug_line.* .debug_line_end)
 .debug_line    0x00000000      0x133 C:/Program Files (x86)/Atmel/Studio/7.0/Packs/atmel/ATmega_DFP/1.2.132/gcc/dev/atmega328p/avr5/crtatmega328p.o
 .debug_line    0x00000133      0x2b6 main.o
 .debug_line    0x000003e9      0x255 C:\Users\warre\Repositories\RFID\Mob-Armor-RFID\thingmagic_mercuryAPI\thingmagic_mercuryAPI\Debug\libthingmagic_mercuryAPI.a(osDepStub.o)
 .debug_line    0x0000063e     0x27da C:\Users\warre\Repositories\RFID\Mob-Armor-RFID\thingmagic_mercuryAPI\thingmagic_mercuryAPI\Debug\libthingmagic_mercuryAPI.a(tm_reader.o)
 .debug_line    0x00002e18     0x3b3a C:\Users\warre\Repositories\RFID\Mob-Armor-RFID\thingmagic_mercuryAPI\thingmagic_mercuryAPI\Debug\libthingmagic_mercuryAPI.a(serial_reader.o)
 .debug_line    0x00006952     0x5602 C:\Users\warre\Repositories\RFID\Mob-Armor-RFID\thingmagic_mercuryAPI\thingmagic_mercuryAPI\Debug\libthingmagic_mercuryAPI.a(serial_reader_l3.o)
 .debug_line    0x0000bf54      0x282 C:\Users\warre\Repositories\RFID\Mob-Armor-RFID\thingmagic_mercuryAPI\thingmagic_mercuryAPI\Debug\libthingmagic_mercuryAPI.a(serial_transport_dummy.o)
 .debug_line    0x0000c1d6      0x3a4 C:\Users\warre\Repositories\RFID\Mob-Armor-RFID\thingmagic_mercuryAPI\thingmagic_mercuryAPI\Debug\libthingmagic_mercuryAPI.a(tmr_utils.o)
 .debug_line    0x0000c57a      0x24a C:\Users\warre\Repositories\RFID\Mob-Armor-RFID\thingmagic_mercuryAPI\thingmagic_mercuryAPI\Debug\libthingmagic_mercuryAPI.a(hex_bytes.o)
 .debug_line    0x0000c7c4      0x478 C:\Users\warre\Repositories\RFID\ATMEGA328p_HAL\HAL_Dev\Debug\libHAL_Dev.a(isr.o)
 .debug_line    0x0000cc3c      0x76d C:\Users\warre\Repositories\RFID\ATMEGA328p_HAL\HAL_Dev\Debug\libHAL_Dev.a(timer.o)
 .debug_line    0x0000d3a9      0x582 C:\Users\warre\Repositories\RFID\ATMEGA328p_HAL\HAL_Dev\Debug\libHAL_Dev.a(core.o)

.debug_frame    0x00000000     0x64f8
 *(.debug_frame)
 .debug_frame   0x00000000       0x58 main.o
 .debug_frame   0x00000058       0x64 C:\Users\warre\Repositories\RFID\Mob-Armor-RFID\thingmagic_mercuryAPI\thingmagic_mercuryAPI\Debug\libthingmagic_mercuryAPI.a(osDepStub.o)
 .debug_frame   0x000000bc     0x114c C:\Users\warre\Repositories\RFID\Mob-Armor-RFID\thingmagic_mercuryAPI\thingmagic_mercuryAPI\Debug\libthingmagic_mercuryAPI.a(tm_reader.o)
 .debug_frame   0x00001208      0xb4c C:\Users\warre\Repositories\RFID\Mob-Armor-RFID\thingmagic_mercuryAPI\thingmagic_mercuryAPI\Debug\libthingmagic_mercuryAPI.a(serial_reader.o)
 .debug_frame   0x00001d54     0x3924 C:\Users\warre\Repositories\RFID\Mob-Armor-RFID\thingmagic_mercuryAPI\thingmagic_mercuryAPI\Debug\libthingmagic_mercuryAPI.a(serial_reader_l3.o)
 .debug_frame   0x00005678      0x150 C:\Users\warre\Repositories\RFID\Mob-Armor-RFID\thingmagic_mercuryAPI\thingmagic_mercuryAPI\Debug\libthingmagic_mercuryAPI.a(serial_transport_dummy.o)
 .debug_frame   0x000057c8      0x124 C:\Users\warre\Repositories\RFID\Mob-Armor-RFID\thingmagic_mercuryAPI\thingmagic_mercuryAPI\Debug\libthingmagic_mercuryAPI.a(tmr_utils.o)
 .debug_frame   0x000058ec      0x110 C:\Users\warre\Repositories\RFID\Mob-Armor-RFID\thingmagic_mercuryAPI\thingmagic_mercuryAPI\Debug\libthingmagic_mercuryAPI.a(hex_bytes.o)
 .debug_frame   0x000059fc      0x83c C:\Users\warre\Repositories\RFID\ATMEGA328p_HAL\HAL_Dev\Debug\libHAL_Dev.a(isr.o)
 .debug_frame   0x00006238      0x13c C:\Users\warre\Repositories\RFID\ATMEGA328p_HAL\HAL_Dev\Debug\libHAL_Dev.a(timer.o)
 .debug_frame   0x00006374      0x184 C:\Users\warre\Repositories\RFID\ATMEGA328p_HAL\HAL_Dev\Debug\libHAL_Dev.a(core.o)

.debug_str      0x00000000     0xae18
 *(.debug_str)
 .debug_str     0x00000000      0x208 C:/Program Files (x86)/Atmel/Studio/7.0/Packs/atmel/ATmega_DFP/1.2.132/gcc/dev/atmega328p/avr5/crtatmega328p.o
 .debug_str     0x00000208     0x4847 main.o
                               0x4b8d (size before relaxing)
 .debug_str     0x00004a4f      0x37a C:\Users\warre\Repositories\RFID\Mob-Armor-RFID\thingmagic_mercuryAPI\thingmagic_mercuryAPI\Debug\libthingmagic_mercuryAPI.a(osDepStub.o)
                                0x42c (size before relaxing)
 .debug_str     0x00004dc9     0x1a3c C:\Users\warre\Repositories\RFID\Mob-Armor-RFID\thingmagic_mercuryAPI\thingmagic_mercuryAPI\Debug\libthingmagic_mercuryAPI.a(tm_reader.o)
                               0x64ae (size before relaxing)
 .debug_str     0x00006805     0x2ce8 C:\Users\warre\Repositories\RFID\Mob-Armor-RFID\thingmagic_mercuryAPI\thingmagic_mercuryAPI\Debug\libthingmagic_mercuryAPI.a(serial_reader.o)
                               0x79bb (size before relaxing)
 .debug_str     0x000094ed      0xeaf C:\Users\warre\Repositories\RFID\Mob-Armor-RFID\thingmagic_mercuryAPI\thingmagic_mercuryAPI\Debug\libthingmagic_mercuryAPI.a(serial_reader_l3.o)
                               0x8091 (size before relaxing)
 .debug_str     0x0000a39c      0x1cd C:\Users\warre\Repositories\RFID\Mob-Armor-RFID\thingmagic_mercuryAPI\thingmagic_mercuryAPI\Debug\libthingmagic_mercuryAPI.a(serial_transport_dummy.o)
                                0x45a (size before relaxing)
 .debug_str     0x0000a569       0x5a C:\Users\warre\Repositories\RFID\Mob-Armor-RFID\thingmagic_mercuryAPI\thingmagic_mercuryAPI\Debug\libthingmagic_mercuryAPI.a(tmr_utils.o)
                                0x2fb (size before relaxing)
 .debug_str     0x0000a5c3       0x76 C:\Users\warre\Repositories\RFID\Mob-Armor-RFID\thingmagic_mercuryAPI\thingmagic_mercuryAPI\Debug\libthingmagic_mercuryAPI.a(hex_bytes.o)
                                0xbba (size before relaxing)
 .debug_str     0x0000a639      0x28d C:\Users\warre\Repositories\RFID\ATMEGA328p_HAL\HAL_Dev\Debug\libHAL_Dev.a(isr.o)
                                0x336 (size before relaxing)
 .debug_str     0x0000a8c6      0x2c7 C:\Users\warre\Repositories\RFID\ATMEGA328p_HAL\HAL_Dev\Debug\libHAL_Dev.a(timer.o)
                                0x610 (size before relaxing)
 .debug_str     0x0000ab8d      0x28b C:\Users\warre\Repositories\RFID\ATMEGA328p_HAL\HAL_Dev\Debug\libHAL_Dev.a(core.o)
                                0x4b3 (size before relaxing)

.debug_loc      0x00000000    0x30ec9
 *(.debug_loc)
 .debug_loc     0x00000000       0x66 main.o
 .debug_loc     0x00000066       0x4c C:\Users\warre\Repositories\RFID\Mob-Armor-RFID\thingmagic_mercuryAPI\thingmagic_mercuryAPI\Debug\libthingmagic_mercuryAPI.a(osDepStub.o)
 .debug_loc     0x000000b2     0x6a47 C:\Users\warre\Repositories\RFID\Mob-Armor-RFID\thingmagic_mercuryAPI\thingmagic_mercuryAPI\Debug\libthingmagic_mercuryAPI.a(tm_reader.o)
 .debug_loc     0x00006af9     0xbb4e C:\Users\warre\Repositories\RFID\Mob-Armor-RFID\thingmagic_mercuryAPI\thingmagic_mercuryAPI\Debug\libthingmagic_mercuryAPI.a(serial_reader.o)
 .debug_loc     0x00012647    0x1a7cb C:\Users\warre\Repositories\RFID\Mob-Armor-RFID\thingmagic_mercuryAPI\thingmagic_mercuryAPI\Debug\libthingmagic_mercuryAPI.a(serial_reader_l3.o)
 .debug_loc     0x0002ce12      0x82d C:\Users\warre\Repositories\RFID\Mob-Armor-RFID\thingmagic_mercuryAPI\thingmagic_mercuryAPI\Debug\libthingmagic_mercuryAPI.a(serial_transport_dummy.o)
 .debug_loc     0x0002d63f      0x996 C:\Users\warre\Repositories\RFID\Mob-Armor-RFID\thingmagic_mercuryAPI\thingmagic_mercuryAPI\Debug\libthingmagic_mercuryAPI.a(tmr_utils.o)
 .debug_loc     0x0002dfd5      0x714 C:\Users\warre\Repositories\RFID\Mob-Armor-RFID\thingmagic_mercuryAPI\thingmagic_mercuryAPI\Debug\libthingmagic_mercuryAPI.a(hex_bytes.o)
 .debug_loc     0x0002e6e9     0x125c C:\Users\warre\Repositories\RFID\ATMEGA328p_HAL\HAL_Dev\Debug\libHAL_Dev.a(isr.o)
 .debug_loc     0x0002f945      0xd2e C:\Users\warre\Repositories\RFID\ATMEGA328p_HAL\HAL_Dev\Debug\libHAL_Dev.a(timer.o)
 .debug_loc     0x00030673      0x856 C:\Users\warre\Repositories\RFID\ATMEGA328p_HAL\HAL_Dev\Debug\libHAL_Dev.a(core.o)

.debug_macinfo
 *(.debug_macinfo)

.debug_weaknames
 *(.debug_weaknames)

.debug_funcnames
 *(.debug_funcnames)

.debug_typenames
 *(.debug_typenames)

.debug_varnames
 *(.debug_varnames)

.debug_pubtypes
 *(.debug_pubtypes)

.debug_ranges   0x00000000     0x1730
 *(.debug_ranges)
 .debug_ranges  0x00000000       0x20 main.o
 .debug_ranges  0x00000020       0x30 C:\Users\warre\Repositories\RFID\Mob-Armor-RFID\thingmagic_mercuryAPI\thingmagic_mercuryAPI\Debug\libthingmagic_mercuryAPI.a(osDepStub.o)
 .debug_ranges  0x00000050      0x470 C:\Users\warre\Repositories\RFID\Mob-Armor-RFID\thingmagic_mercuryAPI\thingmagic_mercuryAPI\Debug\libthingmagic_mercuryAPI.a(tm_reader.o)
 .debug_ranges  0x000004c0      0x858 C:\Users\warre\Repositories\RFID\Mob-Armor-RFID\thingmagic_mercuryAPI\thingmagic_mercuryAPI\Debug\libthingmagic_mercuryAPI.a(serial_reader.o)
 .debug_ranges  0x00000d18      0x788 C:\Users\warre\Repositories\RFID\Mob-Armor-RFID\thingmagic_mercuryAPI\thingmagic_mercuryAPI\Debug\libthingmagic_mercuryAPI.a(serial_reader_l3.o)
 .debug_ranges  0x000014a0       0x48 C:\Users\warre\Repositories\RFID\Mob-Armor-RFID\thingmagic_mercuryAPI\thingmagic_mercuryAPI\Debug\libthingmagic_mercuryAPI.a(serial_transport_dummy.o)
 .debug_ranges  0x000014e8       0x68 C:\Users\warre\Repositories\RFID\Mob-Armor-RFID\thingmagic_mercuryAPI\thingmagic_mercuryAPI\Debug\libthingmagic_mercuryAPI.a(tmr_utils.o)
 .debug_ranges  0x00001550       0x28 C:\Users\warre\Repositories\RFID\Mob-Armor-RFID\thingmagic_mercuryAPI\thingmagic_mercuryAPI\Debug\libthingmagic_mercuryAPI.a(hex_bytes.o)
 .debug_ranges  0x00001578       0xe0 C:\Users\warre\Repositories\RFID\ATMEGA328p_HAL\HAL_Dev\Debug\libHAL_Dev.a(isr.o)
 .debug_ranges  0x00001658       0x58 C:\Users\warre\Repositories\RFID\ATMEGA328p_HAL\HAL_Dev\Debug\libHAL_Dev.a(timer.o)
 .debug_ranges  0x000016b0       0x80 C:\Users\warre\Repositories\RFID\ATMEGA328p_HAL\HAL_Dev\Debug\libHAL_Dev.a(core.o)

.debug_macro
 *(.debug_macro)
OUTPUT(mobarmor_rfid.elf elf32-avr)
LOAD linker stubs
