<?xml version="1.0"?>
<link_info>
   <banner>MSP430 Linker PC v16.9.1.LTS</banner>
   <copyright>Copyright (c) 2003-2015 Texas Instruments Incorporated</copyright>
   <link_time>0x59e03779</link_time>
   <link_errors>0x0</link_errors>
   <output_file>mobarmor_rfid.out</output_file>
   <entry_point>
      <name>_c_int00_noargs_noexit</name>
      <address>0x4400</address>
   </entry_point>
   <input_file_list>
      <input_file id="fl-2">
         <path>.\</path>
         <kind>object</kind>
         <file>main.obj</file>
         <name>main.obj</name>
      </input_file>
      <input_file id="fl-3">
         <path>.\driverlib\MSP430F5xx_6xx\</path>
         <kind>object</kind>
         <file>adc10_a.obj</file>
         <name>adc10_a.obj</name>
      </input_file>
      <input_file id="fl-4">
         <path>.\driverlib\MSP430F5xx_6xx\</path>
         <kind>object</kind>
         <file>adc12_a.obj</file>
         <name>adc12_a.obj</name>
      </input_file>
      <input_file id="fl-5">
         <path>.\driverlib\MSP430F5xx_6xx\</path>
         <kind>object</kind>
         <file>aes.obj</file>
         <name>aes.obj</name>
      </input_file>
      <input_file id="fl-6">
         <path>.\driverlib\MSP430F5xx_6xx\</path>
         <kind>object</kind>
         <file>battbak.obj</file>
         <name>battbak.obj</name>
      </input_file>
      <input_file id="fl-7">
         <path>.\driverlib\MSP430F5xx_6xx\</path>
         <kind>object</kind>
         <file>comp_b.obj</file>
         <name>comp_b.obj</name>
      </input_file>
      <input_file id="fl-8">
         <path>.\driverlib\MSP430F5xx_6xx\</path>
         <kind>object</kind>
         <file>crc.obj</file>
         <name>crc.obj</name>
      </input_file>
      <input_file id="fl-9">
         <path>.\driverlib\MSP430F5xx_6xx\</path>
         <kind>object</kind>
         <file>ctsd16.obj</file>
         <name>ctsd16.obj</name>
      </input_file>
      <input_file id="fl-a">
         <path>.\driverlib\MSP430F5xx_6xx\</path>
         <kind>object</kind>
         <file>dac12_a.obj</file>
         <name>dac12_a.obj</name>
      </input_file>
      <input_file id="fl-b">
         <path>.\driverlib\MSP430F5xx_6xx\</path>
         <kind>object</kind>
         <file>dma.obj</file>
         <name>dma.obj</name>
      </input_file>
      <input_file id="fl-c">
         <path>.\driverlib\MSP430F5xx_6xx\</path>
         <kind>object</kind>
         <file>eusci_a_spi.obj</file>
         <name>eusci_a_spi.obj</name>
      </input_file>
      <input_file id="fl-d">
         <path>.\driverlib\MSP430F5xx_6xx\</path>
         <kind>object</kind>
         <file>eusci_a_uart.obj</file>
         <name>eusci_a_uart.obj</name>
      </input_file>
      <input_file id="fl-e">
         <path>.\driverlib\MSP430F5xx_6xx\</path>
         <kind>object</kind>
         <file>eusci_b_i2c.obj</file>
         <name>eusci_b_i2c.obj</name>
      </input_file>
      <input_file id="fl-f">
         <path>.\driverlib\MSP430F5xx_6xx\</path>
         <kind>object</kind>
         <file>eusci_b_spi.obj</file>
         <name>eusci_b_spi.obj</name>
      </input_file>
      <input_file id="fl-10">
         <path>.\driverlib\MSP430F5xx_6xx\</path>
         <kind>object</kind>
         <file>flashctl.obj</file>
         <name>flashctl.obj</name>
      </input_file>
      <input_file id="fl-11">
         <path>.\driverlib\MSP430F5xx_6xx\</path>
         <kind>object</kind>
         <file>gpio.obj</file>
         <name>gpio.obj</name>
      </input_file>
      <input_file id="fl-12">
         <path>.\driverlib\MSP430F5xx_6xx\</path>
         <kind>object</kind>
         <file>lcd_b.obj</file>
         <name>lcd_b.obj</name>
      </input_file>
      <input_file id="fl-13">
         <path>.\driverlib\MSP430F5xx_6xx\</path>
         <kind>object</kind>
         <file>ldopwr.obj</file>
         <name>ldopwr.obj</name>
      </input_file>
      <input_file id="fl-14">
         <path>.\driverlib\MSP430F5xx_6xx\</path>
         <kind>object</kind>
         <file>mpy32.obj</file>
         <name>mpy32.obj</name>
      </input_file>
      <input_file id="fl-15">
         <path>.\driverlib\MSP430F5xx_6xx\</path>
         <kind>object</kind>
         <file>oa.obj</file>
         <name>oa.obj</name>
      </input_file>
      <input_file id="fl-16">
         <path>.\driverlib\MSP430F5xx_6xx\</path>
         <kind>object</kind>
         <file>pmap.obj</file>
         <name>pmap.obj</name>
      </input_file>
      <input_file id="fl-17">
         <path>.\driverlib\MSP430F5xx_6xx\</path>
         <kind>object</kind>
         <file>pmm.obj</file>
         <name>pmm.obj</name>
      </input_file>
      <input_file id="fl-18">
         <path>.\driverlib\MSP430F5xx_6xx\</path>
         <kind>object</kind>
         <file>ram.obj</file>
         <name>ram.obj</name>
      </input_file>
      <input_file id="fl-19">
         <path>.\driverlib\MSP430F5xx_6xx\</path>
         <kind>object</kind>
         <file>ref.obj</file>
         <name>ref.obj</name>
      </input_file>
      <input_file id="fl-1a">
         <path>.\driverlib\MSP430F5xx_6xx\</path>
         <kind>object</kind>
         <file>rtc_a.obj</file>
         <name>rtc_a.obj</name>
      </input_file>
      <input_file id="fl-1b">
         <path>.\driverlib\MSP430F5xx_6xx\</path>
         <kind>object</kind>
         <file>rtc_b.obj</file>
         <name>rtc_b.obj</name>
      </input_file>
      <input_file id="fl-1c">
         <path>.\driverlib\MSP430F5xx_6xx\</path>
         <kind>object</kind>
         <file>rtc_c.obj</file>
         <name>rtc_c.obj</name>
      </input_file>
      <input_file id="fl-1d">
         <path>.\driverlib\MSP430F5xx_6xx\</path>
         <kind>object</kind>
         <file>sd24_b.obj</file>
         <name>sd24_b.obj</name>
      </input_file>
      <input_file id="fl-1e">
         <path>.\driverlib\MSP430F5xx_6xx\</path>
         <kind>object</kind>
         <file>sfr.obj</file>
         <name>sfr.obj</name>
      </input_file>
      <input_file id="fl-1f">
         <path>.\driverlib\MSP430F5xx_6xx\</path>
         <kind>object</kind>
         <file>sysctl.obj</file>
         <name>sysctl.obj</name>
      </input_file>
      <input_file id="fl-20">
         <path>.\driverlib\MSP430F5xx_6xx\</path>
         <kind>object</kind>
         <file>tec.obj</file>
         <name>tec.obj</name>
      </input_file>
      <input_file id="fl-21">
         <path>.\driverlib\MSP430F5xx_6xx\</path>
         <kind>object</kind>
         <file>timer_a.obj</file>
         <name>timer_a.obj</name>
      </input_file>
      <input_file id="fl-22">
         <path>.\driverlib\MSP430F5xx_6xx\</path>
         <kind>object</kind>
         <file>timer_b.obj</file>
         <name>timer_b.obj</name>
      </input_file>
      <input_file id="fl-23">
         <path>.\driverlib\MSP430F5xx_6xx\</path>
         <kind>object</kind>
         <file>timer_d.obj</file>
         <name>timer_d.obj</name>
      </input_file>
      <input_file id="fl-24">
         <path>.\driverlib\MSP430F5xx_6xx\</path>
         <kind>object</kind>
         <file>tlv.obj</file>
         <name>tlv.obj</name>
      </input_file>
      <input_file id="fl-25">
         <path>.\driverlib\MSP430F5xx_6xx\</path>
         <kind>object</kind>
         <file>ucs.obj</file>
         <name>ucs.obj</name>
      </input_file>
      <input_file id="fl-26">
         <path>.\driverlib\MSP430F5xx_6xx\</path>
         <kind>object</kind>
         <file>usci_a_spi.obj</file>
         <name>usci_a_spi.obj</name>
      </input_file>
      <input_file id="fl-27">
         <path>.\driverlib\MSP430F5xx_6xx\</path>
         <kind>object</kind>
         <file>usci_a_uart.obj</file>
         <name>usci_a_uart.obj</name>
      </input_file>
      <input_file id="fl-28">
         <path>.\driverlib\MSP430F5xx_6xx\</path>
         <kind>object</kind>
         <file>usci_b_i2c.obj</file>
         <name>usci_b_i2c.obj</name>
      </input_file>
      <input_file id="fl-29">
         <path>.\driverlib\MSP430F5xx_6xx\</path>
         <kind>object</kind>
         <file>usci_b_spi.obj</file>
         <name>usci_b_spi.obj</name>
      </input_file>
      <input_file id="fl-2a">
         <path>.\driverlib\MSP430F5xx_6xx\</path>
         <kind>object</kind>
         <file>wdt_a.obj</file>
         <name>wdt_a.obj</name>
      </input_file>
      <input_file id="fl-32">
         <path>C:\Users\warre\Repositories\RFID\Mob-Armor-RFID\thingmagic_mercuryAPI_msp430\Debug\</path>
         <kind>archive</kind>
         <file>thingmagic_mercuryAPI.lib</file>
         <name>osDepStub.obj</name>
      </input_file>
      <input_file id="fl-33">
         <path>C:\Users\warre\Repositories\RFID\Mob-Armor-RFID\thingmagic_mercuryAPI_msp430\Debug\</path>
         <kind>archive</kind>
         <file>thingmagic_mercuryAPI.lib</file>
         <name>tm_reader.obj</name>
      </input_file>
      <input_file id="fl-34">
         <path>C:\Users\warre\Repositories\RFID\Mob-Armor-RFID\thingmagic_mercuryAPI_msp430\Debug\</path>
         <kind>archive</kind>
         <file>thingmagic_mercuryAPI.lib</file>
         <name>tmr_utils.obj</name>
      </input_file>
      <input_file id="fl-35">
         <path>C:\Users\warre\Repositories\RFID\Mob-Armor-RFID\thingmagic_mercuryAPI_msp430\Debug\</path>
         <kind>archive</kind>
         <file>thingmagic_mercuryAPI.lib</file>
         <name>osdep_dummy.obj</name>
      </input_file>
      <input_file id="fl-36">
         <path>C:\Users\warre\Repositories\RFID\Mob-Armor-RFID\thingmagic_mercuryAPI_msp430\Debug\</path>
         <kind>archive</kind>
         <file>thingmagic_mercuryAPI.lib</file>
         <name>serial_reader.obj</name>
      </input_file>
      <input_file id="fl-37">
         <path>C:\Users\warre\Repositories\RFID\Mob-Armor-RFID\thingmagic_mercuryAPI_msp430\Debug\</path>
         <kind>archive</kind>
         <file>thingmagic_mercuryAPI.lib</file>
         <name>serial_reader_l3.obj</name>
      </input_file>
      <input_file id="fl-38">
         <path>C:\Users\warre\Repositories\RFID\Mob-Armor-RFID\thingmagic_mercuryAPI_msp430\Debug\</path>
         <kind>archive</kind>
         <file>thingmagic_mercuryAPI.lib</file>
         <name>serial_transport_dummy.obj</name>
      </input_file>
      <input_file id="fl-39">
         <path>C:\Users\warre\Repositories\RFID\Mob-Armor-RFID\thingmagic_mercuryAPI_msp430\Debug\</path>
         <kind>archive</kind>
         <file>thingmagic_mercuryAPI.lib</file>
         <name>hex_bytes.obj</name>
      </input_file>
      <input_file id="fl-3a">
         <path>C:\Users\warre\Repositories\RFID\Mob-Armor-RFID\thingmagic_mercuryAPI_msp430\Debug\</path>
         <kind>archive</kind>
         <file>thingmagic_mercuryAPI.lib</file>
         <name>serialTransportStub.obj</name>
      </input_file>
      <input_file id="fl-55">
         <path>C:\ti\ccsv7\tools\compiler\ti-cgt-msp430_16.9.1.LTS\lib\</path>
         <kind>archive</kind>
         <file>rts430x_lc_rd_eabi.lib</file>
         <name>asr16.obj</name>
      </input_file>
      <input_file id="fl-56">
         <path>C:\ti\ccsv7\tools\compiler\ti-cgt-msp430_16.9.1.LTS\lib\</path>
         <kind>archive</kind>
         <file>rts430x_lc_rd_eabi.lib</file>
         <name>asr32.obj</name>
      </input_file>
      <input_file id="fl-57">
         <path>C:\ti\ccsv7\tools\compiler\ti-cgt-msp430_16.9.1.LTS\lib\</path>
         <kind>archive</kind>
         <file>rts430x_lc_rd_eabi.lib</file>
         <name>boot.obj</name>
      </input_file>
      <input_file id="fl-58">
         <path>C:\ti\ccsv7\tools\compiler\ti-cgt-msp430_16.9.1.LTS\lib\</path>
         <kind>archive</kind>
         <file>rts430x_lc_rd_eabi.lib</file>
         <name>boot_special.obj</name>
      </input_file>
      <input_file id="fl-59">
         <path>C:\ti\ccsv7\tools\compiler\ti-cgt-msp430_16.9.1.LTS\lib\</path>
         <kind>archive</kind>
         <file>rts430x_lc_rd_eabi.lib</file>
         <name>copy_decompress_lzss.obj</name>
      </input_file>
      <input_file id="fl-5a">
         <path>C:\ti\ccsv7\tools\compiler\ti-cgt-msp430_16.9.1.LTS\lib\</path>
         <kind>archive</kind>
         <file>rts430x_lc_rd_eabi.lib</file>
         <name>copy_decompress_none.obj</name>
      </input_file>
      <input_file id="fl-5b">
         <path>C:\ti\ccsv7\tools\compiler\ti-cgt-msp430_16.9.1.LTS\lib\</path>
         <kind>archive</kind>
         <file>rts430x_lc_rd_eabi.lib</file>
         <name>copy_zero_init.obj</name>
      </input_file>
      <input_file id="fl-5c">
         <path>C:\ti\ccsv7\tools\compiler\ti-cgt-msp430_16.9.1.LTS\lib\</path>
         <kind>archive</kind>
         <file>rts430x_lc_rd_eabi.lib</file>
         <name>div16s.obj</name>
      </input_file>
      <input_file id="fl-5d">
         <path>C:\ti\ccsv7\tools\compiler\ti-cgt-msp430_16.9.1.LTS\lib\</path>
         <kind>archive</kind>
         <file>rts430x_lc_rd_eabi.lib</file>
         <name>div16u.obj</name>
      </input_file>
      <input_file id="fl-5e">
         <path>C:\ti\ccsv7\tools\compiler\ti-cgt-msp430_16.9.1.LTS\lib\</path>
         <kind>archive</kind>
         <file>rts430x_lc_rd_eabi.lib</file>
         <name>div32s.obj</name>
      </input_file>
      <input_file id="fl-5f">
         <path>C:\ti\ccsv7\tools\compiler\ti-cgt-msp430_16.9.1.LTS\lib\</path>
         <kind>archive</kind>
         <file>rts430x_lc_rd_eabi.lib</file>
         <name>div32u.obj</name>
      </input_file>
      <input_file id="fl-60">
         <path>C:\ti\ccsv7\tools\compiler\ti-cgt-msp430_16.9.1.LTS\lib\</path>
         <kind>archive</kind>
         <file>rts430x_lc_rd_eabi.lib</file>
         <name>exit.obj</name>
      </input_file>
      <input_file id="fl-61">
         <path>C:\ti\ccsv7\tools\compiler\ti-cgt-msp430_16.9.1.LTS\lib\</path>
         <kind>archive</kind>
         <file>rts430x_lc_rd_eabi.lib</file>
         <name>exit_gvars.obj</name>
      </input_file>
      <input_file id="fl-62">
         <path>C:\ti\ccsv7\tools\compiler\ti-cgt-msp430_16.9.1.LTS\lib\</path>
         <kind>archive</kind>
         <file>rts430x_lc_rd_eabi.lib</file>
         <name>fread.obj</name>
      </input_file>
      <input_file id="fl-63">
         <path>C:\ti\ccsv7\tools\compiler\ti-cgt-msp430_16.9.1.LTS\lib\</path>
         <kind>archive</kind>
         <file>rts430x_lc_rd_eabi.lib</file>
         <name>int41.obj</name>
      </input_file>
      <input_file id="fl-64">
         <path>C:\ti\ccsv7\tools\compiler\ti-cgt-msp430_16.9.1.LTS\lib\</path>
         <kind>archive</kind>
         <file>rts430x_lc_rd_eabi.lib</file>
         <name>int42.obj</name>
      </input_file>
      <input_file id="fl-65">
         <path>C:\ti\ccsv7\tools\compiler\ti-cgt-msp430_16.9.1.LTS\lib\</path>
         <kind>archive</kind>
         <file>rts430x_lc_rd_eabi.lib</file>
         <name>int43.obj</name>
      </input_file>
      <input_file id="fl-66">
         <path>C:\ti\ccsv7\tools\compiler\ti-cgt-msp430_16.9.1.LTS\lib\</path>
         <kind>archive</kind>
         <file>rts430x_lc_rd_eabi.lib</file>
         <name>int44.obj</name>
      </input_file>
      <input_file id="fl-67">
         <path>C:\ti\ccsv7\tools\compiler\ti-cgt-msp430_16.9.1.LTS\lib\</path>
         <kind>archive</kind>
         <file>rts430x_lc_rd_eabi.lib</file>
         <name>int45.obj</name>
      </input_file>
      <input_file id="fl-68">
         <path>C:\ti\ccsv7\tools\compiler\ti-cgt-msp430_16.9.1.LTS\lib\</path>
         <kind>archive</kind>
         <file>rts430x_lc_rd_eabi.lib</file>
         <name>int46.obj</name>
      </input_file>
      <input_file id="fl-69">
         <path>C:\ti\ccsv7\tools\compiler\ti-cgt-msp430_16.9.1.LTS\lib\</path>
         <kind>archive</kind>
         <file>rts430x_lc_rd_eabi.lib</file>
         <name>int47.obj</name>
      </input_file>
      <input_file id="fl-6a">
         <path>C:\ti\ccsv7\tools\compiler\ti-cgt-msp430_16.9.1.LTS\lib\</path>
         <kind>archive</kind>
         <file>rts430x_lc_rd_eabi.lib</file>
         <name>int48.obj</name>
      </input_file>
      <input_file id="fl-6b">
         <path>C:\ti\ccsv7\tools\compiler\ti-cgt-msp430_16.9.1.LTS\lib\</path>
         <kind>archive</kind>
         <file>rts430x_lc_rd_eabi.lib</file>
         <name>int49.obj</name>
      </input_file>
      <input_file id="fl-6c">
         <path>C:\ti\ccsv7\tools\compiler\ti-cgt-msp430_16.9.1.LTS\lib\</path>
         <kind>archive</kind>
         <file>rts430x_lc_rd_eabi.lib</file>
         <name>int50.obj</name>
      </input_file>
      <input_file id="fl-6d">
         <path>C:\ti\ccsv7\tools\compiler\ti-cgt-msp430_16.9.1.LTS\lib\</path>
         <kind>archive</kind>
         <file>rts430x_lc_rd_eabi.lib</file>
         <name>int51.obj</name>
      </input_file>
      <input_file id="fl-6e">
         <path>C:\ti\ccsv7\tools\compiler\ti-cgt-msp430_16.9.1.LTS\lib\</path>
         <kind>archive</kind>
         <file>rts430x_lc_rd_eabi.lib</file>
         <name>int52.obj</name>
      </input_file>
      <input_file id="fl-6f">
         <path>C:\ti\ccsv7\tools\compiler\ti-cgt-msp430_16.9.1.LTS\lib\</path>
         <kind>archive</kind>
         <file>rts430x_lc_rd_eabi.lib</file>
         <name>int54.obj</name>
      </input_file>
      <input_file id="fl-70">
         <path>C:\ti\ccsv7\tools\compiler\ti-cgt-msp430_16.9.1.LTS\lib\</path>
         <kind>archive</kind>
         <file>rts430x_lc_rd_eabi.lib</file>
         <name>int55.obj</name>
      </input_file>
      <input_file id="fl-71">
         <path>C:\ti\ccsv7\tools\compiler\ti-cgt-msp430_16.9.1.LTS\lib\</path>
         <kind>archive</kind>
         <file>rts430x_lc_rd_eabi.lib</file>
         <name>int56.obj</name>
      </input_file>
      <input_file id="fl-72">
         <path>C:\ti\ccsv7\tools\compiler\ti-cgt-msp430_16.9.1.LTS\lib\</path>
         <kind>archive</kind>
         <file>rts430x_lc_rd_eabi.lib</file>
         <name>int57.obj</name>
      </input_file>
      <input_file id="fl-73">
         <path>C:\ti\ccsv7\tools\compiler\ti-cgt-msp430_16.9.1.LTS\lib\</path>
         <kind>archive</kind>
         <file>rts430x_lc_rd_eabi.lib</file>
         <name>int58.obj</name>
      </input_file>
      <input_file id="fl-74">
         <path>C:\ti\ccsv7\tools\compiler\ti-cgt-msp430_16.9.1.LTS\lib\</path>
         <kind>archive</kind>
         <file>rts430x_lc_rd_eabi.lib</file>
         <name>int59.obj</name>
      </input_file>
      <input_file id="fl-75">
         <path>C:\ti\ccsv7\tools\compiler\ti-cgt-msp430_16.9.1.LTS\lib\</path>
         <kind>archive</kind>
         <file>rts430x_lc_rd_eabi.lib</file>
         <name>int60.obj</name>
      </input_file>
      <input_file id="fl-76">
         <path>C:\ti\ccsv7\tools\compiler\ti-cgt-msp430_16.9.1.LTS\lib\</path>
         <kind>archive</kind>
         <file>rts430x_lc_rd_eabi.lib</file>
         <name>int61.obj</name>
      </input_file>
      <input_file id="fl-77">
         <path>C:\ti\ccsv7\tools\compiler\ti-cgt-msp430_16.9.1.LTS\lib\</path>
         <kind>archive</kind>
         <file>rts430x_lc_rd_eabi.lib</file>
         <name>int62.obj</name>
      </input_file>
      <input_file id="fl-78">
         <path>C:\ti\ccsv7\tools\compiler\ti-cgt-msp430_16.9.1.LTS\lib\</path>
         <kind>archive</kind>
         <file>rts430x_lc_rd_eabi.lib</file>
         <name>isr_trap.obj</name>
      </input_file>
      <input_file id="fl-79">
         <path>C:\ti\ccsv7\tools\compiler\ti-cgt-msp430_16.9.1.LTS\lib\</path>
         <kind>archive</kind>
         <file>rts430x_lc_rd_eabi.lib</file>
         <name>lowlev.obj</name>
      </input_file>
      <input_file id="fl-7a">
         <path>C:\ti\ccsv7\tools\compiler\ti-cgt-msp430_16.9.1.LTS\lib\</path>
         <kind>archive</kind>
         <file>rts430x_lc_rd_eabi.lib</file>
         <name>lsl16.obj</name>
      </input_file>
      <input_file id="fl-7b">
         <path>C:\ti\ccsv7\tools\compiler\ti-cgt-msp430_16.9.1.LTS\lib\</path>
         <kind>archive</kind>
         <file>rts430x_lc_rd_eabi.lib</file>
         <name>lsl32.obj</name>
      </input_file>
      <input_file id="fl-7c">
         <path>C:\ti\ccsv7\tools\compiler\ti-cgt-msp430_16.9.1.LTS\lib\</path>
         <kind>archive</kind>
         <file>rts430x_lc_rd_eabi.lib</file>
         <name>lsl64.obj</name>
      </input_file>
      <input_file id="fl-7d">
         <path>C:\ti\ccsv7\tools\compiler\ti-cgt-msp430_16.9.1.LTS\lib\</path>
         <kind>archive</kind>
         <file>rts430x_lc_rd_eabi.lib</file>
         <name>lsr16.obj</name>
      </input_file>
      <input_file id="fl-7e">
         <path>C:\ti\ccsv7\tools\compiler\ti-cgt-msp430_16.9.1.LTS\lib\</path>
         <kind>archive</kind>
         <file>rts430x_lc_rd_eabi.lib</file>
         <name>lsr32.obj</name>
      </input_file>
      <input_file id="fl-7f">
         <path>C:\ti\ccsv7\tools\compiler\ti-cgt-msp430_16.9.1.LTS\lib\</path>
         <kind>archive</kind>
         <file>rts430x_lc_rd_eabi.lib</file>
         <name>lsr64.obj</name>
      </input_file>
      <input_file id="fl-80">
         <path>C:\ti\ccsv7\tools\compiler\ti-cgt-msp430_16.9.1.LTS\lib\</path>
         <kind>archive</kind>
         <file>rts430x_lc_rd_eabi.lib</file>
         <name>memcmp.obj</name>
      </input_file>
      <input_file id="fl-81">
         <path>C:\ti\ccsv7\tools\compiler\ti-cgt-msp430_16.9.1.LTS\lib\</path>
         <kind>archive</kind>
         <file>rts430x_lc_rd_eabi.lib</file>
         <name>memcpy.obj</name>
      </input_file>
      <input_file id="fl-82">
         <path>C:\ti\ccsv7\tools\compiler\ti-cgt-msp430_16.9.1.LTS\lib\</path>
         <kind>archive</kind>
         <file>rts430x_lc_rd_eabi.lib</file>
         <name>memmov.obj</name>
      </input_file>
      <input_file id="fl-83">
         <path>C:\ti\ccsv7\tools\compiler\ti-cgt-msp430_16.9.1.LTS\lib\</path>
         <kind>archive</kind>
         <file>rts430x_lc_rd_eabi.lib</file>
         <name>memory.obj</name>
      </input_file>
      <input_file id="fl-84">
         <path>C:\ti\ccsv7\tools\compiler\ti-cgt-msp430_16.9.1.LTS\lib\</path>
         <kind>archive</kind>
         <file>rts430x_lc_rd_eabi.lib</file>
         <name>memset.obj</name>
      </input_file>
      <input_file id="fl-85">
         <path>C:\ti\ccsv7\tools\compiler\ti-cgt-msp430_16.9.1.LTS\lib\</path>
         <kind>archive</kind>
         <file>rts430x_lc_rd_eabi.lib</file>
         <name>mpu_init.obj</name>
      </input_file>
      <input_file id="fl-86">
         <path>C:\ti\ccsv7\tools\compiler\ti-cgt-msp430_16.9.1.LTS\lib\</path>
         <kind>archive</kind>
         <file>rts430x_lc_rd_eabi.lib</file>
         <name>mult16.obj</name>
      </input_file>
      <input_file id="fl-87">
         <path>C:\ti\ccsv7\tools\compiler\ti-cgt-msp430_16.9.1.LTS\lib\</path>
         <kind>archive</kind>
         <file>rts430x_lc_rd_eabi.lib</file>
         <name>mult1632_f5hw.obj</name>
      </input_file>
      <input_file id="fl-88">
         <path>C:\ti\ccsv7\tools\compiler\ti-cgt-msp430_16.9.1.LTS\lib\</path>
         <kind>archive</kind>
         <file>rts430x_lc_rd_eabi.lib</file>
         <name>mult16_f5hw.obj</name>
      </input_file>
      <input_file id="fl-89">
         <path>C:\ti\ccsv7\tools\compiler\ti-cgt-msp430_16.9.1.LTS\lib\</path>
         <kind>archive</kind>
         <file>rts430x_lc_rd_eabi.lib</file>
         <name>mult32.obj</name>
      </input_file>
      <input_file id="fl-8a">
         <path>C:\ti\ccsv7\tools\compiler\ti-cgt-msp430_16.9.1.LTS\lib\</path>
         <kind>archive</kind>
         <file>rts430x_lc_rd_eabi.lib</file>
         <name>mult3264_f5hw.obj</name>
      </input_file>
      <input_file id="fl-8b">
         <path>C:\ti\ccsv7\tools\compiler\ti-cgt-msp430_16.9.1.LTS\lib\</path>
         <kind>archive</kind>
         <file>rts430x_lc_rd_eabi.lib</file>
         <name>mult32_f5hw.obj</name>
      </input_file>
      <input_file id="fl-8c">
         <path>C:\ti\ccsv7\tools\compiler\ti-cgt-msp430_16.9.1.LTS\lib\</path>
         <kind>archive</kind>
         <file>rts430x_lc_rd_eabi.lib</file>
         <name>mult64_f5hw.obj</name>
      </input_file>
      <input_file id="fl-8d">
         <path>C:\ti\ccsv7\tools\compiler\ti-cgt-msp430_16.9.1.LTS\lib\</path>
         <kind>archive</kind>
         <file>rts430x_lc_rd_eabi.lib</file>
         <name>pre_init.obj</name>
      </input_file>
      <input_file id="fl-8e">
         <path>C:\ti\ccsv7\tools\compiler\ti-cgt-msp430_16.9.1.LTS\lib\</path>
         <kind>archive</kind>
         <file>rts430x_lc_rd_eabi.lib</file>
         <name>sprintf.obj</name>
      </input_file>
      <input_file id="fl-8f">
         <path>C:\ti\ccsv7\tools\compiler\ti-cgt-msp430_16.9.1.LTS\lib\</path>
         <kind>archive</kind>
         <file>rts430x_lc_rd_eabi.lib</file>
         <name>strchr.obj</name>
      </input_file>
      <input_file id="fl-90">
         <path>C:\ti\ccsv7\tools\compiler\ti-cgt-msp430_16.9.1.LTS\lib\</path>
         <kind>archive</kind>
         <file>rts430x_lc_rd_eabi.lib</file>
         <name>strcmp.obj</name>
      </input_file>
      <input_file id="fl-91">
         <path>C:\ti\ccsv7\tools\compiler\ti-cgt-msp430_16.9.1.LTS\lib\</path>
         <kind>archive</kind>
         <file>rts430x_lc_rd_eabi.lib</file>
         <name>strlen.obj</name>
      </input_file>
      <input_file id="fl-92">
         <path>C:\ti\ccsv7\tools\compiler\ti-cgt-msp430_16.9.1.LTS\lib\</path>
         <kind>archive</kind>
         <file>rts430x_lc_rd_eabi.lib</file>
         <name>strncmp.obj</name>
      </input_file>
      <input_file id="fl-93">
         <path>C:\ti\ccsv7\tools\compiler\ti-cgt-msp430_16.9.1.LTS\lib\</path>
         <kind>archive</kind>
         <file>rts430x_lc_rd_eabi.lib</file>
         <name>strncpy.obj</name>
      </input_file>
      <input_file id="fl-94">
         <path>C:\ti\ccsv7\tools\compiler\ti-cgt-msp430_16.9.1.LTS\lib\</path>
         <kind>archive</kind>
         <file>rts430x_lc_rd_eabi.lib</file>
         <name>strtok.obj</name>
      </input_file>
      <input_file id="fl-95">
         <path>C:\ti\ccsv7\tools\compiler\ti-cgt-msp430_16.9.1.LTS\lib\</path>
         <kind>archive</kind>
         <file>rts430x_lc_rd_eabi.lib</file>
         <name>trgdrv.obj</name>
      </input_file>
      <input_file id="fl-96">
         <path>C:\ti\ccsv7\tools\compiler\ti-cgt-msp430_16.9.1.LTS\lib\</path>
         <kind>archive</kind>
         <file>rts430x_lc_rd_eabi.lib</file>
         <name>trgmsg.obj</name>
      </input_file>
      <input_file id="fl-97">
         <path>C:\ti\ccsv7\tools\compiler\ti-cgt-msp430_16.9.1.LTS\lib\</path>
         <kind>archive</kind>
         <file>rts430x_lc_rd_eabi.lib</file>
         <name>_bufread.obj</name>
      </input_file>
      <input_file id="fl-98">
         <path>C:\ti\ccsv7\tools\compiler\ti-cgt-msp430_16.9.1.LTS\lib\</path>
         <kind>archive</kind>
         <file>rts430x_lc_rd_eabi.lib</file>
         <name>_io_perm.obj</name>
      </input_file>
      <input_file id="fl-99">
         <path>C:\ti\ccsv7\tools\compiler\ti-cgt-msp430_16.9.1.LTS\lib\</path>
         <kind>archive</kind>
         <file>rts430x_lc_rd_eabi.lib</file>
         <name>_lock.obj</name>
      </input_file>
      <input_file id="fl-9a">
         <path>C:\ti\ccsv7\tools\compiler\ti-cgt-msp430_16.9.1.LTS\lib\</path>
         <kind>archive</kind>
         <file>rts430x_lc_rd_eabi.lib</file>
         <name>_printfi_min.obj</name>
      </input_file>
      <input_file id="fl-9b">
         <path>C:\ti\ccsv7\tools\compiler\ti-cgt-msp430_16.9.1.LTS\lib\</path>
         <kind>archive</kind>
         <file>rts430x_lc_rd_eabi.lib</file>
         <name>args_main.obj</name>
      </input_file>
      <input_file id="fl-9c">
         <path>C:\ti\ccsv7\tools\compiler\ti-cgt-msp430_16.9.1.LTS\lib\</path>
         <kind>archive</kind>
         <file>rts430x_lc_rd_eabi.lib</file>
         <name>autoinit_wdt.obj</name>
      </input_file>
      <input_file id="fl-9d">
         <path>C:\ti\ccsv7\tools\compiler\ti-cgt-msp430_16.9.1.LTS\lib\</path>
         <kind>archive</kind>
         <file>rts430x_lc_rd_eabi.lib</file>
         <name>cpy_tbl.obj</name>
      </input_file>
      <input_file id="fl-9e">
         <path>C:\ti\ccsv7\tools\compiler\ti-cgt-msp430_16.9.1.LTS\lib\</path>
         <kind>archive</kind>
         <file>rts430x_lc_rd_eabi.lib</file>
         <name>defs.obj</name>
      </input_file>
      <input_file id="fl-9f">
         <path>C:\ti\ccsv7\tools\compiler\ti-cgt-msp430_16.9.1.LTS\lib\</path>
         <kind>archive</kind>
         <file>rts430x_lc_rd_eabi.lib</file>
         <name>fflush.obj</name>
      </input_file>
      <input_file id="fl-a0">
         <path>C:\ti\ccsv7\tools\compiler\ti-cgt-msp430_16.9.1.LTS\lib\</path>
         <kind>archive</kind>
         <file>rts430x_lc_rd_eabi.lib</file>
         <name>fseek.obj</name>
      </input_file>
      <input_file id="fl-a1">
         <path>C:\ti\ccsv7\tools\compiler\ti-cgt-msp430_16.9.1.LTS\lib\</path>
         <kind>archive</kind>
         <file>rts430x_lc_rd_eabi.lib</file>
         <name>memccpy.obj</name>
      </input_file>
      <input_file id="fl-a2">
         <path>C:\ti\ccsv7\tools\compiler\ti-cgt-msp430_16.9.1.LTS\lib\</path>
         <kind>archive</kind>
         <file>rts430x_lc_rd_eabi.lib</file>
         <name>setvbuf.obj</name>
      </input_file>
      <input_file id="fl-a3">
         <path>C:\ti\ccsv7\tools\compiler\ti-cgt-msp430_16.9.1.LTS\lib\</path>
         <kind>archive</kind>
         <file>rts430x_lc_rd_eabi.lib</file>
         <name>startup.obj</name>
      </input_file>
      <input_file id="fl-a4">
         <path>C:\ti\ccsv7\tools\compiler\ti-cgt-msp430_16.9.1.LTS\lib\</path>
         <kind>archive</kind>
         <file>rts430x_lc_rd_eabi.lib</file>
         <name>strcpy.obj</name>
      </input_file>
      <input_file id="fl-a5">
         <path>C:\ti\ccsv7\tools\compiler\ti-cgt-msp430_16.9.1.LTS\lib\</path>
         <kind>archive</kind>
         <file>rts430x_lc_rd_eabi.lib</file>
         <name>strcspn.obj</name>
      </input_file>
      <input_file id="fl-a6">
         <path>C:\ti\ccsv7\tools\compiler\ti-cgt-msp430_16.9.1.LTS\lib\</path>
         <kind>archive</kind>
         <file>rts430x_lc_rd_eabi.lib</file>
         <name>strspn.obj</name>
      </input_file>
      <input_file id="fl-a7">
         <path>C:\ti\ccsv7\tools\compiler\ti-cgt-msp430_16.9.1.LTS\lib\</path>
         <kind>archive</kind>
         <file>rts430x_lc_rd_eabi.lib</file>
         <name>fopen.obj</name>
      </input_file>
      <input_file id="fl-a8">
         <path>C:\ti\ccsv7\tools\compiler\ti-cgt-msp430_16.9.1.LTS\lib\</path>
         <kind>archive</kind>
         <file>rts430x_lc_rd_eabi.lib</file>
         <name>fclose.obj</name>
      </input_file>
      <input_file id="fl-a9">
         <path>C:\ti\ccsv7\tools\compiler\ti-cgt-msp430_16.9.1.LTS\lib\</path>
         <kind>archive</kind>
         <file>rts430x_lc_rd_eabi.lib</file>
         <name>remove.obj</name>
      </input_file>
   </input_file_list>
   <object_component_list>
      <object_component id="oc-5e0">
         <name>.bss:tdTableData</name>
         <uninitialized>true</uninitialized>
         <run_address>0x2400</run_address>
         <size>0x21c</size>
         <input_file_ref idref="fl-33"/>
      </object_component>
      <object_component id="oc-4ed">
         <name>.bss:tdTable</name>
         <uninitialized>true</uninitialized>
         <run_address>0x261c</run_address>
         <size>0x6</size>
         <input_file_ref idref="fl-33"/>
      </object_component>
      <object_component id="oc-8fc">
         <name>.common:isSecureAccessEnabled</name>
         <uninitialized>true</uninitialized>
         <run_address>0x2622</run_address>
         <size>0x1</size>
      </object_component>
      <object_component id="oc-79b">
         <name>.data</name>
         <load_address>0x26fe</load_address>
         <run_address>0x26fe</run_address>
         <size>0x8</size>
         <input_file_ref idref="fl-25"/>
      </object_component>
      <object_component id="oc-43c">
         <name>.data</name>
         <load_address>0x26f6</load_address>
         <run_address>0x26f6</run_address>
         <size>0x8</size>
         <input_file_ref idref="fl-32"/>
      </object_component>
      <object_component id="oc-5dd">
         <name>.data</name>
         <load_address>0x26f5</load_address>
         <run_address>0x26f5</run_address>
         <size>0x1</size>
         <input_file_ref idref="fl-33"/>
      </object_component>
      <object_component id="oc-890">
         <name>.data:crctable</name>
         <load_address>0x26c4</load_address>
         <run_address>0x26c4</run_address>
         <size>0x20</size>
         <input_file_ref idref="fl-37"/>
      </object_component>
      <object_component id="oc-85c">
         <name>.data:hexchars</name>
         <load_address>0x26e4</load_address>
         <run_address>0x26e4</run_address>
         <size>0x11</size>
         <input_file_ref idref="fl-39"/>
      </object_component>
      <object_component id="oc-595">
         <name>.data</name>
         <load_address>0x2706</load_address>
         <run_address>0x2706</run_address>
         <size>0x4</size>
         <input_file_ref idref="fl-94"/>
      </object_component>
      <object_component id="oc-3c1">
         <name>.sysmem</name>
         <uninitialized>true</uninitialized>
         <run_address>0x2624</run_address>
         <size>0x6</size>
         <input_file_ref idref="fl-83"/>
      </object_component>
      <object_component id="oc-b13">
         <name>.sysmem</name>
         <uninitialized>true</uninitialized>
         <run_address>0x2624</run_address>
         <size>0x0</size>
      </object_component>
      <object_component id="oc-3bd">
         <name>.stack</name>
         <uninitialized>true</uninitialized>
         <run_address>0x4360</run_address>
         <size>0x4</size>
         <input_file_ref idref="fl-57"/>
      </object_component>
      <object_component id="oc-b12">
         <name>.stack</name>
         <uninitialized>true</uninitialized>
         <run_address>0x4360</run_address>
         <size>0x0</size>
      </object_component>
      <object_component id="oc-8b1">
         <name>.text:TMR_SR_addTagOp</name>
         <load_address>0x10000</load_address>
         <run_address>0x10000</run_address>
         <size>0x1942</size>
         <input_file_ref idref="fl-36"/>
      </object_component>
      <object_component id="oc-5bf">
         <name>.text:TMR_SR_paramGet</name>
         <load_address>0x11942</load_address>
         <run_address>0x11942</run_address>
         <size>0xd5c</size>
         <input_file_ref idref="fl-36"/>
      </object_component>
      <object_component id="oc-5b9">
         <name>.text:TMR_SR_paramSet</name>
         <load_address>0x1269e</load_address>
         <run_address>0x1269e</run_address>
         <size>0xd2a</size>
         <input_file_ref idref="fl-36"/>
      </object_component>
      <object_component id="oc-7f5">
         <name>.text:TMR_SR_msgSetupMultipleProtocolSearch</name>
         <load_address>0x133c8</load_address>
         <run_address>0x133c8</run_address>
         <size>0x540</size>
         <input_file_ref idref="fl-37"/>
      </object_component>
      <object_component id="oc-8f6">
         <name>.text:filterbytes</name>
         <load_address>0x13908</load_address>
         <run_address>0x13908</run_address>
         <size>0x52a</size>
         <input_file_ref idref="fl-37"/>
      </object_component>
      <object_component id="oc-6dd">
         <name>.text:TMR_SR_cmdSetProtocolConfiguration</name>
         <load_address>0x13e32</load_address>
         <run_address>0x13e32</run_address>
         <size>0x3e0</size>
         <input_file_ref idref="fl-37"/>
      </object_component>
      <object_component id="oc-660">
         <name>.text:TMR_SR_cmdSetUserProfile</name>
         <load_address>0x14212</load_address>
         <run_address>0x14212</run_address>
         <size>0x350</size>
         <input_file_ref idref="fl-37"/>
      </object_component>
      <object_component id="oc-849">
         <name>.text:TMR_fillReaderStats</name>
         <load_address>0x14562</load_address>
         <run_address>0x14562</run_address>
         <size>0x31a</size>
         <input_file_ref idref="fl-37"/>
      </object_component>
      <object_component id="oc-8ab">
         <name>.text:TMR_SR_msgSetupReadTagMultipleWithMetadata</name>
         <load_address>0x1487c</load_address>
         <run_address>0x1487c</run_address>
         <size>0x312</size>
         <input_file_ref idref="fl-37"/>
      </object_component>
      <object_component id="oc-6cb">
         <name>.text:initTxRxMapFromPorts</name>
         <load_address>0x14b8e</load_address>
         <run_address>0x14b8e</run_address>
         <size>0x2bc</size>
         <input_file_ref idref="fl-36"/>
      </object_component>
      <object_component id="oc-897">
         <name>.text:TMR_SR_receiveMessage</name>
         <load_address>0x14e4a</load_address>
         <run_address>0x14e4a</run_address>
         <size>0x2a4</size>
         <input_file_ref idref="fl-37"/>
      </object_component>
      <object_component id="oc-6d7">
         <name>.text:TMR_SR_cmdGetProtocolConfiguration</name>
         <load_address>0x150ee</load_address>
         <run_address>0x150ee</run_address>
         <size>0x28c</size>
         <input_file_ref idref="fl-37"/>
      </object_component>
      <object_component id="oc-9be">
         <name>.text:TMR_SR_msgAddHiggs3LoadImage</name>
         <load_address>0x1537a</load_address>
         <run_address>0x1537a</run_address>
         <size>0x248</size>
         <input_file_ref idref="fl-37"/>
      </object_component>
      <object_component id="oc-9c4">
         <name>.text:TMR_SR_msgAddHiggs3FastLoadImage</name>
         <load_address>0x155c2</load_address>
         <run_address>0x155c2</run_address>
         <size>0x246</size>
         <input_file_ref idref="fl-37"/>
      </object_component>
      <object_component id="oc-91c">
         <name>.text:TMR_SR_msgAddIdsSL900aSetLogLimit</name>
         <load_address>0x15808</load_address>
         <run_address>0x15808</run_address>
         <size>0x244</size>
         <input_file_ref idref="fl-37"/>
      </object_component>
      <object_component id="oc-6f0">
         <name>.text:TMR_SR_cmdGetReaderStats</name>
         <load_address>0x15a4c</load_address>
         <run_address>0x15a4c</run_address>
         <size>0x216</size>
         <input_file_ref idref="fl-37"/>
      </object_component>
      <object_component id="oc-934">
         <name>.text:TMR_SR_msgAddIdsSL900aSetCalibrationData</name>
         <load_address>0x15c62</load_address>
         <run_address>0x15c62</run_address>
         <size>0x206</size>
         <input_file_ref idref="fl-37"/>
      </object_component>
      <object_component id="oc-964">
         <name>.text:TMR_SR_msgAddIdsSL900aSetLogMode</name>
         <load_address>0x15e68</load_address>
         <run_address>0x15e68</run_address>
         <size>0x206</size>
         <input_file_ref idref="fl-37"/>
      </object_component>
      <object_component id="oc-725">
         <name>.text:TMR_SR_cmdGetReaderStatistics</name>
         <load_address>0x1606e</load_address>
         <run_address>0x1606e</run_address>
         <size>0x1ee</size>
         <input_file_ref idref="fl-37"/>
      </object_component>
      <object_component id="oc-9e2">
         <name>.text:TMR_SR_msgAddGEN2BlockWrite</name>
         <load_address>0x1625c</load_address>
         <run_address>0x1625c</run_address>
         <size>0x1de</size>
         <input_file_ref idref="fl-37"/>
      </object_component>
      <object_component id="oc-916">
         <name>.text:TMR_SR_msgAddIdsSL900aSetPassword</name>
         <load_address>0x1643a</load_address>
         <run_address>0x1643a</run_address>
         <size>0x1d2</size>
         <input_file_ref idref="fl-37"/>
      </object_component>
      <object_component id="oc-654">
         <name>.text:TMR_SR_cmdSetReaderConfiguration</name>
         <load_address>0x1660c</load_address>
         <run_address>0x1660c</run_address>
         <size>0x1d0</size>
         <input_file_ref idref="fl-37"/>
      </object_component>
      <object_component id="oc-477">
         <name>.text:TMR_create</name>
         <load_address>0x167dc</load_address>
         <run_address>0x167dc</run_address>
         <size>0x1ce</size>
         <input_file_ref idref="fl-33"/>
      </object_component>
      <object_component id="oc-9dc">
         <name>.text:TMR_SR_msgAddGEN2BlockPermaLock</name>
         <load_address>0x169aa</load_address>
         <run_address>0x169aa</run_address>
         <size>0x1c0</size>
         <input_file_ref idref="fl-37"/>
      </object_component>
      <object_component id="oc-940">
         <name>.text:TMR_SR_msgAddIdsSL900aStartLog</name>
         <load_address>0x16b6a</load_address>
         <run_address>0x16b6a</run_address>
         <size>0x1b4</size>
         <input_file_ref idref="fl-37"/>
      </object_component>
      <object_component id="oc-958">
         <name>.text:TMR_SR_msgAddIdsSL900aInitialize</name>
         <load_address>0x16d1e</load_address>
         <run_address>0x16d1e</run_address>
         <size>0x1b0</size>
         <input_file_ref idref="fl-37"/>
      </object_component>
      <object_component id="oc-9ca">
         <name>.text:TMR_SR_msgAddHiggs2FullLoadImage</name>
         <load_address>0x16ece</load_address>
         <run_address>0x16ece</run_address>
         <size>0x1a2</size>
         <input_file_ref idref="fl-37"/>
      </object_component>
      <object_component id="oc-946">
         <name>.text:TMR_SR_msgAddIdsSL900aAccessFifoWrite</name>
         <load_address>0x17070</load_address>
         <run_address>0x17070</run_address>
         <size>0x190</size>
         <input_file_ref idref="fl-37"/>
      </object_component>
      <object_component id="oc-7a8">
         <name>.text:privateUCSSourceClockFromDCO</name>
         <load_address>0x17200</load_address>
         <run_address>0x17200</run_address>
         <size>0x182</size>
         <input_file_ref idref="fl-25"/>
      </object_component>
      <object_component id="oc-92e">
         <name>.text:TMR_SR_msgAddIdsSL900aSetSfeParameters</name>
         <load_address>0x17382</load_address>
         <run_address>0x17382</run_address>
         <size>0x17e</size>
         <input_file_ref idref="fl-37"/>
      </object_component>
      <object_component id="oc-94c">
         <name>.text:TMR_SR_msgAddIdsSL900aAccessFifoRead</name>
         <load_address>0x17500</load_address>
         <run_address>0x17500</run_address>
         <size>0x178</size>
         <input_file_ref idref="fl-37"/>
      </object_component>
      <object_component id="oc-6e9">
         <name>.text:TMR_SR_cmdGetReaderConfiguration</name>
         <load_address>0x17678</load_address>
         <run_address>0x17678</run_address>
         <size>0x176</size>
         <input_file_ref idref="fl-37"/>
      </object_component>
      <object_component id="oc-634">
         <name>.text:TMR_SR_sendMessage</name>
         <load_address>0x177ee</load_address>
         <run_address>0x177ee</run_address>
         <size>0x174</size>
         <input_file_ref idref="fl-37"/>
      </object_component>
      <object_component id="oc-952">
         <name>.text:TMR_SR_msgAddIdsSL900aAccessFifoStatus</name>
         <load_address>0x17962</load_address>
         <run_address>0x17962</run_address>
         <size>0x168</size>
         <input_file_ref idref="fl-37"/>
      </object_component>
      <object_component id="oc-922">
         <name>.text:TMR_SR_msgAddIdsSL900aGetBatteryLevel</name>
         <load_address>0x17aca</load_address>
         <run_address>0x17aca</run_address>
         <size>0x168</size>
         <input_file_ref idref="fl-37"/>
      </object_component>
      <object_component id="oc-970">
         <name>.text:TMR_SR_msgAddIdsSL900aGetSensorValue</name>
         <load_address>0x17c32</load_address>
         <run_address>0x17c32</run_address>
         <size>0x168</size>
         <input_file_ref idref="fl-37"/>
      </object_component>
      <object_component id="oc-6c5">
         <name>.text:setPortValues</name>
         <load_address>0x17d9a</load_address>
         <run_address>0x17d9a</run_address>
         <size>0x168</size>
         <input_file_ref idref="fl-36"/>
      </object_component>
      <object_component id="oc-9ac">
         <name>.text:TMR_SR_msgAddNXPChangeEAS</name>
         <load_address>0x17f02</load_address>
         <run_address>0x17f02</run_address>
         <size>0x15a</size>
         <input_file_ref idref="fl-37"/>
      </object_component>
      <object_component id="oc-61a">
         <name>.text:privateUCSComputeCLKFrequency</name>
         <load_address>0x1805c</load_address>
         <run_address>0x1805c</run_address>
         <size>0x150</size>
         <input_file_ref idref="fl-25"/>
      </object_component>
      <object_component id="oc-8c5">
         <name>.text:TMR_SR_cmdVersion</name>
         <load_address>0x181ac</load_address>
         <run_address>0x181ac</run_address>
         <size>0x14e</size>
         <input_file_ref idref="fl-37"/>
      </object_component>
      <object_component id="oc-9d6">
         <name>.text:TMR_SR_msgAddGEN2BlockErase</name>
         <load_address>0x182fa</load_address>
         <run_address>0x182fa</run_address>
         <size>0x14c</size>
         <input_file_ref idref="fl-37"/>
      </object_component>
      <object_component id="oc-95e">
         <name>.text:TMR_SR_msgAddIdsSL900aEndLog</name>
         <load_address>0x18446</load_address>
         <run_address>0x18446</run_address>
         <size>0x14c</size>
         <input_file_ref idref="fl-37"/>
      </object_component>
      <object_component id="oc-93a">
         <name>.text:TMR_SR_msgAddIdsSL900aGetCalibrationData</name>
         <load_address>0x18592</load_address>
         <run_address>0x18592</run_address>
         <size>0x14c</size>
         <input_file_ref idref="fl-37"/>
      </object_component>
      <object_component id="oc-96a">
         <name>.text:TMR_SR_msgAddIdsSL900aGetLogState</name>
         <load_address>0x186de</load_address>
         <run_address>0x186de</run_address>
         <size>0x14c</size>
         <input_file_ref idref="fl-37"/>
      </object_component>
      <object_component id="oc-928">
         <name>.text:TMR_SR_msgAddIdsSL900aGetMeasurementSetup</name>
         <load_address>0x1882a</load_address>
         <run_address>0x1882a</run_address>
         <size>0x14c</size>
         <input_file_ref idref="fl-37"/>
      </object_component>
      <object_component id="oc-9b8">
         <name>.text:TMR_SR_msgAddHiggs3BlockReadLock</name>
         <load_address>0x18976</load_address>
         <run_address>0x18976</run_address>
         <size>0x142</size>
         <input_file_ref idref="fl-37"/>
      </object_component>
      <object_component id="oc-9d0">
         <name>.text:TMR_SR_msgAddHiggs2PartialLoadImage</name>
         <load_address>0x18ab8</load_address>
         <run_address>0x18ab8</run_address>
         <size>0x13a</size>
         <input_file_ref idref="fl-37"/>
      </object_component>
      <object_component id="oc-a68">
         <name>.text:_setfield</name>
         <load_address>0x18bf2</load_address>
         <run_address>0x18bf2</run_address>
         <size>0x132</size>
         <input_file_ref idref="fl-9a"/>
      </object_component>
      <object_component id="oc-579">
         <name>.text:UCS_initFLL</name>
         <load_address>0x18d24</load_address>
         <run_address>0x18d24</run_address>
         <size>0x12e</size>
         <input_file_ref idref="fl-25"/>
      </object_component>
      <object_component id="oc-9a6">
         <name>.text:TMR_SR_msgAddNXPCalibrate</name>
         <load_address>0x18e52</load_address>
         <run_address>0x18e52</run_address>
         <size>0x12c</size>
         <input_file_ref idref="fl-37"/>
      </object_component>
      <object_component id="oc-910">
         <name>.text:TMR_SR_msgAddNXPResetReadProtect</name>
         <load_address>0x18f7e</load_address>
         <run_address>0x18f7e</run_address>
         <size>0x12a</size>
         <input_file_ref idref="fl-37"/>
      </object_component>
      <object_component id="oc-9b2">
         <name>.text:TMR_SR_msgAddNXPSetReadProtect</name>
         <load_address>0x190a8</load_address>
         <run_address>0x190a8</run_address>
         <size>0x12a</size>
         <input_file_ref idref="fl-37"/>
      </object_component>
      <object_component id="oc-82e">
         <name>.text:TMR_SR_cmdGetAntennaPortPowersAndSettlingTime</name>
         <load_address>0x191d2</load_address>
         <run_address>0x191d2</run_address>
         <size>0x11c</size>
         <input_file_ref idref="fl-37"/>
      </object_component>
      <object_component id="oc-9a0">
         <name>.text:TMR_SR_msgAddMonza4QTReadWrite</name>
         <load_address>0x192ee</load_address>
         <run_address>0x192ee</run_address>
         <size>0x118</size>
         <input_file_ref idref="fl-37"/>
      </object_component>
      <object_component id="oc-90a">
         <name>.text:TMR_SR_msgAddNXPChangeConfig</name>
         <load_address>0x19406</load_address>
         <run_address>0x19406</run_address>
         <size>0x118</size>
         <input_file_ref idref="fl-37"/>
      </object_component>
      <object_component id="oc-904">
         <name>.text:TMR_SR_msgAddGEN2DataRead</name>
         <load_address>0x1951e</load_address>
         <run_address>0x1951e</run_address>
         <size>0x112</size>
         <input_file_ref idref="fl-37"/>
      </object_component>
      <object_component id="oc-689">
         <name>.text:validateReadPlan</name>
         <load_address>0x19630</load_address>
         <run_address>0x19630</run_address>
         <size>0x10e</size>
         <input_file_ref idref="fl-33"/>
      </object_component>
      <object_component id="oc-708">
         <name>.text:TMR_SR_cmdGetGPIO</name>
         <load_address>0x1973e</load_address>
         <run_address>0x1973e</run_address>
         <size>0x10a</size>
         <input_file_ref idref="fl-37"/>
      </object_component>
      <object_component id="oc-834">
         <name>.text:TMR_SR_cmdSetAntennaPortPowersAndSettlingTime</name>
         <load_address>0x19848</load_address>
         <run_address>0x19848</run_address>
         <size>0x108</size>
         <input_file_ref idref="fl-37"/>
      </object_component>
      <object_component id="oc-9ee">
         <name>.text:TMR_SR_msgAddGEN2LockTag</name>
         <load_address>0x19950</load_address>
         <run_address>0x19950</run_address>
         <size>0x108</size>
         <input_file_ref idref="fl-37"/>
      </object_component>
      <object_component id="oc-761">
         <name>.text:getPortValues</name>
         <load_address>0x19a58</load_address>
         <run_address>0x19a58</run_address>
         <size>0x104</size>
         <input_file_ref idref="fl-36"/>
      </object_component>
      <object_component id="oc-502">
         <name>.text:TMR_SR_SerialReader_init</name>
         <load_address>0x19b5c</load_address>
         <run_address>0x19b5c</run_address>
         <size>0x102</size>
         <input_file_ref idref="fl-36"/>
      </object_component>
      <object_component id="oc-801">
         <name>.text:TMR_SR_cmdProbeBaudRate</name>
         <load_address>0x19c5e</load_address>
         <run_address>0x19c5e</run_address>
         <size>0xfe</size>
         <input_file_ref idref="fl-36"/>
      </object_component>
      <object_component id="oc-4cc">
         <name>.text:UCS_initClockSignal</name>
         <load_address>0x19d5c</load_address>
         <run_address>0x19d5c</run_address>
         <size>0xfe</size>
         <input_file_ref idref="fl-25"/>
      </object_component>
      <object_component id="oc-976">
         <name>.text:TMR_SR_msgAddIAVDenatranCustomOp</name>
         <load_address>0x19e5a</load_address>
         <run_address>0x19e5a</run_address>
         <size>0xee</size>
         <input_file_ref idref="fl-37"/>
      </object_component>
      <object_component id="oc-98e">
         <name>.text:TMR_SR_msgAddIAVDenatranCustomWriteToMemMap</name>
         <load_address>0x19f48</load_address>
         <run_address>0x19f48</run_address>
         <size>0xe6</size>
         <input_file_ref idref="fl-37"/>
      </object_component>
      <object_component id="oc-a8d">
         <name>.text:_pproc_diouxp</name>
         <load_address>0x1a02e</load_address>
         <run_address>0x1a02e</run_address>
         <size>0xdc</size>
         <input_file_ref idref="fl-9a"/>
      </object_component>
      <object_component id="oc-8a4">
         <name>.text:autoDetectAntennaList</name>
         <load_address>0x1a10a</load_address>
         <run_address>0x1a10a</run_address>
         <size>0xda</size>
         <input_file_ref idref="fl-36"/>
      </object_component>
      <object_component id="oc-988">
         <name>.text:TMR_SR_msgAddIAVDenatranCustomGetTokenId</name>
         <load_address>0x1a1e4</load_address>
         <run_address>0x1a1e4</run_address>
         <size>0xd8</size>
         <input_file_ref idref="fl-37"/>
      </object_component>
      <object_component id="oc-a12">
         <name>.text:__TI_printfi_minimal</name>
         <load_address>0x1a2bc</load_address>
         <run_address>0x1a2bc</run_address>
         <size>0xd2</size>
         <input_file_ref idref="fl-9a"/>
      </object_component>
      <object_component id="oc-508">
         <name>.text:TMR_initSerialTransportTable</name>
         <load_address>0x1a38e</load_address>
         <run_address>0x1a38e</run_address>
         <size>0xcc</size>
         <input_file_ref idref="fl-33"/>
      </object_component>
      <object_component id="oc-737">
         <name>.text:TMR_SR_cmdGetAvailableProtocols</name>
         <load_address>0x1a45a</load_address>
         <run_address>0x1a45a</run_address>
         <size>0xca</size>
         <input_file_ref idref="fl-37"/>
      </object_component>
      <object_component id="oc-666">
         <name>.text:TMR_SR_cmdGetFrequencyHopTable</name>
         <load_address>0x1a524</load_address>
         <run_address>0x1a524</run_address>
         <size>0xc8</size>
         <input_file_ref idref="fl-37"/>
      </object_component>
      <object_component id="oc-8bf">
         <name>.text:verifySearchStatus</name>
         <load_address>0x1a5ec</load_address>
         <run_address>0x1a5ec</run_address>
         <size>0xc8</size>
         <input_file_ref idref="fl-36"/>
      </object_component>
      <object_component id="oc-9f4">
         <name>.text:TMR_SR_msgAddGEN2DataWrite</name>
         <load_address>0x1a6b4</load_address>
         <run_address>0x1a6b4</run_address>
         <size>0xc6</size>
         <input_file_ref idref="fl-37"/>
      </object_component>
      <object_component id="oc-8b7">
         <name>.text:TMR_SR_msgSetupReadTagSingle</name>
         <load_address>0x1a77a</load_address>
         <run_address>0x1a77a</run_address>
         <size>0xc6</size>
         <input_file_ref idref="fl-37"/>
      </object_component>
      <object_component id="oc-743">
         <name>.text:getSerialNumber</name>
         <load_address>0x1a840</load_address>
         <run_address>0x1a840</run_address>
         <size>0xc6</size>
         <input_file_ref idref="fl-36"/>
      </object_component>
      <object_component id="oc-9e8">
         <name>.text:TMR_SR_msgAddGEN2KillTag</name>
         <load_address>0x1a906</load_address>
         <run_address>0x1a906</run_address>
         <size>0xc2</size>
         <input_file_ref idref="fl-37"/>
      </object_component>
      <object_component id="oc-767">
         <name>.text:TMR_SR_cmdGetAntennaReturnLoss</name>
         <load_address>0x1a9c8</load_address>
         <run_address>0x1a9c8</run_address>
         <size>0xc0</size>
         <input_file_ref idref="fl-37"/>
      </object_component>
      <object_component id="oc-672">
         <name>.text:TMR_SR_cmdSetFrequencyHopTable</name>
         <load_address>0x1aa88</load_address>
         <run_address>0x1aa88</run_address>
         <size>0xb4</size>
         <input_file_ref idref="fl-37"/>
      </object_component>
      <object_component id="oc-58c">
         <name>.text:Timer_A_initUpMode</name>
         <load_address>0x1ab3c</load_address>
         <run_address>0x1ab3c</run_address>
         <size>0xb4</size>
         <input_file_ref idref="fl-21"/>
      </object_component>
      <object_component id="oc-7be">
         <name>.text:isContinuousReadParamSupported</name>
         <load_address>0x1abf0</load_address>
         <run_address>0x1abf0</run_address>
         <size>0xb2</size>
         <input_file_ref idref="fl-37"/>
      </object_component>
      <object_component id="oc-719">
         <name>.text:TMR_SR_cmdAntennaDetect</name>
         <load_address>0x1aca2</load_address>
         <run_address>0x1aca2</run_address>
         <size>0xac</size>
         <input_file_ref idref="fl-37"/>
      </object_component>
      <object_component id="oc-65a">
         <name>.text:TMR_SR_cmdResetReaderStats</name>
         <load_address>0x1ad4e</load_address>
         <run_address>0x1ad4e</run_address>
         <size>0xac</size>
         <input_file_ref idref="fl-37"/>
      </object_component>
      <object_component id="oc-6a7">
         <name>.text:TMR_SR_cmdSetProtocolLicenseKey</name>
         <load_address>0x1adfa</load_address>
         <run_address>0x1adfa</run_address>
         <size>0xac</size>
         <input_file_ref idref="fl-37"/>
      </object_component>
      <object_component id="oc-7e8">
         <name>.text:TMR_SR_sendTimeout</name>
         <load_address>0x1aea6</load_address>
         <run_address>0x1aea6</run_address>
         <size>0xa4</size>
         <input_file_ref idref="fl-37"/>
      </object_component>
      <object_component id="oc-683">
         <name>.text:setProtocol</name>
         <load_address>0x1af4a</load_address>
         <run_address>0x1af4a</run_address>
         <size>0xa2</size>
         <input_file_ref idref="fl-36"/>
      </object_component>
      <object_component id="oc-6ad">
         <name>.text:TMR_SR_cmdSetFrequencyHopTime</name>
         <load_address>0x1afec</load_address>
         <run_address>0x1afec</run_address>
         <size>0xa0</size>
         <input_file_ref idref="fl-37"/>
      </object_component>
      <object_component id="oc-89e">
         <name>.text:setAntennaList</name>
         <load_address>0x1b08c</load_address>
         <run_address>0x1b08c</run_address>
         <size>0x98</size>
         <input_file_ref idref="fl-36"/>
      </object_component>
      <object_component id="oc-64e">
         <name>.text:TMR_SR_cmdSetReaderWriteTimeOut</name>
         <load_address>0x1b124</load_address>
         <run_address>0x1b124</run_address>
         <size>0x96</size>
         <input_file_ref idref="fl-37"/>
      </object_component>
      <object_component id="oc-862">
         <name>.text:TMR_SR_cmdGetHardwareVersion</name>
         <load_address>0x1b1ba</load_address>
         <run_address>0x1b1ba</run_address>
         <size>0x94</size>
         <input_file_ref idref="fl-37"/>
      </object_component>
      <object_component id="oc-97c">
         <name>.text:TMR_SR_msgAddIAVDenatranCustomWriteSec</name>
         <load_address>0x1b24e</load_address>
         <run_address>0x1b24e</run_address>
         <size>0x92</size>
         <input_file_ref idref="fl-37"/>
      </object_component>
      <object_component id="oc-69b">
         <name>.text:TMR_SR_cmdSetBaudRate</name>
         <load_address>0x1b2e0</load_address>
         <run_address>0x1b2e0</run_address>
         <size>0x8e</size>
         <input_file_ref idref="fl-37"/>
      </object_component>
      <object_component id="oc-7fb">
         <name>.text:compareAntennas</name>
         <load_address>0x1b36e</load_address>
         <run_address>0x1b36e</run_address>
         <size>0x8e</size>
         <input_file_ref idref="fl-36"/>
      </object_component>
      <object_component id="oc-5b3">
         <name>.text:TMR_SR_cmdStopReading</name>
         <load_address>0x1b3fc</load_address>
         <run_address>0x1b3fc</run_address>
         <size>0x8c</size>
         <input_file_ref idref="fl-37"/>
      </object_component>
      <object_component id="oc-702">
         <name>.text:TMR_SR_cmdGetReadTxPowerWithLimits</name>
         <load_address>0x1b488</load_address>
         <run_address>0x1b488</run_address>
         <size>0x88</size>
         <input_file_ref idref="fl-37"/>
      </object_component>
      <object_component id="oc-648">
         <name>.text:TMR_SR_cmdGetReaderWriteTimeOut</name>
         <load_address>0x1b510</load_address>
         <run_address>0x1b510</run_address>
         <size>0x88</size>
         <input_file_ref idref="fl-37"/>
      </object_component>
      <object_component id="oc-68f">
         <name>.text:TMR_SR_cmdSetGPIODirection</name>
         <load_address>0x1b598</load_address>
         <run_address>0x1b598</run_address>
         <size>0x86</size>
         <input_file_ref idref="fl-37"/>
      </object_component>
      <object_component id="oc-6f6">
         <name>.text:TMR_SR_cmdGetRegionConfiguration</name>
         <load_address>0x1b61e</load_address>
         <run_address>0x1b61e</run_address>
         <size>0x84</size>
         <input_file_ref idref="fl-37"/>
      </object_component>
      <object_component id="oc-8ee">
         <name>.text:TMR_SR_cmdSetAntennaSearchList</name>
         <load_address>0x1b6a2</load_address>
         <run_address>0x1b6a2</run_address>
         <size>0x84</size>
         <input_file_ref idref="fl-37"/>
      </object_component>
      <object_component id="oc-9fa">
         <name>.text:TMR_SR_msgAddGEN2WriteTagEPC</name>
         <load_address>0x1b726</load_address>
         <run_address>0x1b726</run_address>
         <size>0x84</size>
         <input_file_ref idref="fl-37"/>
      </object_component>
      <object_component id="oc-642">
         <name>.text:TMR_paramProbe</name>
         <load_address>0x1b7aa</load_address>
         <run_address>0x1b7aa</run_address>
         <size>0x82</size>
         <input_file_ref idref="fl-33"/>
      </object_component>
      <object_component id="oc-3f4">
         <name>.text:_auto_init_hold_wdt</name>
         <load_address>0x1b82c</load_address>
         <run_address>0x1b82c</run_address>
         <size>0x82</size>
         <input_file_ref idref="fl-9c"/>
      </object_component>
      <object_component id="oc-731">
         <name>.text:TMR_SR_cmdGetFrequencyHopTime</name>
         <load_address>0x1b8ae</load_address>
         <run_address>0x1b8ae</run_address>
         <size>0x7e</size>
         <input_file_ref idref="fl-37"/>
      </object_component>
      <object_component id="oc-6bf">
         <name>.text:TMR_SR_cmdSetReadTxPower</name>
         <load_address>0x1b92c</load_address>
         <run_address>0x1b92c</run_address>
         <size>0x7e</size>
         <input_file_ref idref="fl-37"/>
      </object_component>
      <object_component id="oc-6b9">
         <name>.text:TMR_SR_cmdSetWriteTxPower</name>
         <load_address>0x1b9aa</load_address>
         <run_address>0x1b9aa</run_address>
         <size>0x7e</size>
         <input_file_ref idref="fl-37"/>
      </object_component>
      <object_component id="oc-72b">
         <name>.text:TMR_SR_cmdGetAvailableRegions</name>
         <load_address>0x1ba28</load_address>
         <run_address>0x1ba28</run_address>
         <size>0x7c</size>
         <input_file_ref idref="fl-37"/>
      </object_component>
      <object_component id="oc-6d">
         <name>.text:decompress:lzss:__TI_decompress_lzss</name>
         <load_address>0x1baa4</load_address>
         <run_address>0x1baa4</run_address>
         <size>0x78</size>
         <input_file_ref idref="fl-59"/>
      </object_component>
      <object_component id="oc-75b">
         <name>.text:TMR_SR_cmdGetReadTxPower</name>
         <load_address>0x1bb1c</load_address>
         <run_address>0x1bb1c</run_address>
         <size>0x70</size>
         <input_file_ref idref="fl-37"/>
      </object_component>
      <object_component id="oc-755">
         <name>.text:TMR_SR_cmdGetWriteTxPower</name>
         <load_address>0x1bb8c</load_address>
         <run_address>0x1bb8c</run_address>
         <size>0x70</size>
         <input_file_ref idref="fl-37"/>
      </object_component>
      <object_component id="oc-99a">
         <name>.text:TMR_SR_msgAddIAVDenatranCustomActivateSiniavMode</name>
         <load_address>0x1bbfc</load_address>
         <run_address>0x1bbfc</run_address>
         <size>0x6a</size>
         <input_file_ref idref="fl-37"/>
      </object_component>
      <object_component id="oc-5d4">
         <name>.text:TMR_reader_init_internal</name>
         <load_address>0x1bc66</load_address>
         <run_address>0x1bc66</run_address>
         <size>0x68</size>
         <input_file_ref idref="fl-33"/>
      </object_component>
      <object_component id="oc-6a1">
         <name>.text:TMR_SR_cmdResetReaderStatistics</name>
         <load_address>0x1bcce</load_address>
         <run_address>0x1bcce</run_address>
         <size>0x66</size>
         <input_file_ref idref="fl-37"/>
      </object_component>
      <object_component id="oc-994">
         <name>.text:TMR_SR_msgAddIAVDenatranCustomReadFromMemMap</name>
         <load_address>0x1bd34</load_address>
         <run_address>0x1bd34</run_address>
         <size>0x66</size>
         <input_file_ref idref="fl-37"/>
      </object_component>
      <object_component id="oc-982">
         <name>.text:TMR_SR_msgAddIAVDenatranCustomReadSec</name>
         <load_address>0x1bd9a</load_address>
         <run_address>0x1bd9a</run_address>
         <size>0x66</size>
         <input_file_ref idref="fl-37"/>
      </object_component>
      <object_component id="oc-443">
         <name>.text:copy_in</name>
         <load_address>0x1be00</load_address>
         <run_address>0x1be00</run_address>
         <size>0x66</size>
         <input_file_ref idref="fl-9d"/>
      </object_component>
      <object_component id="oc-8fe">
         <name>.text:prepEmbReadTagMultiple</name>
         <load_address>0x1be66</load_address>
         <run_address>0x1be66</run_address>
         <size>0x66</size>
         <input_file_ref idref="fl-36"/>
      </object_component>
      <object_component id="oc-77e">
         <name>.text:TMR_RP_init_simple</name>
         <load_address>0x1becc</load_address>
         <run_address>0x1becc</run_address>
         <size>0x62</size>
         <input_file_ref idref="fl-33"/>
      </object_component>
      <object_component id="oc-70e">
         <name>.text:TMR_SR_cmdGetGPIODirection</name>
         <load_address>0x1bf2e</load_address>
         <run_address>0x1bf2e</run_address>
         <size>0x60</size>
         <input_file_ref idref="fl-37"/>
      </object_component>
      <object_component id="oc-40e">
         <name>.text:main</name>
         <load_address>0x1bf8e</load_address>
         <run_address>0x1bf8e</run_address>
         <size>0x5e</size>
         <input_file_ref idref="fl-2"/>
      </object_component>
      <object_component id="oc-587">
         <name>.text</name>
         <load_address>0x1bfec</load_address>
         <run_address>0x1bfec</run_address>
         <size>0x58</size>
         <input_file_ref idref="fl-5f"/>
      </object_component>
      <object_component id="oc-81d">
         <name>.text:TMR_SR_cmdSetProtocol</name>
         <load_address>0x1c044</load_address>
         <run_address>0x1c044</run_address>
         <size>0x56</size>
         <input_file_ref idref="fl-37"/>
      </object_component>
      <object_component id="oc-66c">
         <name>.text:TMR_SR_cmdSetRegionLbt</name>
         <load_address>0x1c09a</load_address>
         <run_address>0x1c09a</run_address>
         <size>0x56</size>
         <input_file_ref idref="fl-37"/>
      </object_component>
      <object_component id="oc-6b3">
         <name>.text:TMR_SR_cmdSetTxRxPorts</name>
         <load_address>0x1c0f0</load_address>
         <run_address>0x1c0f0</run_address>
         <size>0x56</size>
         <input_file_ref idref="fl-37"/>
      </object_component>
      <object_component id="oc-7c4">
         <name>.text:tm_crc</name>
         <load_address>0x1c146</load_address>
         <run_address>0x1c146</run_address>
         <size>0x56</size>
         <input_file_ref idref="fl-37"/>
      </object_component>
      <object_component id="oc-4e7">
         <name>.text:strtok</name>
         <load_address>0x1c19c</load_address>
         <run_address>0x1c19c</run_address>
         <size>0x54</size>
         <input_file_ref idref="fl-94"/>
      </object_component>
      <object_component id="oc-807">
         <name>.text:TMR_SR_cmdGetCurrentProtocol</name>
         <load_address>0x1c1f0</load_address>
         <run_address>0x1c1f0</run_address>
         <size>0x52</size>
         <input_file_ref idref="fl-37"/>
      </object_component>
      <object_component id="oc-7b8">
         <name>.text:TMR_SR_sendBytes</name>
         <load_address>0x1c242</load_address>
         <run_address>0x1c242</run_address>
         <size>0x4e</size>
         <input_file_ref idref="fl-37"/>
      </object_component>
      <object_component id="oc-888">
         <name>.text:TMR__notifyTransportListeners</name>
         <load_address>0x1c290</load_address>
         <run_address>0x1c290</run_address>
         <size>0x4e</size>
         <input_file_ref idref="fl-33"/>
      </object_component>
      <object_component id="oc-4d2">
         <name>.text:UCS_initFLLSettle</name>
         <load_address>0x1c2de</load_address>
         <run_address>0x1c2de</run_address>
         <size>0x4e</size>
         <input_file_ref idref="fl-25"/>
      </object_component>
      <object_component id="oc-4d9">
         <name>.text:configureSysTimer</name>
         <load_address>0x1c32c</load_address>
         <run_address>0x1c32c</run_address>
         <size>0x4c</size>
         <input_file_ref idref="fl-32"/>
      </object_component>
      <object_component id="oc-71f">
         <name>.text:TMR_SR_cmdGetPowerMode</name>
         <load_address>0x1c378</load_address>
         <run_address>0x1c378</run_address>
         <size>0x48</size>
         <input_file_ref idref="fl-37"/>
      </object_component>
      <object_component id="oc-6fc">
         <name>.text:TMR_SR_cmdGetRegion</name>
         <load_address>0x1c3c0</load_address>
         <run_address>0x1c3c0</run_address>
         <size>0x48</size>
         <input_file_ref idref="fl-37"/>
      </object_component>
      <object_component id="oc-76d">
         <name>.text:TMR_SR_cmdGetUserMode</name>
         <load_address>0x1c408</load_address>
         <run_address>0x1c408</run_address>
         <size>0x48</size>
         <input_file_ref idref="fl-37"/>
      </object_component>
      <object_component id="oc-a6e">
         <name>.text:_pproc_str</name>
         <load_address>0x1c450</load_address>
         <run_address>0x1c450</run_address>
         <size>0x48</size>
         <input_file_ref idref="fl-9a"/>
      </object_component>
      <object_component id="oc-74f">
         <name>.text:TMR_SR_cmdGetTemperature</name>
         <load_address>0x1c498</load_address>
         <run_address>0x1c498</run_address>
         <size>0x46</size>
         <input_file_ref idref="fl-37"/>
      </object_component>
      <object_component id="oc-8e7">
         <name>.text:sprintf</name>
         <load_address>0x1c4de</load_address>
         <run_address>0x1c4de</run_address>
         <size>0x44</size>
         <input_file_ref idref="fl-8e"/>
      </object_component>
      <object_component id="oc-695">
         <name>.text:TMR_SR_cmdSetPowerMode</name>
         <load_address>0x1c522</load_address>
         <run_address>0x1c522</run_address>
         <size>0x40</size>
         <input_file_ref idref="fl-37"/>
      </object_component>
      <object_component id="oc-678">
         <name>.text:TMR_SR_cmdSetRegion</name>
         <load_address>0x1c562</load_address>
         <run_address>0x1c562</run_address>
         <size>0x40</size>
         <input_file_ref idref="fl-37"/>
      </object_component>
      <object_component id="oc-6d1">
         <name>.text:TMR_SR_cmdSetUserMode</name>
         <load_address>0x1c5a2</load_address>
         <run_address>0x1c5a2</run_address>
         <size>0x40</size>
         <input_file_ref idref="fl-37"/>
      </object_component>
      <object_component id="oc-a27">
         <name>.text:TMR_SR_msgSetupReadTagMultiple</name>
         <load_address>0x1c5e2</load_address>
         <run_address>0x1c5e2</run_address>
         <size>0x40</size>
         <input_file_ref idref="fl-37"/>
      </object_component>
      <object_component id="oc-7a3">
         <name>.text</name>
         <load_address>0x1c622</load_address>
         <run_address>0x1c622</run_address>
         <size>0x40</size>
         <input_file_ref idref="fl-5e"/>
      </object_component>
      <object_component id="oc-73d">
         <name>.text:TMR_hexDottedQuad</name>
         <load_address>0x1c662</load_address>
         <run_address>0x1c662</run_address>
         <size>0x3e</size>
         <input_file_ref idref="fl-39"/>
      </object_component>
      <object_component id="oc-7e2">
         <name>.text:l_asr_const</name>
         <load_address>0x1c6a0</load_address>
         <run_address>0x1c6a0</run_address>
         <size>0x3e</size>
         <input_file_ref idref="fl-56"/>
      </object_component>
      <object_component id="oc-80e">
         <name>.text:l_lsl_const</name>
         <load_address>0x1c6de</load_address>
         <run_address>0x1c6de</run_address>
         <size>0x3e</size>
         <input_file_ref idref="fl-7b"/>
      </object_component>
      <object_component id="oc-815">
         <name>.text:l_lsr_const</name>
         <load_address>0x1c71c</load_address>
         <run_address>0x1c71c</run_address>
         <size>0x3e</size>
         <input_file_ref idref="fl-7e"/>
      </object_component>
      <object_component id="oc-a32">
         <name>.text:__mspabi_sllll</name>
         <load_address>0x1c75a</load_address>
         <run_address>0x1c75a</run_address>
         <size>0x3a</size>
         <input_file_ref idref="fl-7c"/>
      </object_component>
      <object_component id="oc-a38">
         <name>.text:__mspabi_srlll</name>
         <load_address>0x1c794</load_address>
         <run_address>0x1c794</run_address>
         <size>0x3a</size>
         <input_file_ref idref="fl-7f"/>
      </object_component>
      <object_component id="oc-5e3">
         <name>.text:TMR_stringCopy</name>
         <load_address>0x1c7ce</load_address>
         <run_address>0x1c7ce</run_address>
         <size>0x34</size>
         <input_file_ref idref="fl-34"/>
      </object_component>
      <object_component id="oc-581">
         <name>.text:UCS_getSMCLK</name>
         <load_address>0x1c802</load_address>
         <run_address>0x1c802</run_address>
         <size>0x32</size>
         <input_file_ref idref="fl-25"/>
      </object_component>
      <object_component id="oc-749">
         <name>.text:getHardwareInfo</name>
         <load_address>0x1c834</load_address>
         <run_address>0x1c834</run_address>
         <size>0x32</size>
         <input_file_ref idref="fl-36"/>
      </object_component>
      <object_component id="oc-4fc">
         <name>.text:strncpy</name>
         <load_address>0x1c866</load_address>
         <run_address>0x1c866</run_address>
         <size>0x32</size>
         <input_file_ref idref="fl-93"/>
      </object_component>
      <object_component id="oc-7d3">
         <name>.text:TMR_paramGet</name>
         <load_address>0x1c898</load_address>
         <run_address>0x1c898</run_address>
         <size>0x30</size>
         <input_file_ref idref="fl-33"/>
      </object_component>
      <object_component id="oc-8e0">
         <name>.text:memmove</name>
         <load_address>0x1c8c8</load_address>
         <run_address>0x1c8c8</run_address>
         <size>0x2e</size>
         <input_file_ref idref="fl-82"/>
      </object_component>
      <object_component id="oc-4e1">
         <name>.text:strncmp</name>
         <load_address>0x1c8f6</load_address>
         <run_address>0x1c8f6</run_address>
         <size>0x2e</size>
         <input_file_ref idref="fl-92"/>
      </object_component>
      <object_component id="oc-79e">
         <name>.text</name>
         <load_address>0x1c924</load_address>
         <run_address>0x1c924</run_address>
         <size>0x2c</size>
         <input_file_ref idref="fl-5c"/>
      </object_component>
      <object_component id="oc-59e">
         <name>.text:strcspn</name>
         <load_address>0x1c950</load_address>
         <run_address>0x1c950</run_address>
         <size>0x2c</size>
         <input_file_ref idref="fl-a5"/>
      </object_component>
      <object_component id="oc-598">
         <name>.text:strspn</name>
         <load_address>0x1c97c</load_address>
         <run_address>0x1c97c</run_address>
         <size>0x2a</size>
         <input_file_ref idref="fl-a6"/>
      </object_component>
      <object_component id="oc-840">
         <name>.text:TMR_iso18000BBLFValToInt</name>
         <load_address>0x1c9a6</load_address>
         <run_address>0x1c9a6</run_address>
         <size>0x26</size>
         <input_file_ref idref="fl-37"/>
      </object_component>
      <object_component id="oc-8f">
         <name>.text:decompress:ZI:__TI_zero_init</name>
         <load_address>0x1c9cc</load_address>
         <run_address>0x1c9cc</run_address>
         <size>0x24</size>
         <input_file_ref idref="fl-5b"/>
      </object_component>
      <object_component id="oc-880">
         <name>.text</name>
         <load_address>0x1c9f0</load_address>
         <run_address>0x1c9f0</run_address>
         <size>0x24</size>
         <input_file_ref idref="fl-8b"/>
      </object_component>
      <object_component id="oc-46a">
         <name>.text:init</name>
         <load_address>0x1ca14</load_address>
         <run_address>0x1ca14</run_address>
         <size>0x22</size>
         <input_file_ref idref="fl-2"/>
      </object_component>
      <object_component id="oc-a06">
         <name>.text:_outs</name>
         <load_address>0x1ca36</load_address>
         <run_address>0x1ca36</run_address>
         <size>0x20</size>
         <input_file_ref idref="fl-8e"/>
      </object_component>
      <object_component id="oc-a93">
         <name>.text:memccpy</name>
         <load_address>0x1ca56</load_address>
         <run_address>0x1ca56</run_address>
         <size>0x1e</size>
         <input_file_ref idref="fl-a1"/>
      </object_component>
      <object_component id="oc-4f0">
         <name>.text:strcmp</name>
         <load_address>0x1ca74</load_address>
         <run_address>0x1ca74</run_address>
         <size>0x1c</size>
         <input_file_ref idref="fl-90"/>
      </object_component>
      <object_component id="oc-49d">
         <name>.text</name>
         <load_address>0x1ca90</load_address>
         <run_address>0x1ca90</run_address>
         <size>0x18</size>
         <input_file_ref idref="fl-88"/>
      </object_component>
      <object_component id="oc-790">
         <name>.text:tm_memcpy</name>
         <load_address>0x1caa8</load_address>
         <run_address>0x1caa8</run_address>
         <size>0x18</size>
         <input_file_ref idref="fl-34"/>
      </object_component>
      <object_component id="oc-5c5">
         <name>.text:memset</name>
[...]
         <name>TMR_SR_cmdSetWriteTxPower</name>
         <value>0x1b9aa</value>
         <object_component_ref idref="oc-6b9"/>
      </symbol>
      <symbol id="sm-cc8">
         <name>TMR_SR_cmdSetGPIODirection</name>
         <value>0x1b598</value>
         <object_component_ref idref="oc-68f"/>
      </symbol>
      <symbol id="sm-cc9">
         <name>TMR_SR_cmdGetRegion</name>
         <value>0x1c3c0</value>
         <object_component_ref idref="oc-6fc"/>
      </symbol>
      <symbol id="sm-cca">
         <name>TMR_SR_msgAddGEN2BlockWrite</name>
         <value>0x1625c</value>
         <object_component_ref idref="oc-9e2"/>
      </symbol>
      <symbol id="sm-ccb">
         <name>TMR_SR_cmdGetGPIODirection</name>
         <value>0x1bf2e</value>
         <object_component_ref idref="oc-70e"/>
      </symbol>
      <symbol id="sm-ccc">
         <name>TMR_SR_cmdGetUserMode</name>
         <value>0x1c408</value>
         <object_component_ref idref="oc-76d"/>
      </symbol>
      <symbol id="sm-ccd">
         <name>TMR_SR_msgAddGEN2DataWrite</name>
         <value>0x1a6b4</value>
         <object_component_ref idref="oc-9f4"/>
      </symbol>
      <symbol id="sm-cce">
         <name>TMR_SR_cmdSetFrequencyHopTable</name>
         <value>0x1aa88</value>
         <object_component_ref idref="oc-672"/>
      </symbol>
      <symbol id="sm-ccf">
         <name>TMR_SR_msgAddNXPChangeEAS</name>
         <value>0x17f02</value>
         <object_component_ref idref="oc-9ac"/>
      </symbol>
      <symbol id="sm-cd0">
         <name>TMR_SR_cmdGetHardwareVersion</name>
         <value>0x1b1ba</value>
         <object_component_ref idref="oc-862"/>
      </symbol>
      <symbol id="sm-cdc">
         <name>TMR_SR_SerialTransportNativeInit</name>
         <value>0x1cbca</value>
         <object_component_ref idref="oc-5e9"/>
      </symbol>
      <symbol id="sm-cf1">
         <name>TMR_hexDottedQuad</name>
         <value>0x1c662</value>
         <object_component_ref idref="oc-73d"/>
      </symbol>
      <symbol id="sm-cfb">
         <name>__mspabi_srai</name>
         <value>0x1cba4</value>
         <object_component_ref idref="oc-714"/>
      </symbol>
      <symbol id="sm-d03">
         <name>__mspabi_sral_15</name>
         <value>0x1c6a0</value>
         <object_component_ref idref="oc-7e2"/>
      </symbol>
      <symbol id="sm-d04">
         <name>__mspabi_sral_14</name>
         <value>0x1c6a4</value>
         <object_component_ref idref="oc-7e2"/>
      </symbol>
      <symbol id="sm-d05">
         <name>__mspabi_sral_13</name>
         <value>0x1c6a8</value>
         <object_component_ref idref="oc-7e2"/>
      </symbol>
      <symbol id="sm-d06">
         <name>__mspabi_sral_12</name>
         <value>0x1c6ac</value>
         <object_component_ref idref="oc-7e2"/>
      </symbol>
      <symbol id="sm-d07">
         <name>__mspabi_sral_11</name>
         <value>0x1c6b0</value>
         <object_component_ref idref="oc-7e2"/>
      </symbol>
      <symbol id="sm-d08">
         <name>__mspabi_sral_10</name>
         <value>0x1c6b4</value>
         <object_component_ref idref="oc-7e2"/>
      </symbol>
      <symbol id="sm-d09">
         <name>__mspabi_sral_8</name>
         <value>0x1c6bc</value>
         <object_component_ref idref="oc-7e2"/>
      </symbol>
      <symbol id="sm-d0a">
         <name>__mspabi_sral_9</name>
         <value>0x1c6b8</value>
         <object_component_ref idref="oc-7e2"/>
      </symbol>
      <symbol id="sm-d0b">
         <name>__mspabi_sral_6</name>
         <value>0x1c6c4</value>
         <object_component_ref idref="oc-7e2"/>
      </symbol>
      <symbol id="sm-d0c">
         <name>__mspabi_sral_7</name>
         <value>0x1c6c0</value>
         <object_component_ref idref="oc-7e2"/>
      </symbol>
      <symbol id="sm-d0d">
         <name>__mspabi_sral_4</name>
         <value>0x1c6cc</value>
         <object_component_ref idref="oc-7e2"/>
      </symbol>
      <symbol id="sm-d0e">
         <name>__mspabi_sral_5</name>
         <value>0x1c6c8</value>
         <object_component_ref idref="oc-7e2"/>
      </symbol>
      <symbol id="sm-d0f">
         <name>__mspabi_sral_2</name>
         <value>0x1c6d4</value>
         <object_component_ref idref="oc-7e2"/>
      </symbol>
      <symbol id="sm-d10">
         <name>__mspabi_sral_3</name>
         <value>0x1c6d0</value>
         <object_component_ref idref="oc-7e2"/>
      </symbol>
      <symbol id="sm-d11">
         <name>__mspabi_sral_1</name>
         <value>0x1c6d8</value>
         <object_component_ref idref="oc-7e2"/>
      </symbol>
      <symbol id="sm-d19">
         <name>_stack</name>
         <value>0x4360</value>
         <object_component_ref idref="oc-3bd"/>
      </symbol>
      <symbol id="sm-d1a">
         <name>_reset_vector</name>
         <value>0xfffe</value>
         <object_component_ref idref="oc-3c0"/>
      </symbol>
      <symbol id="sm-d24">
         <name>_c_int00_noargs_noexit</name>
         <value>0x4400</value>
         <object_component_ref idref="oc-ad"/>
      </symbol>
      <symbol id="sm-d42">
         <name>__TI_decompress_lzss</name>
         <value>0x1baa4</value>
         <object_component_ref idref="oc-6d"/>
      </symbol>
      <symbol id="sm-d58">
         <name>__TI_decompress_none</name>
         <value>0x1cb2a</value>
         <object_component_ref idref="oc-73"/>
      </symbol>
      <symbol id="sm-d6b">
         <name>__TI_zero_init</name>
         <value>0x1c9cc</value>
         <object_component_ref idref="oc-8f"/>
      </symbol>
      <symbol id="sm-d77">
         <name>__mspabi_remi</name>
         <value>0x1c924</value>
         <object_component_ref idref="oc-79e"/>
      </symbol>
      <symbol id="sm-d78">
         <name>__mspabi_divi</name>
         <value>0x1c924</value>
         <object_component_ref idref="oc-79e"/>
      </symbol>
      <symbol id="sm-d82">
         <name>__mspabi_remu</name>
         <value>0x1cad6</value>
         <object_component_ref idref="oc-879"/>
      </symbol>
      <symbol id="sm-d83">
         <name>__mspabi_divu</name>
         <value>0x1cad6</value>
         <object_component_ref idref="oc-879"/>
      </symbol>
      <symbol id="sm-d8f">
         <name>__mspabi_remli</name>
         <value>0x1c622</value>
         <object_component_ref idref="oc-7a3"/>
      </symbol>
      <symbol id="sm-d90">
         <name>__mspabi_divli</name>
         <value>0x1c622</value>
         <object_component_ref idref="oc-7a3"/>
      </symbol>
      <symbol id="sm-d9e">
         <name>__mspabi_remul</name>
         <value>0x1bfec</value>
         <object_component_ref idref="oc-587"/>
      </symbol>
      <symbol id="sm-d9f">
         <name>__mspabi_divul</name>
         <value>0x1bfec</value>
         <object_component_ref idref="oc-587"/>
      </symbol>
      <symbol id="sm-da9">
         <name>C$$EXIT</name>
         <value>0x1cbd0</value>
         <object_component_ref idref="oc-416"/>
      </symbol>
      <symbol id="sm-daa">
         <name>abort</name>
         <value>0x1cbd0</value>
         <object_component_ref idref="oc-416"/>
      </symbol>
      <symbol id="sm-db4">
         <name>__TI_int41</name>
         <value>0xffd2</value>
         <object_component_ref idref="oc-79"/>
      </symbol>
      <symbol id="sm-db7">
         <name>__TI_int42</name>
         <value>0xffd4</value>
         <object_component_ref idref="oc-7a"/>
      </symbol>
      <symbol id="sm-dba">
         <name>__TI_int43</name>
         <value>0xffd6</value>
         <object_component_ref idref="oc-7b"/>
      </symbol>
      <symbol id="sm-dbd">
         <name>__TI_int44</name>
         <value>0xffd8</value>
         <object_component_ref idref="oc-7c"/>
      </symbol>
      <symbol id="sm-dc0">
         <name>__TI_int45</name>
         <value>0xffda</value>
         <object_component_ref idref="oc-7d"/>
      </symbol>
      <symbol id="sm-dc3">
         <name>__TI_int46</name>
         <value>0xffdc</value>
         <object_component_ref idref="oc-7e"/>
      </symbol>
      <symbol id="sm-dc6">
         <name>__TI_int47</name>
         <value>0xffde</value>
         <object_component_ref idref="oc-7f"/>
      </symbol>
      <symbol id="sm-dc9">
         <name>__TI_int48</name>
         <value>0xffe0</value>
         <object_component_ref idref="oc-80"/>
      </symbol>
      <symbol id="sm-dcc">
         <name>__TI_int49</name>
         <value>0xffe2</value>
         <object_component_ref idref="oc-81"/>
      </symbol>
      <symbol id="sm-dcf">
         <name>__TI_int50</name>
         <value>0xffe4</value>
         <object_component_ref idref="oc-82"/>
      </symbol>
      <symbol id="sm-dd2">
         <name>__TI_int51</name>
         <value>0xffe6</value>
         <object_component_ref idref="oc-83"/>
      </symbol>
      <symbol id="sm-dd5">
         <name>__TI_int52</name>
         <value>0xffe8</value>
         <object_component_ref idref="oc-84"/>
      </symbol>
      <symbol id="sm-dd8">
         <name>__TI_int54</name>
         <value>0xffec</value>
         <object_component_ref idref="oc-86"/>
      </symbol>
      <symbol id="sm-ddb">
         <name>__TI_int55</name>
         <value>0xffee</value>
         <object_component_ref idref="oc-87"/>
      </symbol>
      <symbol id="sm-dde">
         <name>__TI_int56</name>
         <value>0xfff0</value>
         <object_component_ref idref="oc-88"/>
      </symbol>
      <symbol id="sm-de1">
         <name>__TI_int57</name>
         <value>0xfff2</value>
         <object_component_ref idref="oc-89"/>
      </symbol>
      <symbol id="sm-de4">
         <name>__TI_int58</name>
         <value>0xfff4</value>
         <object_component_ref idref="oc-8a"/>
      </symbol>
      <symbol id="sm-de7">
         <name>__TI_int59</name>
         <value>0xfff6</value>
         <object_component_ref idref="oc-8b"/>
      </symbol>
      <symbol id="sm-dea">
         <name>__TI_int60</name>
         <value>0xfff8</value>
         <object_component_ref idref="oc-8c"/>
      </symbol>
      <symbol id="sm-ded">
         <name>__TI_int61</name>
         <value>0xfffa</value>
         <object_component_ref idref="oc-8d"/>
      </symbol>
      <symbol id="sm-df0">
         <name>__TI_int62</name>
         <value>0xfffc</value>
         <object_component_ref idref="oc-8e"/>
      </symbol>
      <symbol id="sm-df8">
         <name>__TI_ISR_TRAP</name>
         <value>0x442c</value>
         <object_component_ref idref="oc-3dc"/>
      </symbol>
      <symbol id="sm-e07">
         <name>__mspabi_slli</name>
         <value>0x1cbae</value>
         <object_component_ref idref="oc-67e"/>
      </symbol>
      <symbol id="sm-e17">
         <name>__mspabi_slll_9</name>
         <value>0x1c6f6</value>
         <object_component_ref idref="oc-80e"/>
      </symbol>
      <symbol id="sm-e18">
         <name>__mspabi_slll_8</name>
         <value>0x1c6fa</value>
         <object_component_ref idref="oc-80e"/>
      </symbol>
      <symbol id="sm-e19">
         <name>__mspabi_slll_7</name>
         <value>0x1c6fe</value>
         <object_component_ref idref="oc-80e"/>
      </symbol>
      <symbol id="sm-e1a">
         <name>__mspabi_slll_6</name>
         <value>0x1c702</value>
         <object_component_ref idref="oc-80e"/>
      </symbol>
      <symbol id="sm-e1b">
         <name>__mspabi_slll_5</name>
         <value>0x1c706</value>
         <object_component_ref idref="oc-80e"/>
      </symbol>
      <symbol id="sm-e1c">
         <name>__mspabi_slll_4</name>
         <value>0x1c70a</value>
         <object_component_ref idref="oc-80e"/>
      </symbol>
      <symbol id="sm-e1d">
         <name>__mspabi_slll_3</name>
         <value>0x1c70e</value>
         <object_component_ref idref="oc-80e"/>
      </symbol>
      <symbol id="sm-e1e">
         <name>__mspabi_slll_2</name>
         <value>0x1c712</value>
         <object_component_ref idref="oc-80e"/>
      </symbol>
      <symbol id="sm-e1f">
         <name>__mspabi_slll_1</name>
         <value>0x1c716</value>
         <object_component_ref idref="oc-80e"/>
      </symbol>
      <symbol id="sm-e20">
         <name>__mspabi_slll</name>
         <value>0x1cb4e</value>
         <object_component_ref idref="oc-773"/>
      </symbol>
      <symbol id="sm-e21">
         <name>__mspabi_slll_15</name>
         <value>0x1c6de</value>
         <object_component_ref idref="oc-80e"/>
      </symbol>
      <symbol id="sm-e22">
         <name>__mspabi_slll_14</name>
         <value>0x1c6e2</value>
         <object_component_ref idref="oc-80e"/>
      </symbol>
      <symbol id="sm-e23">
         <name>__mspabi_slll_13</name>
         <value>0x1c6e6</value>
         <object_component_ref idref="oc-80e"/>
      </symbol>
      <symbol id="sm-e24">
         <name>__mspabi_slll_12</name>
         <value>0x1c6ea</value>
         <object_component_ref idref="oc-80e"/>
      </symbol>
      <symbol id="sm-e25">
         <name>__mspabi_slll_11</name>
         <value>0x1c6ee</value>
         <object_component_ref idref="oc-80e"/>
      </symbol>
      <symbol id="sm-e26">
         <name>__mspabi_slll_10</name>
         <value>0x1c6f2</value>
         <object_component_ref idref="oc-80e"/>
      </symbol>
      <symbol id="sm-e33">
         <name>__mspabi_sllll</name>
         <value>0x1c75a</value>
         <object_component_ref idref="oc-a32"/>
      </symbol>
      <symbol id="sm-e3c">
         <name>__mspabi_srli</name>
         <value>0x1cbb8</value>
         <object_component_ref idref="oc-a1b"/>
      </symbol>
      <symbol id="sm-e4c">
         <name>__mspabi_srll_8</name>
         <value>0x1c738</value>
         <object_component_ref idref="oc-815"/>
      </symbol>
      <symbol id="sm-e4d">
         <name>__mspabi_srll_9</name>
         <value>0x1c734</value>
         <object_component_ref idref="oc-815"/>
      </symbol>
      <symbol id="sm-e4e">
         <name>__mspabi_srll_6</name>
         <value>0x1c740</value>
         <object_component_ref idref="oc-815"/>
      </symbol>
      <symbol id="sm-e4f">
         <name>__mspabi_srll_7</name>
         <value>0x1c73c</value>
         <object_component_ref idref="oc-815"/>
      </symbol>
      <symbol id="sm-e50">
         <name>__mspabi_srll_4</name>
         <value>0x1c748</value>
         <object_component_ref idref="oc-815"/>
      </symbol>
      <symbol id="sm-e51">
         <name>__mspabi_srll_5</name>
         <value>0x1c744</value>
         <object_component_ref idref="oc-815"/>
      </symbol>
      <symbol id="sm-e52">
         <name>__mspabi_srll_2</name>
         <value>0x1c750</value>
         <object_component_ref idref="oc-815"/>
      </symbol>
      <symbol id="sm-e53">
         <name>__mspabi_srll_3</name>
         <value>0x1c74c</value>
         <object_component_ref idref="oc-815"/>
      </symbol>
      <symbol id="sm-e54">
         <name>__mspabi_srll_1</name>
         <value>0x1c754</value>
         <object_component_ref idref="oc-815"/>
      </symbol>
      <symbol id="sm-e55">
         <name>__mspabi_srll_15</name>
         <value>0x1c71c</value>
         <object_component_ref idref="oc-815"/>
      </symbol>
      <symbol id="sm-e56">
         <name>__mspabi_srll_14</name>
         <value>0x1c720</value>
         <object_component_ref idref="oc-815"/>
      </symbol>
      <symbol id="sm-e57">
         <name>__mspabi_srll_13</name>
         <value>0x1c724</value>
         <object_component_ref idref="oc-815"/>
      </symbol>
      <symbol id="sm-e58">
         <name>__mspabi_srll_12</name>
         <value>0x1c728</value>
         <object_component_ref idref="oc-815"/>
      </symbol>
      <symbol id="sm-e59">
         <name>__mspabi_srll_11</name>
         <value>0x1c72c</value>
         <object_component_ref idref="oc-815"/>
      </symbol>
      <symbol id="sm-e5a">
         <name>__mspabi_srll_10</name>
         <value>0x1c730</value>
         <object_component_ref idref="oc-815"/>
      </symbol>
      <symbol id="sm-e5b">
         <name>__mspabi_srll</name>
         <value>0x1cb5e</value>
         <object_component_ref idref="oc-63d"/>
      </symbol>
      <symbol id="sm-e68">
         <name>__mspabi_srlll</name>
         <value>0x1c794</value>
         <object_component_ref idref="oc-a38"/>
      </symbol>
      <symbol id="sm-e77">
         <name>memcpy</name>
         <value>0x1cb16</value>
         <object_component_ref idref="oc-3cf"/>
      </symbol>
      <symbol id="sm-e86">
         <name>memmove</name>
         <value>0x1c8c8</value>
         <object_component_ref idref="oc-8e0"/>
      </symbol>
      <symbol id="sm-e95">
         <name>_sys_memory</name>
         <value>0x2624</value>
         <object_component_ref idref="oc-3c1"/>
      </symbol>
      <symbol id="sm-ea3">
         <name>memset</name>
         <value>0x1cac0</value>
         <object_component_ref idref="oc-5c5"/>
      </symbol>
      <symbol id="sm-eae">
         <name>__mspabi_mpyi_f5hw</name>
         <value>0x1ca90</value>
         <object_component_ref idref="oc-49d"/>
      </symbol>
      <symbol id="sm-eb8">
         <name>__mspabi_mpyl_f5hw</name>
         <value>0x1c9f0</value>
         <object_component_ref idref="oc-880"/>
      </symbol>
      <symbol id="sm-ec2">
         <name>_system_pre_init</name>
         <value>0x1cbd6</value>
         <object_component_ref idref="oc-3ee"/>
      </symbol>
      <symbol id="sm-ede">
         <name>sprintf</name>
         <value>0x1c4de</value>
         <object_component_ref idref="oc-8e7"/>
      </symbol>
      <symbol id="sm-eed">
         <name>strcmp</name>
         <value>0x1ca74</value>
         <object_component_ref idref="oc-4f0"/>
      </symbol>
      <symbol id="sm-efa">
         <name>strlen</name>
         <value>0x1cb8c</value>
         <object_component_ref idref="oc-4f6"/>
      </symbol>
      <symbol id="sm-f0a">
         <name>strncmp</name>
         <value>0x1c8f6</value>
         <object_component_ref idref="oc-4e1"/>
      </symbol>
      <symbol id="sm-f1a">
         <name>strncpy</name>
         <value>0x1c866</value>
         <object_component_ref idref="oc-4fc"/>
      </symbol>
      <symbol id="sm-f30">
         <name>strtok</name>
         <value>0x1c19c</value>
         <object_component_ref idref="oc-4e7"/>
      </symbol>
      <symbol id="sm-f87">
         <name>__TI_printfi_minimal</name>
         <value>0x1a2bc</value>
         <object_component_ref idref="oc-a12"/>
      </symbol>
      <symbol id="sm-faa">
         <name>_auto_init_hold_wdt</name>
         <value>0x1b82c</value>
         <object_component_ref idref="oc-3f4"/>
      </symbol>
      <symbol id="sm-fc0">
         <name>copy_in</name>
         <value>0x1be00</value>
         <object_component_ref idref="oc-443"/>
      </symbol>
      <symbol id="sm-fd2">
         <name>memccpy</name>
         <value>0x1ca56</value>
         <object_component_ref idref="oc-a93"/>
      </symbol>
      <symbol id="sm-fdc">
         <name>_system_post_cinit</name>
         <value>0x1cbda</value>
         <object_component_ref idref="oc-449"/>
      </symbol>
      <symbol id="sm-fed">
         <name>strcspn</name>
         <value>0x1c950</value>
         <object_component_ref idref="oc-59e"/>
      </symbol>
      <symbol id="sm-fff">
         <name>strspn</name>
         <value>0x1c97c</value>
         <object_component_ref idref="oc-598"/>
      </symbol>
      <symbol id="sm-1004">
         <name>__TI_BINIT_Base</name>
         <value>0x0</value>
      </symbol>
      <symbol id="sm-1005">
         <name>__TI_BINIT_Limit</name>
         <value>0x0</value>
      </symbol>
      <symbol id="sm-1006">
         <name>__TI_INITARRAY_Base</name>
         <value>0x0</value>
      </symbol>
      <symbol id="sm-1007">
         <name>__TI_INITARRAY_Limit</name>
         <value>0x0</value>
      </symbol>
   </symbol_table>
   <title>Link successful</title>
</link_info>
