<?xml version="1.0"?>
<link_info>
   <banner>MSP430 Linker PC v16.9.1.LTS</banner>
   <copyright>Copyright (c) 2003-2015 Texas Instruments Incorporated</copyright>
   <link_time>0x59daf4eb</link_time>
   <link_errors>0x0</link_errors>
   <output_file>mobarmor_rfid.out</output_file>
   <entry_point>
      <name>_c_int00_noargs_noexit</name>
      <address>0x4400</address>
   </entry_point>
   <input_file_list>
      <input_file id="fl-2">
         <path>.\</path>
         <kind>object</kind>
         <file>main.obj</file>
         <name>main.obj</name>
      </input_file>
      <input_file id="fl-3">
         <path>.\driverlib\MSP430F5xx_6xx\</path>
         <kind>object</kind>
         <file>adc10_a.obj</file>
         <name>adc10_a.obj</name>
      </input_file>
      <input_file id="fl-4">
         <path>.\driverlib\MSP430F5xx_6xx\</path>
         <kind>object</kind>
         <file>adc12_a.obj</file>
         <name>adc12_a.obj</name>
      </input_file>
      <input_file id="fl-5">
         <path>.\driverlib\MSP430F5xx_6xx\</path>
         <kind>object</kind>
         <file>aes.obj</file>
         <name>aes.obj</name>
      </input_file>
      <input_file id="fl-6">
         <path>.\driverlib\MSP430F5xx_6xx\</path>
         <kind>object</kind>
         <file>battbak.obj</file>
         <name>battbak.obj</name>
      </input_file>
      <input_file id="fl-7">
         <path>.\driverlib\MSP430F5xx_6xx\</path>
         <kind>object</kind>
         <file>comp_b.obj</file>
         <name>comp_b.obj</name>
      </input_file>
      <input_file id="fl-8">
         <path>.\driverlib\MSP430F5xx_6xx\</path>
         <kind>object</kind>
         <file>crc.obj</file>
         <name>crc.obj</name>
      </input_file>
      <input_file id="fl-9">
         <path>.\driverlib\MSP430F5xx_6xx\</path>
         <kind>object</kind>
         <file>ctsd16.obj</file>
         <name>ctsd16.obj</name>
      </input_file>
      <input_file id="fl-a">
         <path>.\driverlib\MSP430F5xx_6xx\</path>
         <kind>object</kind>
         <file>dac12_a.obj</file>
         <name>dac12_a.obj</name>
      </input_file>
      <input_file id="fl-b">
         <path>.\driverlib\MSP430F5xx_6xx\</path>
         <kind>object</kind>
         <file>dma.obj</file>
         <name>dma.obj</name>
      </input_file>
      <input_file id="fl-c">
         <path>.\driverlib\MSP430F5xx_6xx\</path>
         <kind>object</kind>
         <file>eusci_a_spi.obj</file>
         <name>eusci_a_spi.obj</name>
      </input_file>
      <input_file id="fl-d">
         <path>.\driverlib\MSP430F5xx_6xx\</path>
         <kind>object</kind>
         <file>eusci_a_uart.obj</file>
         <name>eusci_a_uart.obj</name>
      </input_file>
      <input_file id="fl-e">
         <path>.\driverlib\MSP430F5xx_6xx\</path>
         <kind>object</kind>
         <file>eusci_b_i2c.obj</file>
         <name>eusci_b_i2c.obj</name>
      </input_file>
      <input_file id="fl-f">
         <path>.\driverlib\MSP430F5xx_6xx\</path>
         <kind>object</kind>
         <file>eusci_b_spi.obj</file>
         <name>eusci_b_spi.obj</name>
      </input_file>
      <input_file id="fl-10">
         <path>.\driverlib\MSP430F5xx_6xx\</path>
         <kind>object</kind>
         <file>flashctl.obj</file>
         <name>flashctl.obj</name>
      </input_file>
      <input_file id="fl-11">
         <path>.\driverlib\MSP430F5xx_6xx\</path>
         <kind>object</kind>
         <file>gpio.obj</file>
         <name>gpio.obj</name>
      </input_file>
      <input_file id="fl-12">
         <path>.\driverlib\MSP430F5xx_6xx\</path>
         <kind>object</kind>
         <file>lcd_b.obj</file>
         <name>lcd_b.obj</name>
      </input_file>
      <input_file id="fl-13">
         <path>.\driverlib\MSP430F5xx_6xx\</path>
         <kind>object</kind>
         <file>ldopwr.obj</file>
         <name>ldopwr.obj</name>
      </input_file>
      <input_file id="fl-14">
         <path>.\driverlib\MSP430F5xx_6xx\</path>
         <kind>object</kind>
         <file>mpy32.obj</file>
         <name>mpy32.obj</name>
      </input_file>
      <input_file id="fl-15">
         <path>.\driverlib\MSP430F5xx_6xx\</path>
         <kind>object</kind>
         <file>oa.obj</file>
         <name>oa.obj</name>
      </input_file>
      <input_file id="fl-16">
         <path>.\driverlib\MSP430F5xx_6xx\</path>
         <kind>object</kind>
         <file>pmap.obj</file>
         <name>pmap.obj</name>
      </input_file>
      <input_file id="fl-17">
         <path>.\driverlib\MSP430F5xx_6xx\</path>
         <kind>object</kind>
         <file>pmm.obj</file>
         <name>pmm.obj</name>
      </input_file>
      <input_file id="fl-18">
         <path>.\driverlib\MSP430F5xx_6xx\</path>
         <kind>object</kind>
         <file>ram.obj</file>
         <name>ram.obj</name>
      </input_file>
      <input_file id="fl-19">
         <path>.\driverlib\MSP430F5xx_6xx\</path>
         <kind>object</kind>
         <file>ref.obj</file>
         <name>ref.obj</name>
      </input_file>
      <input_file id="fl-1a">
         <path>.\driverlib\MSP430F5xx_6xx\</path>
         <kind>object</kind>
         <file>rtc_a.obj</file>
         <name>rtc_a.obj</name>
      </input_file>
      <input_file id="fl-1b">
         <path>.\driverlib\MSP430F5xx_6xx\</path>
         <kind>object</kind>
         <file>rtc_b.obj</file>
         <name>rtc_b.obj</name>
      </input_file>
      <input_file id="fl-1c">
         <path>.\driverlib\MSP430F5xx_6xx\</path>
         <kind>object</kind>
         <file>rtc_c.obj</file>
         <name>rtc_c.obj</name>
      </input_file>
      <input_file id="fl-1d">
         <path>.\driverlib\MSP430F5xx_6xx\</path>
         <kind>object</kind>
         <file>sd24_b.obj</file>
         <name>sd24_b.obj</name>
      </input_file>
      <input_file id="fl-1e">
         <path>.\driverlib\MSP430F5xx_6xx\</path>
         <kind>object</kind>
         <file>sfr.obj</file>
         <name>sfr.obj</name>
      </input_file>
      <input_file id="fl-1f">
         <path>.\driverlib\MSP430F5xx_6xx\</path>
         <kind>object</kind>
         <file>sysctl.obj</file>
         <name>sysctl.obj</name>
      </input_file>
      <input_file id="fl-20">
         <path>.\driverlib\MSP430F5xx_6xx\</path>
         <kind>object</kind>
         <file>tec.obj</file>
         <name>tec.obj</name>
      </input_file>
      <input_file id="fl-21">
         <path>.\driverlib\MSP430F5xx_6xx\</path>
         <kind>object</kind>
         <file>timer_a.obj</file>
         <name>timer_a.obj</name>
      </input_file>
      <input_file id="fl-22">
         <path>.\driverlib\MSP430F5xx_6xx\</path>
         <kind>object</kind>
         <file>timer_b.obj</file>
         <name>timer_b.obj</name>
      </input_file>
      <input_file id="fl-23">
         <path>.\driverlib\MSP430F5xx_6xx\</path>
         <kind>object</kind>
         <file>timer_d.obj</file>
         <name>timer_d.obj</name>
      </input_file>
      <input_file id="fl-24">
         <path>.\driverlib\MSP430F5xx_6xx\</path>
         <kind>object</kind>
         <file>tlv.obj</file>
         <name>tlv.obj</name>
      </input_file>
      <input_file id="fl-25">
         <path>.\driverlib\MSP430F5xx_6xx\</path>
         <kind>object</kind>
         <file>ucs.obj</file>
         <name>ucs.obj</name>
      </input_file>
      <input_file id="fl-26">
         <path>.\driverlib\MSP430F5xx_6xx\</path>
         <kind>object</kind>
         <file>usci_a_spi.obj</file>
         <name>usci_a_spi.obj</name>
      </input_file>
      <input_file id="fl-27">
         <path>.\driverlib\MSP430F5xx_6xx\</path>
         <kind>object</kind>
         <file>usci_a_uart.obj</file>
         <name>usci_a_uart.obj</name>
      </input_file>
      <input_file id="fl-28">
         <path>.\driverlib\MSP430F5xx_6xx\</path>
         <kind>object</kind>
         <file>usci_b_i2c.obj</file>
         <name>usci_b_i2c.obj</name>
      </input_file>
      <input_file id="fl-29">
         <path>.\driverlib\MSP430F5xx_6xx\</path>
         <kind>object</kind>
         <file>usci_b_spi.obj</file>
         <name>usci_b_spi.obj</name>
      </input_file>
      <input_file id="fl-2a">
         <path>.\driverlib\MSP430F5xx_6xx\</path>
         <kind>object</kind>
         <file>wdt_a.obj</file>
         <name>wdt_a.obj</name>
      </input_file>
      <input_file id="fl-32">
         <path>C:\Users\warre\Repositories\RFID\Mob-Armor-RFID\thingmagic_mercuryAPI_msp430\Debug\</path>
         <kind>archive</kind>
         <file>thingmagic_mercuryAPI.lib</file>
         <name>osDepStub.obj</name>
      </input_file>
      <input_file id="fl-33">
         <path>C:\Users\warre\Repositories\RFID\Mob-Armor-RFID\thingmagic_mercuryAPI_msp430\Debug\</path>
         <kind>archive</kind>
         <file>thingmagic_mercuryAPI.lib</file>
         <name>tm_reader.obj</name>
      </input_file>
      <input_file id="fl-34">
         <path>C:\Users\warre\Repositories\RFID\Mob-Armor-RFID\thingmagic_mercuryAPI_msp430\Debug\</path>
         <kind>archive</kind>
         <file>thingmagic_mercuryAPI.lib</file>
         <name>tmr_utils.obj</name>
      </input_file>
      <input_file id="fl-35">
         <path>C:\Users\warre\Repositories\RFID\Mob-Armor-RFID\thingmagic_mercuryAPI_msp430\Debug\</path>
         <kind>archive</kind>
         <file>thingmagic_mercuryAPI.lib</file>
         <name>osdep_dummy.obj</name>
      </input_file>
      <input_file id="fl-36">
         <path>C:\Users\warre\Repositories\RFID\Mob-Armor-RFID\thingmagic_mercuryAPI_msp430\Debug\</path>
         <kind>archive</kind>
         <file>thingmagic_mercuryAPI.lib</file>
         <name>serial_reader.obj</name>
      </input_file>
      <input_file id="fl-37">
         <path>C:\Users\warre\Repositories\RFID\Mob-Armor-RFID\thingmagic_mercuryAPI_msp430\Debug\</path>
         <kind>archive</kind>
         <file>thingmagic_mercuryAPI.lib</file>
         <name>serial_reader_l3.obj</name>
      </input_file>
      <input_file id="fl-38">
         <path>C:\Users\warre\Repositories\RFID\Mob-Armor-RFID\thingmagic_mercuryAPI_msp430\Debug\</path>
         <kind>archive</kind>
         <file>thingmagic_mercuryAPI.lib</file>
         <name>serial_transport_dummy.obj</name>
      </input_file>
      <input_file id="fl-39">
         <path>C:\Users\warre\Repositories\RFID\Mob-Armor-RFID\thingmagic_mercuryAPI_msp430\Debug\</path>
         <kind>archive</kind>
         <file>thingmagic_mercuryAPI.lib</file>
         <name>hex_bytes.obj</name>
      </input_file>
      <input_file id="fl-54">
         <path>C:\ti\ccsv7\tools\compiler\ti-cgt-msp430_16.9.1.LTS\lib\</path>
         <kind>archive</kind>
         <file>rts430x_lc_rd_eabi.lib</file>
         <name>asr16.obj</name>
      </input_file>
      <input_file id="fl-55">
         <path>C:\ti\ccsv7\tools\compiler\ti-cgt-msp430_16.9.1.LTS\lib\</path>
         <kind>archive</kind>
         <file>rts430x_lc_rd_eabi.lib</file>
         <name>asr32.obj</name>
      </input_file>
      <input_file id="fl-56">
         <path>C:\ti\ccsv7\tools\compiler\ti-cgt-msp430_16.9.1.LTS\lib\</path>
         <kind>archive</kind>
         <file>rts430x_lc_rd_eabi.lib</file>
         <name>boot.obj</name>
      </input_file>
      <input_file id="fl-57">
         <path>C:\ti\ccsv7\tools\compiler\ti-cgt-msp430_16.9.1.LTS\lib\</path>
         <kind>archive</kind>
         <file>rts430x_lc_rd_eabi.lib</file>
         <name>boot_special.obj</name>
      </input_file>
      <input_file id="fl-58">
         <path>C:\ti\ccsv7\tools\compiler\ti-cgt-msp430_16.9.1.LTS\lib\</path>
         <kind>archive</kind>
         <file>rts430x_lc_rd_eabi.lib</file>
         <name>copy_decompress_lzss.obj</name>
      </input_file>
      <input_file id="fl-59">
         <path>C:\ti\ccsv7\tools\compiler\ti-cgt-msp430_16.9.1.LTS\lib\</path>
         <kind>archive</kind>
         <file>rts430x_lc_rd_eabi.lib</file>
         <name>copy_decompress_none.obj</name>
      </input_file>
      <input_file id="fl-5a">
         <path>C:\ti\ccsv7\tools\compiler\ti-cgt-msp430_16.9.1.LTS\lib\</path>
         <kind>archive</kind>
         <file>rts430x_lc_rd_eabi.lib</file>
         <name>copy_zero_init.obj</name>
      </input_file>
      <input_file id="fl-5b">
         <path>C:\ti\ccsv7\tools\compiler\ti-cgt-msp430_16.9.1.LTS\lib\</path>
         <kind>archive</kind>
         <file>rts430x_lc_rd_eabi.lib</file>
         <name>div16s.obj</name>
      </input_file>
      <input_file id="fl-5c">
         <path>C:\ti\ccsv7\tools\compiler\ti-cgt-msp430_16.9.1.LTS\lib\</path>
         <kind>archive</kind>
         <file>rts430x_lc_rd_eabi.lib</file>
         <name>div16u.obj</name>
      </input_file>
      <input_file id="fl-5d">
         <path>C:\ti\ccsv7\tools\compiler\ti-cgt-msp430_16.9.1.LTS\lib\</path>
         <kind>archive</kind>
         <file>rts430x_lc_rd_eabi.lib</file>
         <name>div32s.obj</name>
      </input_file>
      <input_file id="fl-5e">
         <path>C:\ti\ccsv7\tools\compiler\ti-cgt-msp430_16.9.1.LTS\lib\</path>
         <kind>archive</kind>
         <file>rts430x_lc_rd_eabi.lib</file>
         <name>div32u.obj</name>
      </input_file>
      <input_file id="fl-5f">
         <path>C:\ti\ccsv7\tools\compiler\ti-cgt-msp430_16.9.1.LTS\lib\</path>
         <kind>archive</kind>
         <file>rts430x_lc_rd_eabi.lib</file>
         <name>exit.obj</name>
      </input_file>
      <input_file id="fl-60">
         <path>C:\ti\ccsv7\tools\compiler\ti-cgt-msp430_16.9.1.LTS\lib\</path>
         <kind>archive</kind>
         <file>rts430x_lc_rd_eabi.lib</file>
         <name>exit_gvars.obj</name>
      </input_file>
      <input_file id="fl-61">
         <path>C:\ti\ccsv7\tools\compiler\ti-cgt-msp430_16.9.1.LTS\lib\</path>
         <kind>archive</kind>
         <file>rts430x_lc_rd_eabi.lib</file>
         <name>fread.obj</name>
      </input_file>
      <input_file id="fl-62">
         <path>C:\ti\ccsv7\tools\compiler\ti-cgt-msp430_16.9.1.LTS\lib\</path>
         <kind>archive</kind>
         <file>rts430x_lc_rd_eabi.lib</file>
         <name>int41.obj</name>
      </input_file>
      <input_file id="fl-63">
         <path>C:\ti\ccsv7\tools\compiler\ti-cgt-msp430_16.9.1.LTS\lib\</path>
         <kind>archive</kind>
         <file>rts430x_lc_rd_eabi.lib</file>
         <name>int42.obj</name>
      </input_file>
      <input_file id="fl-64">
         <path>C:\ti\ccsv7\tools\compiler\ti-cgt-msp430_16.9.1.LTS\lib\</path>
         <kind>archive</kind>
         <file>rts430x_lc_rd_eabi.lib</file>
         <name>int43.obj</name>
      </input_file>
      <input_file id="fl-65">
         <path>C:\ti\ccsv7\tools\compiler\ti-cgt-msp430_16.9.1.LTS\lib\</path>
         <kind>archive</kind>
         <file>rts430x_lc_rd_eabi.lib</file>
         <name>int44.obj</name>
      </input_file>
      <input_file id="fl-66">
         <path>C:\ti\ccsv7\tools\compiler\ti-cgt-msp430_16.9.1.LTS\lib\</path>
         <kind>archive</kind>
         <file>rts430x_lc_rd_eabi.lib</file>
         <name>int45.obj</name>
      </input_file>
      <input_file id="fl-67">
         <path>C:\ti\ccsv7\tools\compiler\ti-cgt-msp430_16.9.1.LTS\lib\</path>
         <kind>archive</kind>
         <file>rts430x_lc_rd_eabi.lib</file>
         <name>int46.obj</name>
      </input_file>
      <input_file id="fl-68">
         <path>C:\ti\ccsv7\tools\compiler\ti-cgt-msp430_16.9.1.LTS\lib\</path>
         <kind>archive</kind>
         <file>rts430x_lc_rd_eabi.lib</file>
         <name>int47.obj</name>
      </input_file>
      <input_file id="fl-69">
         <path>C:\ti\ccsv7\tools\compiler\ti-cgt-msp430_16.9.1.LTS\lib\</path>
         <kind>archive</kind>
         <file>rts430x_lc_rd_eabi.lib</file>
         <name>int48.obj</name>
      </input_file>
      <input_file id="fl-6a">
         <path>C:\ti\ccsv7\tools\compiler\ti-cgt-msp430_16.9.1.LTS\lib\</path>
         <kind>archive</kind>
         <file>rts430x_lc_rd_eabi.lib</file>
         <name>int49.obj</name>
      </input_file>
      <input_file id="fl-6b">
         <path>C:\ti\ccsv7\tools\compiler\ti-cgt-msp430_16.9.1.LTS\lib\</path>
         <kind>archive</kind>
         <file>rts430x_lc_rd_eabi.lib</file>
         <name>int50.obj</name>
      </input_file>
      <input_file id="fl-6c">
         <path>C:\ti\ccsv7\tools\compiler\ti-cgt-msp430_16.9.1.LTS\lib\</path>
         <kind>archive</kind>
         <file>rts430x_lc_rd_eabi.lib</file>
         <name>int51.obj</name>
      </input_file>
      <input_file id="fl-6d">
         <path>C:\ti\ccsv7\tools\compiler\ti-cgt-msp430_16.9.1.LTS\lib\</path>
         <kind>archive</kind>
         <file>rts430x_lc_rd_eabi.lib</file>
         <name>int52.obj</name>
      </input_file>
      <input_file id="fl-6e">
         <path>C:\ti\ccsv7\tools\compiler\ti-cgt-msp430_16.9.1.LTS\lib\</path>
         <kind>archive</kind>
         <file>rts430x_lc_rd_eabi.lib</file>
         <name>int54.obj</name>
      </input_file>
      <input_file id="fl-6f">
         <path>C:\ti\ccsv7\tools\compiler\ti-cgt-msp430_16.9.1.LTS\lib\</path>
         <kind>archive</kind>
         <file>rts430x_lc_rd_eabi.lib</file>
         <name>int55.obj</name>
      </input_file>
      <input_file id="fl-70">
         <path>C:\ti\ccsv7\tools\compiler\ti-cgt-msp430_16.9.1.LTS\lib\</path>
         <kind>archive</kind>
         <file>rts430x_lc_rd_eabi.lib</file>
         <name>int56.obj</name>
      </input_file>
      <input_file id="fl-71">
         <path>C:\ti\ccsv7\tools\compiler\ti-cgt-msp430_16.9.1.LTS\lib\</path>
         <kind>archive</kind>
         <file>rts430x_lc_rd_eabi.lib</file>
         <name>int57.obj</name>
      </input_file>
      <input_file id="fl-72">
         <path>C:\ti\ccsv7\tools\compiler\ti-cgt-msp430_16.9.1.LTS\lib\</path>
         <kind>archive</kind>
         <file>rts430x_lc_rd_eabi.lib</file>
         <name>int58.obj</name>
      </input_file>
      <input_file id="fl-73">
         <path>C:\ti\ccsv7\tools\compiler\ti-cgt-msp430_16.9.1.LTS\lib\</path>
         <kind>archive</kind>
         <file>rts430x_lc_rd_eabi.lib</file>
         <name>int59.obj</name>
      </input_file>
      <input_file id="fl-74">
         <path>C:\ti\ccsv7\tools\compiler\ti-cgt-msp430_16.9.1.LTS\lib\</path>
         <kind>archive</kind>
         <file>rts430x_lc_rd_eabi.lib</file>
         <name>int60.obj</name>
      </input_file>
      <input_file id="fl-75">
         <path>C:\ti\ccsv7\tools\compiler\ti-cgt-msp430_16.9.1.LTS\lib\</path>
         <kind>archive</kind>
         <file>rts430x_lc_rd_eabi.lib</file>
         <name>int61.obj</name>
      </input_file>
      <input_file id="fl-76">
         <path>C:\ti\ccsv7\tools\compiler\ti-cgt-msp430_16.9.1.LTS\lib\</path>
         <kind>archive</kind>
         <file>rts430x_lc_rd_eabi.lib</file>
         <name>int62.obj</name>
      </input_file>
      <input_file id="fl-77">
         <path>C:\ti\ccsv7\tools\compiler\ti-cgt-msp430_16.9.1.LTS\lib\</path>
         <kind>archive</kind>
         <file>rts430x_lc_rd_eabi.lib</file>
         <name>isr_trap.obj</name>
      </input_file>
      <input_file id="fl-78">
         <path>C:\ti\ccsv7\tools\compiler\ti-cgt-msp430_16.9.1.LTS\lib\</path>
         <kind>archive</kind>
         <file>rts430x_lc_rd_eabi.lib</file>
         <name>lowlev.obj</name>
      </input_file>
      <input_file id="fl-79">
         <path>C:\ti\ccsv7\tools\compiler\ti-cgt-msp430_16.9.1.LTS\lib\</path>
         <kind>archive</kind>
         <file>rts430x_lc_rd_eabi.lib</file>
         <name>lsl16.obj</name>
      </input_file>
      <input_file id="fl-7a">
         <path>C:\ti\ccsv7\tools\compiler\ti-cgt-msp430_16.9.1.LTS\lib\</path>
         <kind>archive</kind>
         <file>rts430x_lc_rd_eabi.lib</file>
         <name>lsl32.obj</name>
      </input_file>
      <input_file id="fl-7b">
         <path>C:\ti\ccsv7\tools\compiler\ti-cgt-msp430_16.9.1.LTS\lib\</path>
         <kind>archive</kind>
         <file>rts430x_lc_rd_eabi.lib</file>
         <name>lsl64.obj</name>
      </input_file>
      <input_file id="fl-7c">
         <path>C:\ti\ccsv7\tools\compiler\ti-cgt-msp430_16.9.1.LTS\lib\</path>
         <kind>archive</kind>
         <file>rts430x_lc_rd_eabi.lib</file>
         <name>lsr16.obj</name>
      </input_file>
      <input_file id="fl-7d">
         <path>C:\ti\ccsv7\tools\compiler\ti-cgt-msp430_16.9.1.LTS\lib\</path>
         <kind>archive</kind>
         <file>rts430x_lc_rd_eabi.lib</file>
         <name>lsr32.obj</name>
      </input_file>
      <input_file id="fl-7e">
         <path>C:\ti\ccsv7\tools\compiler\ti-cgt-msp430_16.9.1.LTS\lib\</path>
         <kind>archive</kind>
         <file>rts430x_lc_rd_eabi.lib</file>
         <name>lsr64.obj</name>
      </input_file>
      <input_file id="fl-7f">
         <path>C:\ti\ccsv7\tools\compiler\ti-cgt-msp430_16.9.1.LTS\lib\</path>
         <kind>archive</kind>
         <file>rts430x_lc_rd_eabi.lib</file>
         <name>memcmp.obj</name>
      </input_file>
      <input_file id="fl-80">
         <path>C:\ti\ccsv7\tools\compiler\ti-cgt-msp430_16.9.1.LTS\lib\</path>
         <kind>archive</kind>
         <file>rts430x_lc_rd_eabi.lib</file>
         <name>memcpy.obj</name>
      </input_file>
      <input_file id="fl-81">
         <path>C:\ti\ccsv7\tools\compiler\ti-cgt-msp430_16.9.1.LTS\lib\</path>
         <kind>archive</kind>
         <file>rts430x_lc_rd_eabi.lib</file>
         <name>memmov.obj</name>
      </input_file>
      <input_file id="fl-82">
         <path>C:\ti\ccsv7\tools\compiler\ti-cgt-msp430_16.9.1.LTS\lib\</path>
         <kind>archive</kind>
         <file>rts430x_lc_rd_eabi.lib</file>
         <name>memory.obj</name>
      </input_file>
      <input_file id="fl-83">
         <path>C:\ti\ccsv7\tools\compiler\ti-cgt-msp430_16.9.1.LTS\lib\</path>
         <kind>archive</kind>
         <file>rts430x_lc_rd_eabi.lib</file>
         <name>memset.obj</name>
      </input_file>
      <input_file id="fl-84">
         <path>C:\ti\ccsv7\tools\compiler\ti-cgt-msp430_16.9.1.LTS\lib\</path>
         <kind>archive</kind>
         <file>rts430x_lc_rd_eabi.lib</file>
         <name>mpu_init.obj</name>
      </input_file>
      <input_file id="fl-85">
         <path>C:\ti\ccsv7\tools\compiler\ti-cgt-msp430_16.9.1.LTS\lib\</path>
         <kind>archive</kind>
         <file>rts430x_lc_rd_eabi.lib</file>
         <name>mult16.obj</name>
      </input_file>
      <input_file id="fl-86">
         <path>C:\ti\ccsv7\tools\compiler\ti-cgt-msp430_16.9.1.LTS\lib\</path>
         <kind>archive</kind>
         <file>rts430x_lc_rd_eabi.lib</file>
         <name>mult1632_f5hw.obj</name>
      </input_file>
      <input_file id="fl-87">
         <path>C:\ti\ccsv7\tools\compiler\ti-cgt-msp430_16.9.1.LTS\lib\</path>
         <kind>archive</kind>
         <file>rts430x_lc_rd_eabi.lib</file>
         <name>mult16_f5hw.obj</name>
      </input_file>
      <input_file id="fl-88">
         <path>C:\ti\ccsv7\tools\compiler\ti-cgt-msp430_16.9.1.LTS\lib\</path>
         <kind>archive</kind>
         <file>rts430x_lc_rd_eabi.lib</file>
         <name>mult32.obj</name>
      </input_file>
      <input_file id="fl-89">
         <path>C:\ti\ccsv7\tools\compiler\ti-cgt-msp430_16.9.1.LTS\lib\</path>
         <kind>archive</kind>
         <file>rts430x_lc_rd_eabi.lib</file>
         <name>mult3264_f5hw.obj</name>
      </input_file>
      <input_file id="fl-8a">
         <path>C:\ti\ccsv7\tools\compiler\ti-cgt-msp430_16.9.1.LTS\lib\</path>
         <kind>archive</kind>
         <file>rts430x_lc_rd_eabi.lib</file>
         <name>mult32_f5hw.obj</name>
      </input_file>
      <input_file id="fl-8b">
         <path>C:\ti\ccsv7\tools\compiler\ti-cgt-msp430_16.9.1.LTS\lib\</path>
         <kind>archive</kind>
         <file>rts430x_lc_rd_eabi.lib</file>
         <name>mult64_f5hw.obj</name>
      </input_file>
      <input_file id="fl-8c">
         <path>C:\ti\ccsv7\tools\compiler\ti-cgt-msp430_16.9.1.LTS\lib\</path>
         <kind>archive</kind>
         <file>rts430x_lc_rd_eabi.lib</file>
         <name>pre_init.obj</name>
      </input_file>
      <input_file id="fl-8d">
         <path>C:\ti\ccsv7\tools\compiler\ti-cgt-msp430_16.9.1.LTS\lib\</path>
         <kind>archive</kind>
         <file>rts430x_lc_rd_eabi.lib</file>
         <name>sprintf.obj</name>
      </input_file>
      <input_file id="fl-8e">
         <path>C:\ti\ccsv7\tools\compiler\ti-cgt-msp430_16.9.1.LTS\lib\</path>
         <kind>archive</kind>
         <file>rts430x_lc_rd_eabi.lib</file>
         <name>strchr.obj</name>
      </input_file>
      <input_file id="fl-8f">
         <path>C:\ti\ccsv7\tools\compiler\ti-cgt-msp430_16.9.1.LTS\lib\</path>
         <kind>archive</kind>
         <file>rts430x_lc_rd_eabi.lib</file>
         <name>strcmp.obj</name>
      </input_file>
      <input_file id="fl-90">
         <path>C:\ti\ccsv7\tools\compiler\ti-cgt-msp430_16.9.1.LTS\lib\</path>
         <kind>archive</kind>
         <file>rts430x_lc_rd_eabi.lib</file>
         <name>strlen.obj</name>
      </input_file>
      <input_file id="fl-91">
         <path>C:\ti\ccsv7\tools\compiler\ti-cgt-msp430_16.9.1.LTS\lib\</path>
         <kind>archive</kind>
         <file>rts430x_lc_rd_eabi.lib</file>
         <name>strncmp.obj</name>
      </input_file>
      <input_file id="fl-92">
         <path>C:\ti\ccsv7\tools\compiler\ti-cgt-msp430_16.9.1.LTS\lib\</path>
         <kind>archive</kind>
         <file>rts430x_lc_rd_eabi.lib</file>
         <name>strncpy.obj</name>
      </input_file>
      <input_file id="fl-93">
         <path>C:\ti\ccsv7\tools\compiler\ti-cgt-msp430_16.9.1.LTS\lib\</path>
         <kind>archive</kind>
         <file>rts430x_lc_rd_eabi.lib</file>
         <name>strtok.obj</name>
      </input_file>
      <input_file id="fl-94">
         <path>C:\ti\ccsv7\tools\compiler\ti-cgt-msp430_16.9.1.LTS\lib\</path>
         <kind>archive</kind>
         <file>rts430x_lc_rd_eabi.lib</file>
         <name>trgdrv.obj</name>
      </input_file>
      <input_file id="fl-95">
         <path>C:\ti\ccsv7\tools\compiler\ti-cgt-msp430_16.9.1.LTS\lib\</path>
         <kind>archive</kind>
         <file>rts430x_lc_rd_eabi.lib</file>
         <name>trgmsg.obj</name>
      </input_file>
      <input_file id="fl-96">
         <path>C:\ti\ccsv7\tools\compiler\ti-cgt-msp430_16.9.1.LTS\lib\</path>
         <kind>archive</kind>
         <file>rts430x_lc_rd_eabi.lib</file>
         <name>_bufread.obj</name>
      </input_file>
      <input_file id="fl-97">
         <path>C:\ti\ccsv7\tools\compiler\ti-cgt-msp430_16.9.1.LTS\lib\</path>
         <kind>archive</kind>
         <file>rts430x_lc_rd_eabi.lib</file>
         <name>_io_perm.obj</name>
      </input_file>
      <input_file id="fl-98">
         <path>C:\ti\ccsv7\tools\compiler\ti-cgt-msp430_16.9.1.LTS\lib\</path>
         <kind>archive</kind>
         <file>rts430x_lc_rd_eabi.lib</file>
         <name>_lock.obj</name>
      </input_file>
      <input_file id="fl-99">
         <path>C:\ti\ccsv7\tools\compiler\ti-cgt-msp430_16.9.1.LTS\lib\</path>
         <kind>archive</kind>
         <file>rts430x_lc_rd_eabi.lib</file>
         <name>_printfi_min.obj</name>
      </input_file>
      <input_file id="fl-9a">
         <path>C:\ti\ccsv7\tools\compiler\ti-cgt-msp430_16.9.1.LTS\lib\</path>
         <kind>archive</kind>
         <file>rts430x_lc_rd_eabi.lib</file>
         <name>args_main.obj</name>
      </input_file>
      <input_file id="fl-9b">
         <path>C:\ti\ccsv7\tools\compiler\ti-cgt-msp430_16.9.1.LTS\lib\</path>
         <kind>archive</kind>
         <file>rts430x_lc_rd_eabi.lib</file>
         <name>autoinit_wdt.obj</name>
      </input_file>
      <input_file id="fl-9c">
         <path>C:\ti\ccsv7\tools\compiler\ti-cgt-msp430_16.9.1.LTS\lib\</path>
         <kind>archive</kind>
         <file>rts430x_lc_rd_eabi.lib</file>
         <name>cpy_tbl.obj</name>
      </input_file>
      <input_file id="fl-9d">
         <path>C:\ti\ccsv7\tools\compiler\ti-cgt-msp430_16.9.1.LTS\lib\</path>
         <kind>archive</kind>
         <file>rts430x_lc_rd_eabi.lib</file>
         <name>defs.obj</name>
      </input_file>
      <input_file id="fl-9e">
         <path>C:\ti\ccsv7\tools\compiler\ti-cgt-msp430_16.9.1.LTS\lib\</path>
         <kind>archive</kind>
         <file>rts430x_lc_rd_eabi.lib</file>
         <name>fflush.obj</name>
      </input_file>
      <input_file id="fl-9f">
         <path>C:\ti\ccsv7\tools\compiler\ti-cgt-msp430_16.9.1.LTS\lib\</path>
         <kind>archive</kind>
         <file>rts430x_lc_rd_eabi.lib</file>
         <name>fseek.obj</name>
      </input_file>
      <input_file id="fl-a0">
         <path>C:\ti\ccsv7\tools\compiler\ti-cgt-msp430_16.9.1.LTS\lib\</path>
         <kind>archive</kind>
         <file>rts430x_lc_rd_eabi.lib</file>
         <name>memccpy.obj</name>
      </input_file>
      <input_file id="fl-a1">
         <path>C:\ti\ccsv7\tools\compiler\ti-cgt-msp430_16.9.1.LTS\lib\</path>
         <kind>archive</kind>
         <file>rts430x_lc_rd_eabi.lib</file>
         <name>setvbuf.obj</name>
      </input_file>
      <input_file id="fl-a2">
         <path>C:\ti\ccsv7\tools\compiler\ti-cgt-msp430_16.9.1.LTS\lib\</path>
         <kind>archive</kind>
         <file>rts430x_lc_rd_eabi.lib</file>
         <name>startup.obj</name>
      </input_file>
      <input_file id="fl-a3">
         <path>C:\ti\ccsv7\tools\compiler\ti-cgt-msp430_16.9.1.LTS\lib\</path>
         <kind>archive</kind>
         <file>rts430x_lc_rd_eabi.lib</file>
         <name>strcpy.obj</name>
      </input_file>
      <input_file id="fl-a4">
         <path>C:\ti\ccsv7\tools\compiler\ti-cgt-msp430_16.9.1.LTS\lib\</path>
         <kind>archive</kind>
         <file>rts430x_lc_rd_eabi.lib</file>
         <name>strcspn.obj</name>
      </input_file>
      <input_file id="fl-a5">
         <path>C:\ti\ccsv7\tools\compiler\ti-cgt-msp430_16.9.1.LTS\lib\</path>
         <kind>archive</kind>
         <file>rts430x_lc_rd_eabi.lib</file>
         <name>strspn.obj</name>
      </input_file>
      <input_file id="fl-a6">
         <path>C:\ti\ccsv7\tools\compiler\ti-cgt-msp430_16.9.1.LTS\lib\</path>
         <kind>archive</kind>
         <file>rts430x_lc_rd_eabi.lib</file>
         <name>fopen.obj</name>
      </input_file>
      <input_file id="fl-a7">
         <path>C:\ti\ccsv7\tools\compiler\ti-cgt-msp430_16.9.1.LTS\lib\</path>
         <kind>archive</kind>
         <file>rts430x_lc_rd_eabi.lib</file>
         <name>fclose.obj</name>
      </input_file>
      <input_file id="fl-a8">
         <path>C:\ti\ccsv7\tools\compiler\ti-cgt-msp430_16.9.1.LTS\lib\</path>
         <kind>archive</kind>
         <file>rts430x_lc_rd_eabi.lib</file>
         <name>remove.obj</name>
      </input_file>
   </input_file_list>
   <object_component_list>
      <object_component id="oc-5c4">
         <name>.bss:tdTableData</name>
         <uninitialized>true</uninitialized>
         <run_address>0x2400</run_address>
         <size>0x21c</size>
         <input_file_ref idref="fl-33"/>
      </object_component>
      <object_component id="oc-4d5">
         <name>.bss:tdTable</name>
         <uninitialized>true</uninitialized>
         <run_address>0x261c</run_address>
         <size>0x6</size>
         <input_file_ref idref="fl-33"/>
      </object_component>
      <object_component id="oc-8dd">
         <name>.common:isSecureAccessEnabled</name>
         <uninitialized>true</uninitialized>
         <run_address>0x2622</run_address>
         <size>0x1</size>
      </object_component>
      <object_component id="oc-77c">
         <name>.data</name>
         <load_address>0x26fe</load_address>
         <run_address>0x26fe</run_address>
         <size>0x8</size>
         <input_file_ref idref="fl-25"/>
      </object_component>
      <object_component id="oc-43c">
         <name>.data</name>
         <load_address>0x26f6</load_address>
         <run_address>0x26f6</run_address>
         <size>0x8</size>
         <input_file_ref idref="fl-32"/>
      </object_component>
      <object_component id="oc-5c1">
         <name>.data</name>
         <load_address>0x26f5</load_address>
         <run_address>0x26f5</run_address>
         <size>0x1</size>
         <input_file_ref idref="fl-33"/>
      </object_component>
      <object_component id="oc-871">
         <name>.data:crctable</name>
         <load_address>0x26c4</load_address>
         <run_address>0x26c4</run_address>
         <size>0x20</size>
         <input_file_ref idref="fl-37"/>
      </object_component>
      <object_component id="oc-83d">
         <name>.data:hexchars</name>
         <load_address>0x26e4</load_address>
         <run_address>0x26e4</run_address>
         <size>0x11</size>
         <input_file_ref idref="fl-39"/>
      </object_component>
      <object_component id="oc-579">
         <name>.data</name>
         <load_address>0x2706</load_address>
         <run_address>0x2706</run_address>
         <size>0x4</size>
         <input_file_ref idref="fl-93"/>
      </object_component>
      <object_component id="oc-3c1">
         <name>.sysmem</name>
         <uninitialized>true</uninitialized>
         <run_address>0x2624</run_address>
         <size>0x6</size>
         <input_file_ref idref="fl-82"/>
      </object_component>
      <object_component id="oc-af4">
         <name>.sysmem</name>
         <uninitialized>true</uninitialized>
         <run_address>0x2624</run_address>
         <size>0x0</size>
      </object_component>
      <object_component id="oc-3bd">
         <name>.stack</name>
         <uninitialized>true</uninitialized>
         <run_address>0x4360</run_address>
         <size>0x4</size>
         <input_file_ref idref="fl-56"/>
      </object_component>
      <object_component id="oc-af3">
         <name>.stack</name>
         <uninitialized>true</uninitialized>
         <run_address>0x4360</run_address>
         <size>0x0</size>
      </object_component>
      <object_component id="oc-892">
         <name>.text:TMR_SR_addTagOp</name>
         <load_address>0x10000</load_address>
         <run_address>0x10000</run_address>
         <size>0x1942</size>
         <input_file_ref idref="fl-36"/>
      </object_component>
      <object_component id="oc-5a3">
         <name>.text:TMR_SR_paramGet</name>
         <load_address>0x11942</load_address>
         <run_address>0x11942</run_address>
         <size>0xd5c</size>
         <input_file_ref idref="fl-36"/>
      </object_component>
      <object_component id="oc-59d">
         <name>.text:TMR_SR_paramSet</name>
         <load_address>0x1269e</load_address>
         <run_address>0x1269e</run_address>
         <size>0xd2a</size>
         <input_file_ref idref="fl-36"/>
      </object_component>
      <object_component id="oc-7d6">
         <name>.text:TMR_SR_msgSetupMultipleProtocolSearch</name>
         <load_address>0x133c8</load_address>
         <run_address>0x133c8</run_address>
         <size>0x540</size>
         <input_file_ref idref="fl-37"/>
      </object_component>
      <object_component id="oc-8d7">
         <name>.text:filterbytes</name>
         <load_address>0x13908</load_address>
         <run_address>0x13908</run_address>
         <size>0x52a</size>
         <input_file_ref idref="fl-37"/>
      </object_component>
      <object_component id="oc-6be">
         <name>.text:TMR_SR_cmdSetProtocolConfiguration</name>
         <load_address>0x13e32</load_address>
         <run_address>0x13e32</run_address>
         <size>0x3e0</size>
         <input_file_ref idref="fl-37"/>
      </object_component>
      <object_component id="oc-641">
         <name>.text:TMR_SR_cmdSetUserProfile</name>
         <load_address>0x14212</load_address>
         <run_address>0x14212</run_address>
         <size>0x350</size>
         <input_file_ref idref="fl-37"/>
      </object_component>
      <object_component id="oc-82a">
         <name>.text:TMR_fillReaderStats</name>
         <load_address>0x14562</load_address>
         <run_address>0x14562</run_address>
         <size>0x31a</size>
         <input_file_ref idref="fl-37"/>
      </object_component>
      <object_component id="oc-88c">
         <name>.text:TMR_SR_msgSetupReadTagMultipleWithMetadata</name>
         <load_address>0x1487c</load_address>
         <run_address>0x1487c</run_address>
         <size>0x312</size>
         <input_file_ref idref="fl-37"/>
      </object_component>
      <object_component id="oc-6ac">
         <name>.text:initTxRxMapFromPorts</name>
         <load_address>0x14b8e</load_address>
         <run_address>0x14b8e</run_address>
         <size>0x2bc</size>
         <input_file_ref idref="fl-36"/>
      </object_component>
      <object_component id="oc-878">
         <name>.text:TMR_SR_receiveMessage</name>
         <load_address>0x14e4a</load_address>
         <run_address>0x14e4a</run_address>
         <size>0x2a4</size>
         <input_file_ref idref="fl-37"/>
      </object_component>
      <object_component id="oc-6b8">
         <name>.text:TMR_SR_cmdGetProtocolConfiguration</name>
         <load_address>0x150ee</load_address>
         <run_address>0x150ee</run_address>
         <size>0x28c</size>
         <input_file_ref idref="fl-37"/>
      </object_component>
      <object_component id="oc-99f">
         <name>.text:TMR_SR_msgAddHiggs3LoadImage</name>
         <load_address>0x1537a</load_address>
         <run_address>0x1537a</run_address>
         <size>0x248</size>
         <input_file_ref idref="fl-37"/>
      </object_component>
      <object_component id="oc-9a5">
         <name>.text:TMR_SR_msgAddHiggs3FastLoadImage</name>
         <load_address>0x155c2</load_address>
         <run_address>0x155c2</run_address>
         <size>0x246</size>
         <input_file_ref idref="fl-37"/>
      </object_component>
      <object_component id="oc-8fd">
         <name>.text:TMR_SR_msgAddIdsSL900aSetLogLimit</name>
         <load_address>0x15808</load_address>
         <run_address>0x15808</run_address>
         <size>0x244</size>
         <input_file_ref idref="fl-37"/>
      </object_component>
      <object_component id="oc-6d1">
         <name>.text:TMR_SR_cmdGetReaderStats</name>
         <load_address>0x15a4c</load_address>
         <run_address>0x15a4c</run_address>
         <size>0x216</size>
         <input_file_ref idref="fl-37"/>
      </object_component>
      <object_component id="oc-915">
         <name>.text:TMR_SR_msgAddIdsSL900aSetCalibrationData</name>
         <load_address>0x15c62</load_address>
         <run_address>0x15c62</run_address>
         <size>0x206</size>
         <input_file_ref idref="fl-37"/>
      </object_component>
      <object_component id="oc-945">
         <name>.text:TMR_SR_msgAddIdsSL900aSetLogMode</name>
         <load_address>0x15e68</load_address>
         <run_address>0x15e68</run_address>
         <size>0x206</size>
         <input_file_ref idref="fl-37"/>
      </object_component>
      <object_component id="oc-706">
         <name>.text:TMR_SR_cmdGetReaderStatistics</name>
         <load_address>0x1606e</load_address>
         <run_address>0x1606e</run_address>
         <size>0x1ee</size>
         <input_file_ref idref="fl-37"/>
      </object_component>
      <object_component id="oc-9c3">
         <name>.text:TMR_SR_msgAddGEN2BlockWrite</name>
         <load_address>0x1625c</load_address>
         <run_address>0x1625c</run_address>
         <size>0x1de</size>
         <input_file_ref idref="fl-37"/>
      </object_component>
      <object_component id="oc-8f7">
         <name>.text:TMR_SR_msgAddIdsSL900aSetPassword</name>
         <load_address>0x1643a</load_address>
         <run_address>0x1643a</run_address>
         <size>0x1d2</size>
         <input_file_ref idref="fl-37"/>
      </object_component>
      <object_component id="oc-635">
         <name>.text:TMR_SR_cmdSetReaderConfiguration</name>
         <load_address>0x1660c</load_address>
         <run_address>0x1660c</run_address>
         <size>0x1d0</size>
         <input_file_ref idref="fl-37"/>
      </object_component>
      <object_component id="oc-471">
         <name>.text:TMR_create</name>
         <load_address>0x167dc</load_address>
         <run_address>0x167dc</run_address>
         <size>0x1ce</size>
         <input_file_ref idref="fl-33"/>
      </object_component>
      <object_component id="oc-9bd">
         <name>.text:TMR_SR_msgAddGEN2BlockPermaLock</name>
         <load_address>0x169aa</load_address>
         <run_address>0x169aa</run_address>
         <size>0x1c0</size>
         <input_file_ref idref="fl-37"/>
      </object_component>
      <object_component id="oc-921">
         <name>.text:TMR_SR_msgAddIdsSL900aStartLog</name>
         <load_address>0x16b6a</load_address>
         <run_address>0x16b6a</run_address>
         <size>0x1b4</size>
         <input_file_ref idref="fl-37"/>
      </object_component>
      <object_component id="oc-939">
         <name>.text:TMR_SR_msgAddIdsSL900aInitialize</name>
         <load_address>0x16d1e</load_address>
         <run_address>0x16d1e</run_address>
         <size>0x1b0</size>
         <input_file_ref idref="fl-37"/>
      </object_component>
      <object_component id="oc-9ab">
         <name>.text:TMR_SR_msgAddHiggs2FullLoadImage</name>
         <load_address>0x16ece</load_address>
         <run_address>0x16ece</run_address>
         <size>0x1a2</size>
         <input_file_ref idref="fl-37"/>
      </object_component>
      <object_component id="oc-927">
         <name>.text:TMR_SR_msgAddIdsSL900aAccessFifoWrite</name>
         <load_address>0x17070</load_address>
         <run_address>0x17070</run_address>
         <size>0x190</size>
         <input_file_ref idref="fl-37"/>
      </object_component>
      <object_component id="oc-90f">
         <name>.text:TMR_SR_msgAddIdsSL900aSetSfeParameters</name>
         <load_address>0x17200</load_address>
         <run_address>0x17200</run_address>
         <size>0x17e</size>
         <input_file_ref idref="fl-37"/>
      </object_component>
      <object_component id="oc-92d">
         <name>.text:TMR_SR_msgAddIdsSL900aAccessFifoRead</name>
         <load_address>0x1737e</load_address>
         <run_address>0x1737e</run_address>
         <size>0x178</size>
         <input_file_ref idref="fl-37"/>
      </object_component>
      <object_component id="oc-6ca">
         <name>.text:TMR_SR_cmdGetReaderConfiguration</name>
         <load_address>0x174f6</load_address>
         <run_address>0x174f6</run_address>
         <size>0x176</size>
         <input_file_ref idref="fl-37"/>
      </object_component>
      <object_component id="oc-615">
         <name>.text:TMR_SR_sendMessage</name>
         <load_address>0x1766c</load_address>
         <run_address>0x1766c</run_address>
         <size>0x174</size>
         <input_file_ref idref="fl-37"/>
      </object_component>
      <object_component id="oc-933">
         <name>.text:TMR_SR_msgAddIdsSL900aAccessFifoStatus</name>
         <load_address>0x177e0</load_address>
         <run_address>0x177e0</run_address>
         <size>0x168</size>
         <input_file_ref idref="fl-37"/>
      </object_component>
      <object_component id="oc-903">
         <name>.text:TMR_SR_msgAddIdsSL900aGetBatteryLevel</name>
         <load_address>0x17948</load_address>
         <run_address>0x17948</run_address>
         <size>0x168</size>
         <input_file_ref idref="fl-37"/>
      </object_component>
      <object_component id="oc-951">
         <name>.text:TMR_SR_msgAddIdsSL900aGetSensorValue</name>
         <load_address>0x17ab0</load_address>
         <run_address>0x17ab0</run_address>
         <size>0x168</size>
         <input_file_ref idref="fl-37"/>
      </object_component>
      <object_component id="oc-6a6">
         <name>.text:setPortValues</name>
         <load_address>0x17c18</load_address>
         <run_address>0x17c18</run_address>
         <size>0x168</size>
         <input_file_ref idref="fl-36"/>
      </object_component>
      <object_component id="oc-98d">
         <name>.text:TMR_SR_msgAddNXPChangeEAS</name>
         <load_address>0x17d80</load_address>
         <run_address>0x17d80</run_address>
         <size>0x15a</size>
         <input_file_ref idref="fl-37"/>
      </object_component>
      <object_component id="oc-8a6">
         <name>.text:TMR_SR_cmdVersion</name>
         <load_address>0x17eda</load_address>
         <run_address>0x17eda</run_address>
         <size>0x14e</size>
         <input_file_ref idref="fl-37"/>
      </object_component>
      <object_component id="oc-9b7">
         <name>.text:TMR_SR_msgAddGEN2BlockErase</name>
         <load_address>0x18028</load_address>
         <run_address>0x18028</run_address>
         <size>0x14c</size>
         <input_file_ref idref="fl-37"/>
      </object_component>
      <object_component id="oc-93f">
         <name>.text:TMR_SR_msgAddIdsSL900aEndLog</name>
         <load_address>0x18174</load_address>
         <run_address>0x18174</run_address>
         <size>0x14c</size>
         <input_file_ref idref="fl-37"/>
      </object_component>
      <object_component id="oc-91b">
         <name>.text:TMR_SR_msgAddIdsSL900aGetCalibrationData</name>
         <load_address>0x182c0</load_address>
         <run_address>0x182c0</run_address>
         <size>0x14c</size>
         <input_file_ref idref="fl-37"/>
      </object_component>
      <object_component id="oc-94b">
         <name>.text:TMR_SR_msgAddIdsSL900aGetLogState</name>
         <load_address>0x1840c</load_address>
         <run_address>0x1840c</run_address>
         <size>0x14c</size>
         <input_file_ref idref="fl-37"/>
      </object_component>
      <object_component id="oc-909">
         <name>.text:TMR_SR_msgAddIdsSL900aGetMeasurementSetup</name>
         <load_address>0x18558</load_address>
         <run_address>0x18558</run_address>
         <size>0x14c</size>
         <input_file_ref idref="fl-37"/>
      </object_component>
      <object_component id="oc-999">
         <name>.text:TMR_SR_msgAddHiggs3BlockReadLock</name>
         <load_address>0x186a4</load_address>
         <run_address>0x186a4</run_address>
         <size>0x142</size>
         <input_file_ref idref="fl-37"/>
      </object_component>
      <object_component id="oc-9b1">
         <name>.text:TMR_SR_msgAddHiggs2PartialLoadImage</name>
         <load_address>0x187e6</load_address>
         <run_address>0x187e6</run_address>
         <size>0x13a</size>
         <input_file_ref idref="fl-37"/>
      </object_component>
      <object_component id="oc-a49">
         <name>.text:_setfield</name>
         <load_address>0x18920</load_address>
         <run_address>0x18920</run_address>
         <size>0x132</size>
         <input_file_ref idref="fl-99"/>
      </object_component>
      <object_component id="oc-987">
         <name>.text:TMR_SR_msgAddNXPCalibrate</name>
         <load_address>0x18a52</load_address>
         <run_address>0x18a52</run_address>
         <size>0x12c</size>
         <input_file_ref idref="fl-37"/>
      </object_component>
      <object_component id="oc-8f1">
         <name>.text:TMR_SR_msgAddNXPResetReadProtect</name>
         <load_address>0x18b7e</load_address>
         <run_address>0x18b7e</run_address>
         <size>0x12a</size>
         <input_file_ref idref="fl-37"/>
      </object_component>
      <object_component id="oc-993">
         <name>.text:TMR_SR_msgAddNXPSetReadProtect</name>
         <load_address>0x18ca8</load_address>
         <run_address>0x18ca8</run_address>
         <size>0x12a</size>
         <input_file_ref idref="fl-37"/>
      </object_component>
      <object_component id="oc-80f">
         <name>.text:TMR_SR_cmdGetAntennaPortPowersAndSettlingTime</name>
         <load_address>0x18dd2</load_address>
         <run_address>0x18dd2</run_address>
         <size>0x11c</size>
         <input_file_ref idref="fl-37"/>
      </object_component>
      <object_component id="oc-981">
         <name>.text:TMR_SR_msgAddMonza4QTReadWrite</name>
         <load_address>0x18eee</load_address>
         <run_address>0x18eee</run_address>
         <size>0x118</size>
         <input_file_ref idref="fl-37"/>
      </object_component>
      <object_component id="oc-8eb">
         <name>.text:TMR_SR_msgAddNXPChangeConfig</name>
         <load_address>0x19006</load_address>
         <run_address>0x19006</run_address>
         <size>0x118</size>
         <input_file_ref idref="fl-37"/>
      </object_component>
      <object_component id="oc-8e5">
         <name>.text:TMR_SR_msgAddGEN2DataRead</name>
         <load_address>0x1911e</load_address>
         <run_address>0x1911e</run_address>
         <size>0x112</size>
         <input_file_ref idref="fl-37"/>
      </object_component>
      <object_component id="oc-66a">
         <name>.text:validateReadPlan</name>
         <load_address>0x19230</load_address>
         <run_address>0x19230</run_address>
         <size>0x10e</size>
         <input_file_ref idref="fl-33"/>
      </object_component>
      <object_component id="oc-6e9">
         <name>.text:TMR_SR_cmdGetGPIO</name>
         <load_address>0x1933e</load_address>
         <run_address>0x1933e</run_address>
         <size>0x10a</size>
         <input_file_ref idref="fl-37"/>
      </object_component>
      <object_component id="oc-815">
         <name>.text:TMR_SR_cmdSetAntennaPortPowersAndSettlingTime</name>
         <load_address>0x19448</load_address>
         <run_address>0x19448</run_address>
         <size>0x108</size>
         <input_file_ref idref="fl-37"/>
      </object_component>
      <object_component id="oc-9cf">
         <name>.text:TMR_SR_msgAddGEN2LockTag</name>
         <load_address>0x19550</load_address>
         <run_address>0x19550</run_address>
         <size>0x108</size>
         <input_file_ref idref="fl-37"/>
      </object_component>
      <object_component id="oc-77f">
         <name>.text:privateUCSSourceClockFromDCO</name>
         <load_address>0x19658</load_address>
         <run_address>0x19658</run_address>
         <size>0x108</size>
         <input_file_ref idref="fl-25"/>
      </object_component>
      <object_component id="oc-742">
         <name>.text:getPortValues</name>
         <load_address>0x19760</load_address>
         <run_address>0x19760</run_address>
         <size>0x104</size>
         <input_file_ref idref="fl-36"/>
      </object_component>
      <object_component id="oc-4ea">
         <name>.text:TMR_SR_SerialReader_init</name>
         <load_address>0x19864</load_address>
         <run_address>0x19864</run_address>
         <size>0x102</size>
         <input_file_ref idref="fl-36"/>
      </object_component>
      <object_component id="oc-7e2">
         <name>.text:TMR_SR_cmdProbeBaudRate</name>
         <load_address>0x19966</load_address>
         <run_address>0x19966</run_address>
         <size>0xfe</size>
         <input_file_ref idref="fl-36"/>
      </object_component>
      <object_component id="oc-957">
         <name>.text:TMR_SR_msgAddIAVDenatranCustomOp</name>
         <load_address>0x19a64</load_address>
         <run_address>0x19a64</run_address>
         <size>0xee</size>
         <input_file_ref idref="fl-37"/>
      </object_component>
      <object_component id="oc-96f">
         <name>.text:TMR_SR_msgAddIAVDenatranCustomWriteToMemMap</name>
         <load_address>0x19b52</load_address>
         <run_address>0x19b52</run_address>
         <size>0xe6</size>
         <input_file_ref idref="fl-37"/>
      </object_component>
      <object_component id="oc-5fb">
         <name>.text:privateUCSComputeCLKFrequency</name>
         <load_address>0x19c38</load_address>
         <run_address>0x19c38</run_address>
         <size>0xde</size>
         <input_file_ref idref="fl-25"/>
      </object_component>
      <object_component id="oc-a6e">
         <name>.text:_pproc_diouxp</name>
         <load_address>0x19d16</load_address>
         <run_address>0x19d16</run_address>
         <size>0xdc</size>
         <input_file_ref idref="fl-99"/>
      </object_component>
      <object_component id="oc-885">
         <name>.text:autoDetectAntennaList</name>
         <load_address>0x19df2</load_address>
         <run_address>0x19df2</run_address>
         <size>0xda</size>
         <input_file_ref idref="fl-36"/>
      </object_component>
      <object_component id="oc-969">
         <name>.text:TMR_SR_msgAddIAVDenatranCustomGetTokenId</name>
         <load_address>0x19ecc</load_address>
         <run_address>0x19ecc</run_address>
         <size>0xd8</size>
         <input_file_ref idref="fl-37"/>
      </object_component>
      <object_component id="oc-9f3">
         <name>.text:__TI_printfi_minimal</name>
         <load_address>0x19fa4</load_address>
         <run_address>0x19fa4</run_address>
         <size>0xd2</size>
         <input_file_ref idref="fl-99"/>
      </object_component>
      <object_component id="oc-4f0">
         <name>.text:TMR_initSerialTransportTable</name>
         <load_address>0x1a076</load_address>
         <run_address>0x1a076</run_address>
         <size>0xcc</size>
         <input_file_ref idref="fl-33"/>
      </object_component>
      <object_component id="oc-718">
         <name>.text:TMR_SR_cmdGetAvailableProtocols</name>
         <load_address>0x1a142</load_address>
         <run_address>0x1a142</run_address>
         <size>0xca</size>
         <input_file_ref idref="fl-37"/>
      </object_component>
      <object_component id="oc-647">
         <name>.text:TMR_SR_cmdGetFrequencyHopTable</name>
         <load_address>0x1a20c</load_address>
         <run_address>0x1a20c</run_address>
         <size>0xc8</size>
         <input_file_ref idref="fl-37"/>
      </object_component>
      <object_component id="oc-8a0">
         <name>.text:verifySearchStatus</name>
         <load_address>0x1a2d4</load_address>
         <run_address>0x1a2d4</run_address>
         <size>0xc8</size>
         <input_file_ref idref="fl-36"/>
      </object_component>
      <object_component id="oc-9d5">
         <name>.text:TMR_SR_msgAddGEN2DataWrite</name>
         <load_address>0x1a39c</load_address>
         <run_address>0x1a39c</run_address>
         <size>0xc6</size>
         <input_file_ref idref="fl-37"/>
      </object_component>
      <object_component id="oc-898">
         <name>.text:TMR_SR_msgSetupReadTagSingle</name>
         <load_address>0x1a462</load_address>
         <run_address>0x1a462</run_address>
         <size>0xc6</size>
         <input_file_ref idref="fl-37"/>
      </object_component>
      <object_component id="oc-724">
         <name>.text:getSerialNumber</name>
         <load_address>0x1a528</load_address>
         <run_address>0x1a528</run_address>
         <size>0xc6</size>
         <input_file_ref idref="fl-36"/>
      </object_component>
      <object_component id="oc-9c9">
         <name>.text:TMR_SR_msgAddGEN2KillTag</name>
         <load_address>0x1a5ee</load_address>
         <run_address>0x1a5ee</run_address>
         <size>0xc2</size>
         <input_file_ref idref="fl-37"/>
      </object_component>
      <object_component id="oc-748">
         <name>.text:TMR_SR_cmdGetAntennaReturnLoss</name>
         <load_address>0x1a6b0</load_address>
         <run_address>0x1a6b0</run_address>
         <size>0xc0</size>
         <input_file_ref idref="fl-37"/>
      </object_component>
      <object_component id="oc-653">
         <name>.text:TMR_SR_cmdSetFrequencyHopTable</name>
         <load_address>0x1a770</load_address>
         <run_address>0x1a770</run_address>
         <size>0xb4</size>
         <input_file_ref idref="fl-37"/>
      </object_component>
      <object_component id="oc-79f">
         <name>.text:isContinuousReadParamSupported</name>
         <load_address>0x1a824</load_address>
         <run_address>0x1a824</run_address>
         <size>0xb2</size>
         <input_file_ref idref="fl-37"/>
      </object_component>
      <object_component id="oc-6fa">
         <name>.text:TMR_SR_cmdAntennaDetect</name>
         <load_address>0x1a8d6</load_address>
         <run_address>0x1a8d6</run_address>
         <size>0xac</size>
         <input_file_ref idref="fl-37"/>
      </object_component>
      <object_component id="oc-63b">
         <name>.text:TMR_SR_cmdResetReaderStats</name>
         <load_address>0x1a982</load_address>
         <run_address>0x1a982</run_address>
         <size>0xac</size>
         <input_file_ref idref="fl-37"/>
      </object_component>
      <object_component id="oc-688">
         <name>.text:TMR_SR_cmdSetProtocolLicenseKey</name>
         <load_address>0x1aa2e</load_address>
         <run_address>0x1aa2e</run_address>
         <size>0xac</size>
         <input_file_ref idref="fl-37"/>
      </object_component>
      <object_component id="oc-7c9">
         <name>.text:TMR_SR_sendTimeout</name>
         <load_address>0x1aada</load_address>
         <run_address>0x1aada</run_address>
         <size>0xa4</size>
         <input_file_ref idref="fl-37"/>
      </object_component>
      <object_component id="oc-664">
         <name>.text:setProtocol</name>
         <load_address>0x1ab7e</load_address>
         <run_address>0x1ab7e</run_address>
         <size>0xa2</size>
         <input_file_ref idref="fl-36"/>
      </object_component>
      <object_component id="oc-68e">
         <name>.text:TMR_SR_cmdSetFrequencyHopTime</name>
         <load_address>0x1ac20</load_address>
         <run_address>0x1ac20</run_address>
         <size>0xa0</size>
         <input_file_ref idref="fl-37"/>
      </object_component>
      <object_component id="oc-87f">
         <name>.text:setAntennaList</name>
         <load_address>0x1acc0</load_address>
         <run_address>0x1acc0</run_address>
         <size>0x98</size>
         <input_file_ref idref="fl-36"/>
      </object_component>
      <object_component id="oc-62f">
         <name>.text:TMR_SR_cmdSetReaderWriteTimeOut</name>
         <load_address>0x1ad58</load_address>
         <run_address>0x1ad58</run_address>
         <size>0x96</size>
         <input_file_ref idref="fl-37"/>
      </object_component>
      <object_component id="oc-843">
         <name>.text:TMR_SR_cmdGetHardwareVersion</name>
         <load_address>0x1adee</load_address>
         <run_address>0x1adee</run_address>
         <size>0x94</size>
         <input_file_ref idref="fl-37"/>
      </object_component>
      <object_component id="oc-95d">
         <name>.text:TMR_SR_msgAddIAVDenatranCustomWriteSec</name>
         <load_address>0x1ae82</load_address>
         <run_address>0x1ae82</run_address>
         <size>0x92</size>
         <input_file_ref idref="fl-37"/>
      </object_component>
      <object_component id="oc-67c">
         <name>.text:TMR_SR_cmdSetBaudRate</name>
         <load_address>0x1af14</load_address>
         <run_address>0x1af14</run_address>
         <size>0x8e</size>
         <input_file_ref idref="fl-37"/>
      </object_component>
      <object_component id="oc-7dc">
         <name>.text:compareAntennas</name>
         <load_address>0x1afa2</load_address>
         <run_address>0x1afa2</run_address>
         <size>0x8e</size>
         <input_file_ref idref="fl-36"/>
      </object_component>
      <object_component id="oc-597">
         <name>.text:TMR_SR_cmdStopReading</name>
         <load_address>0x1b030</load_address>
         <run_address>0x1b030</run_address>
         <size>0x8c</size>
         <input_file_ref idref="fl-37"/>
      </object_component>
      <object_component id="oc-6e3">
         <name>.text:TMR_SR_cmdGetReadTxPowerWithLimits</name>
         <load_address>0x1b0bc</load_address>
         <run_address>0x1b0bc</run_address>
         <size>0x88</size>
         <input_file_ref idref="fl-37"/>
      </object_component>
      <object_component id="oc-629">
         <name>.text:TMR_SR_cmdGetReaderWriteTimeOut</name>
         <load_address>0x1b144</load_address>
         <run_address>0x1b144</run_address>
         <size>0x88</size>
         <input_file_ref idref="fl-37"/>
      </object_component>
      <object_component id="oc-670">
         <name>.text:TMR_SR_cmdSetGPIODirection</name>
         <load_address>0x1b1cc</load_address>
         <run_address>0x1b1cc</run_address>
         <size>0x86</size>
         <input_file_ref idref="fl-37"/>
      </object_component>
      <object_component id="oc-6d7">
         <name>.text:TMR_SR_cmdGetRegionConfiguration</name>
         <load_address>0x1b252</load_address>
         <run_address>0x1b252</run_address>
         <size>0x84</size>
         <input_file_ref idref="fl-37"/>
      </object_component>
      <object_component id="oc-8cf">
         <name>.text:TMR_SR_cmdSetAntennaSearchList</name>
         <load_address>0x1b2d6</load_address>
         <run_address>0x1b2d6</run_address>
         <size>0x84</size>
         <input_file_ref idref="fl-37"/>
      </object_component>
      <object_component id="oc-9db">
         <name>.text:TMR_SR_msgAddGEN2WriteTagEPC</name>
         <load_address>0x1b35a</load_address>
         <run_address>0x1b35a</run_address>
         <size>0x84</size>
         <input_file_ref idref="fl-37"/>
      </object_component>
      <object_component id="oc-623">
         <name>.text:TMR_paramProbe</name>
         <load_address>0x1b3de</load_address>
         <run_address>0x1b3de</run_address>
         <size>0x82</size>
         <input_file_ref idref="fl-33"/>
      </object_component>
      <object_component id="oc-3f4">
         <name>.text:_auto_init_hold_wdt</name>
         <load_address>0x1b460</load_address>
         <run_address>0x1b460</run_address>
         <size>0x82</size>
         <input_file_ref idref="fl-9b"/>
      </object_component>
      <object_component id="oc-712">
         <name>.text:TMR_SR_cmdGetFrequencyHopTime</name>
         <load_address>0x1b4e2</load_address>
         <run_address>0x1b4e2</run_address>
         <size>0x7e</size>
         <input_file_ref idref="fl-37"/>
      </object_component>
      <object_component id="oc-6a0">
         <name>.text:TMR_SR_cmdSetReadTxPower</name>
         <load_address>0x1b560</load_address>
         <run_address>0x1b560</run_address>
         <size>0x7e</size>
         <input_file_ref idref="fl-37"/>
      </object_component>
      <object_component id="oc-69a">
         <name>.text:TMR_SR_cmdSetWriteTxPower</name>
         <load_address>0x1b5de</load_address>
         <run_address>0x1b5de</run_address>
         <size>0x7e</size>
         <input_file_ref idref="fl-37"/>
      </object_component>
      <object_component id="oc-70c">
         <name>.text:TMR_SR_cmdGetAvailableRegions</name>
         <load_address>0x1b65c</load_address>
         <run_address>0x1b65c</run_address>
         <size>0x7c</size>
         <input_file_ref idref="fl-37"/>
      </object_component>
      <object_component id="oc-570">
         <name>.text:Timer_A_initUpMode</name>
         <load_address>0x1b6d8</load_address>
         <run_address>0x1b6d8</run_address>
         <size>0x7c</size>
         <input_file_ref idref="fl-21"/>
      </object_component>
      <object_component id="oc-6d">
         <name>.text:decompress:lzss:__TI_decompress_lzss</name>
         <load_address>0x1b754</load_address>
         <run_address>0x1b754</run_address>
         <size>0x78</size>
         <input_file_ref idref="fl-58"/>
      </object_component>
      <object_component id="oc-73c">
         <name>.text:TMR_SR_cmdGetReadTxPower</name>
         <load_address>0x1b7cc</load_address>
         <run_address>0x1b7cc</run_address>
         <size>0x70</size>
         <input_file_ref idref="fl-37"/>
      </object_component>
      <object_component id="oc-736">
         <name>.text:TMR_SR_cmdGetWriteTxPower</name>
         <load_address>0x1b83c</load_address>
         <run_address>0x1b83c</run_address>
         <size>0x70</size>
         <input_file_ref idref="fl-37"/>
      </object_component>
      <object_component id="oc-97b">
         <name>.text:TMR_SR_msgAddIAVDenatranCustomActivateSiniavMode</name>
         <load_address>0x1b8ac</load_address>
         <run_address>0x1b8ac</run_address>
         <size>0x6a</size>
         <input_file_ref idref="fl-37"/>
      </object_component>
      <object_component id="oc-5b8">
         <name>.text:TMR_reader_init_internal</name>
         <load_address>0x1b916</load_address>
         <run_address>0x1b916</run_address>
         <size>0x68</size>
         <input_file_ref idref="fl-33"/>
      </object_component>
      <object_component id="oc-682">
         <name>.text:TMR_SR_cmdResetReaderStatistics</name>
         <load_address>0x1b97e</load_address>
         <run_address>0x1b97e</run_address>
         <size>0x66</size>
         <input_file_ref idref="fl-37"/>
      </object_component>
      <object_component id="oc-975">
         <name>.text:TMR_SR_msgAddIAVDenatranCustomReadFromMemMap</name>
         <load_address>0x1b9e4</load_address>
         <run_address>0x1b9e4</run_address>
         <size>0x66</size>
         <input_file_ref idref="fl-37"/>
      </object_component>
      <object_component id="oc-963">
         <name>.text:TMR_SR_msgAddIAVDenatranCustomReadSec</name>
         <load_address>0x1ba4a</load_address>
         <run_address>0x1ba4a</run_address>
         <size>0x66</size>
         <input_file_ref idref="fl-37"/>
      </object_component>
      <object_component id="oc-443">
         <name>.text:copy_in</name>
         <load_address>0x1bab0</load_address>
         <run_address>0x1bab0</run_address>
         <size>0x66</size>
         <input_file_ref idref="fl-9c"/>
      </object_component>
      <object_component id="oc-8df">
         <name>.text:prepEmbReadTagMultiple</name>
         <load_address>0x1bb16</load_address>
         <run_address>0x1bb16</run_address>
         <size>0x66</size>
         <input_file_ref idref="fl-36"/>
      </object_component>
      <object_component id="oc-75f">
         <name>.text:TMR_RP_init_simple</name>
         <load_address>0x1bb7c</load_address>
         <run_address>0x1bb7c</run_address>
         <size>0x62</size>
         <input_file_ref idref="fl-33"/>
      </object_component>
      <object_component id="oc-6ef">
         <name>.text:TMR_SR_cmdGetGPIODirection</name>
         <load_address>0x1bbde</load_address>
         <run_address>0x1bbde</run_address>
         <size>0x60</size>
         <input_file_ref idref="fl-37"/>
      </object_component>
      <object_component id="oc-56b">
         <name>.text</name>
         <load_address>0x1bc3e</load_address>
         <run_address>0x1bc3e</run_address>
         <size>0x58</size>
         <input_file_ref idref="fl-5e"/>
      </object_component>
      <object_component id="oc-7fe">
         <name>.text:TMR_SR_cmdSetProtocol</name>
         <load_address>0x1bc96</load_address>
         <run_address>0x1bc96</run_address>
         <size>0x56</size>
         <input_file_ref idref="fl-37"/>
      </object_component>
      <object_component id="oc-64d">
         <name>.text:TMR_SR_cmdSetRegionLbt</name>
         <load_address>0x1bcec</load_address>
         <run_address>0x1bcec</run_address>
         <size>0x56</size>
         <input_file_ref idref="fl-37"/>
      </object_component>
      <object_component id="oc-694">
         <name>.text:TMR_SR_cmdSetTxRxPorts</name>
         <load_address>0x1bd42</load_address>
         <run_address>0x1bd42</run_address>
         <size>0x56</size>
         <input_file_ref idref="fl-37"/>
      </object_component>
      <object_component id="oc-7a5">
         <name>.text:tm_crc</name>
         <load_address>0x1bd98</load_address>
         <run_address>0x1bd98</run_address>
         <size>0x56</size>
         <input_file_ref idref="fl-37"/>
      </object_component>
      <object_component id="oc-4cf">
         <name>.text:strtok</name>
         <load_address>0x1bdee</load_address>
         <run_address>0x1bdee</run_address>
         <size>0x54</size>
         <input_file_ref idref="fl-93"/>
      </object_component>
      <object_component id="oc-7e8">
         <name>.text:TMR_SR_cmdGetCurrentProtocol</name>
         <load_address>0x1be42</load_address>
         <run_address>0x1be42</run_address>
         <size>0x52</size>
         <input_file_ref idref="fl-37"/>
      </object_component>
      <object_component id="oc-799">
         <name>.text:TMR_SR_sendBytes</name>
         <load_address>0x1be94</load_address>
         <run_address>0x1be94</run_address>
         <size>0x4e</size>
         <input_file_ref idref="fl-37"/>
      </object_component>
      <object_component id="oc-869">
         <name>.text:TMR__notifyTransportListeners</name>
         <load_address>0x1bee2</load_address>
         <run_address>0x1bee2</run_address>
         <size>0x4e</size>
         <input_file_ref idref="fl-33"/>
      </object_component>
      <object_component id="oc-4c1">
         <name>.text:configureSysTimer</name>
         <load_address>0x1bf30</load_address>
         <run_address>0x1bf30</run_address>
         <size>0x4c</size>
         <input_file_ref idref="fl-32"/>
      </object_component>
      <object_component id="oc-700">
         <name>.text:TMR_SR_cmdGetPowerMode</name>
         <load_address>0x1bf7c</load_address>
         <run_address>0x1bf7c</run_address>
         <size>0x48</size>
         <input_file_ref idref="fl-37"/>
      </object_component>
      <object_component id="oc-6dd">
         <name>.text:TMR_SR_cmdGetRegion</name>
         <load_address>0x1bfc4</load_address>
         <run_address>0x1bfc4</run_address>
         <size>0x48</size>
         <input_file_ref idref="fl-37"/>
      </object_component>
      <object_component id="oc-74e">
         <name>.text:TMR_SR_cmdGetUserMode</name>
         <load_address>0x1c00c</load_address>
         <run_address>0x1c00c</run_address>
         <size>0x48</size>
         <input_file_ref idref="fl-37"/>
      </object_component>
      <object_component id="oc-a4f">
         <name>.text:_pproc_str</name>
         <load_address>0x1c054</load_address>
         <run_address>0x1c054</run_address>
         <size>0x48</size>
         <input_file_ref idref="fl-99"/>
      </object_component>
      <object_component id="oc-730">
         <name>.text:TMR_SR_cmdGetTemperature</name>
         <load_address>0x1c09c</load_address>
         <run_address>0x1c09c</run_address>
         <size>0x46</size>
         <input_file_ref idref="fl-37"/>
      </object_component>
      <object_component id="oc-8c8">
         <name>.text:sprintf</name>
         <load_address>0x1c0e2</load_address>
         <run_address>0x1c0e2</run_address>
         <size>0x44</size>
         <input_file_ref idref="fl-8d"/>
      </object_component>
      <object_component id="oc-676">
         <name>.text:TMR_SR_cmdSetPowerMode</name>
         <load_address>0x1c126</load_address>
         <run_address>0x1c126</run_address>
         <size>0x40</size>
         <input_file_ref idref="fl-37"/>
      </object_component>
      <object_component id="oc-659">
         <name>.text:TMR_SR_cmdSetRegion</name>
         <load_address>0x1c166</load_address>
         <run_address>0x1c166</run_address>
         <size>0x40</size>
         <input_file_ref idref="fl-37"/>
      </object_component>
      <object_component id="oc-6b2">
         <name>.text:TMR_SR_cmdSetUserMode</name>
         <load_address>0x1c1a6</load_address>
         <run_address>0x1c1a6</run_address>
         <size>0x40</size>
         <input_file_ref idref="fl-37"/>
      </object_component>
      <object_component id="oc-a08">
         <name>.text:TMR_SR_msgSetupReadTagMultiple</name>
         <load_address>0x1c1e6</load_address>
         <run_address>0x1c1e6</run_address>
         <size>0x40</size>
         <input_file_ref idref="fl-37"/>
      </object_component>
      <object_component id="oc-40e">
         <name>.text:main</name>
         <load_address>0x1c226</load_address>
         <run_address>0x1c226</run_address>
         <size>0x40</size>
         <input_file_ref idref="fl-2"/>
      </object_component>
      <object_component id="oc-785">
         <name>.text</name>
         <load_address>0x1c266</load_address>
         <run_address>0x1c266</run_address>
         <size>0x40</size>
         <input_file_ref idref="fl-5d"/>
      </object_component>
      <object_component id="oc-71e">
         <name>.text:TMR_hexDottedQuad</name>
         <load_address>0x1c2a6</load_address>
         <run_address>0x1c2a6</run_address>
         <size>0x3e</size>
         <input_file_ref idref="fl-39"/>
      </object_component>
      <object_component id="oc-7c3">
         <name>.text:l_asr_const</name>
         <load_address>0x1c2e4</load_address>
         <run_address>0x1c2e4</run_address>
         <size>0x3e</size>
         <input_file_ref idref="fl-55"/>
      </object_component>
      <object_component id="oc-7ef">
         <name>.text:l_lsl_const</name>
         <load_address>0x1c322</load_address>
         <run_address>0x1c322</run_address>
         <size>0x3e</size>
         <input_file_ref idref="fl-7a"/>
      </object_component>
      <object_component id="oc-7f6">
         <name>.text:l_lsr_const</name>
         <load_address>0x1c360</load_address>
         <run_address>0x1c360</run_address>
         <size>0x3e</size>
         <input_file_ref idref="fl-7d"/>
      </object_component>
      <object_component id="oc-a13">
         <name>.text:__mspabi_sllll</name>
         <load_address>0x1c39e</load_address>
         <run_address>0x1c39e</run_address>
         <size>0x3a</size>
         <input_file_ref idref="fl-7b"/>
      </object_component>
      <object_component id="oc-a19">
         <name>.text:__mspabi_srlll</name>
         <load_address>0x1c3d8</load_address>
         <run_address>0x1c3d8</run_address>
         <size>0x3a</size>
         <input_file_ref idref="fl-7e"/>
      </object_component>
      <object_component id="oc-5c7">
         <name>.text:TMR_stringCopy</name>
         <load_address>0x1c412</load_address>
         <run_address>0x1c412</run_address>
         <size>0x34</size>
         <input_file_ref idref="fl-34"/>
      </object_component>
      <object_component id="oc-72a">
         <name>.text:getHardwareInfo</name>
         <load_address>0x1c446</load_address>
         <run_address>0x1c446</run_address>
         <size>0x32</size>
         <input_file_ref idref="fl-36"/>
      </object_component>
      <object_component id="oc-4e4">
         <name>.text:strncpy</name>
         <load_address>0x1c478</load_address>
         <run_address>0x1c478</run_address>
         <size>0x32</size>
         <input_file_ref idref="fl-92"/>
      </object_component>
      <object_component id="oc-7b4">
         <name>.text:TMR_paramGet</name>
         <load_address>0x1c4aa</load_address>
         <run_address>0x1c4aa</run_address>
         <size>0x30</size>
         <input_file_ref idref="fl-33"/>
      </object_component>
      <object_component id="oc-8c1">
         <name>.text:memmove</name>
         <load_address>0x1c4da</load_address>
         <run_address>0x1c4da</run_address>
         <size>0x2e</size>
         <input_file_ref idref="fl-81"/>
      </object_component>
      <object_component id="oc-4c9">
         <name>.text:strncmp</name>
         <load_address>0x1c508</load_address>
         <run_address>0x1c508</run_address>
         <size>0x2e</size>
         <input_file_ref idref="fl-91"/>
      </object_component>
      <object_component id="oc-78a">
         <name>.text</name>
         <load_address>0x1c536</load_address>
         <run_address>0x1c536</run_address>
         <size>0x2c</size>
         <input_file_ref idref="fl-5b"/>
      </object_component>
      <object_component id="oc-582">
         <name>.text:strcspn</name>
         <load_address>0x1c562</load_address>
         <run_address>0x1c562</run_address>
         <size>0x2c</size>
         <input_file_ref idref="fl-a4"/>
      </object_component>
      <object_component id="oc-57c">
         <name>.text:strspn</name>
         <load_address>0x1c58e</load_address>
         <run_address>0x1c58e</run_address>
         <size>0x2a</size>
         <input_file_ref idref="fl-a5"/>
      </object_component>
      <object_component id="oc-821">
         <name>.text:TMR_iso18000BBLFValToInt</name>
         <load_address>0x1c5b8</load_address>
         <run_address>0x1c5b8</run_address>
         <size>0x26</size>
         <input_file_ref idref="fl-37"/>
      </object_component>
      <object_component id="oc-8f">
         <name>.text:decompress:ZI:__TI_zero_init</name>
         <load_address>0x1c5de</load_address>
         <run_address>0x1c5de</run_address>
         <size>0x24</size>
         <input_file_ref idref="fl-5a"/>
      </object_component>
      <object_component id="oc-85a">
         <name>.text</name>
         <load_address>0x1c602</load_address>
         <run_address>0x1c602</run_address>
         <size>0x24</size>
         <input_file_ref idref="fl-8a"/>
      </object_component>
      <object_component id="oc-9e7">
         <name>.text:_outs</name>
         <load_address>0x1c626</load_address>
         <run_address>0x1c626</run_address>
         <size>0x20</size>
         <input_file_ref idref="fl-8d"/>
      </object_component>
      <object_component id="oc-a74">
         <name>.text:memccpy</name>
         <load_address>0x1c646</load_address>
         <run_address>0x1c646</run_address>
         <size>0x1e</size>
         <input_file_ref idref="fl-a0"/>
      </object_component>
      <object_component id="oc-4d8">
         <name>.text:strcmp</name>
         <load_address>0x1c664</load_address>
         <run_address>0x1c664</run_address>
         <size>0x1c</size>
         <input_file_ref idref="fl-8f"/>
      </object_component>
      <object_component id="oc-565">
         <name>.text:UCS_getSMCLK</name>
         <load_address>0x1c680</load_address>
         <run_address>0x1c680</run_address>
         <size>0x1a</size>
         <input_file_ref idref="fl-25"/>
      </object_component>
      <object_component id="oc-492">
         <name>.text</name>
         <load_address>0x1c69a</load_address>
         <run_address>0x1c69a</run_address>
         <size>0x18</size>
         <input_file_ref idref="fl-87"/>
      </object_component>
      <object_component id="oc-771">
         <name>.text:tm_memcpy</name>
         <load_address>0x1c6b2</load_address>
         <run_address>0x1c6b2</run_address>
         <size>0x18</size>
         <input_file_ref idref="fl-34"/>
      </object_component>
      <object_component id="oc-5a9">
         <name>.text:memset</name>
         <load_address>0x1c6ca</load_address>
         <run_address>0x1c6ca</run_address>
         <size>0x16</size>
         <input_file_ref idref="fl-83"/>
      </object_component>
      <object_component id="oc-861">
         <name>.text</name>
         <load_address>0x1c6e0</load_address>
         <run_address>0x1c6e0</run_address>
         <size>0x16</size>
         <input_file_ref idref="fl-5c"/>
      </object_component>
      <object_component id="oc-4f6">
         <name>.text:tm_strcpy</name>
         <load_address>0x1c6f6</load_address>
         <run_address>0x1c6f6</run_address>
         <size>0x16</size>
         <input_file_ref idref="fl-34"/>
      </object_component>
      <object_component id="oc-9ed">
         <name>.text:_outc</name>
         <load_address>0x1c70c</load_address>
         <run_address>0x1c70c</run_address>
         <size>0x14</size>
         <input_file_ref idref="fl-8d"/>
      </object_component>
      <object_component id="oc-3cf">
         <name>.text:memcpy</name>
         <load_address>0x1c720</load_address>
         <run_address>0x1c720</run_address>
         <size>0x14</size>
         <input_file_ref idref="fl-80"/>
      </object_component>
      <object_component id="oc-73">
         <name>.text:decompress:none:__TI_decompress_none</name>
         <load_address>0x1c734</load_address>
[...]
         <name>TMR_SR_cmdSetWriteTxPower</name>
         <value>0x1b5de</value>
         <object_component_ref idref="oc-69a"/>
      </symbol>
      <symbol id="sm-c87">
         <name>TMR_SR_cmdSetGPIODirection</name>
         <value>0x1b1cc</value>
         <object_component_ref idref="oc-670"/>
      </symbol>
      <symbol id="sm-c88">
         <name>TMR_SR_cmdGetRegion</name>
         <value>0x1bfc4</value>
         <object_component_ref idref="oc-6dd"/>
      </symbol>
      <symbol id="sm-c89">
         <name>TMR_SR_msgAddGEN2BlockWrite</name>
         <value>0x1625c</value>
         <object_component_ref idref="oc-9c3"/>
      </symbol>
      <symbol id="sm-c8a">
         <name>TMR_SR_cmdGetGPIODirection</name>
         <value>0x1bbde</value>
         <object_component_ref idref="oc-6ef"/>
      </symbol>
      <symbol id="sm-c8b">
         <name>TMR_SR_cmdGetUserMode</name>
         <value>0x1c00c</value>
         <object_component_ref idref="oc-74e"/>
      </symbol>
      <symbol id="sm-c8c">
         <name>TMR_SR_msgAddGEN2DataWrite</name>
         <value>0x1a39c</value>
         <object_component_ref idref="oc-9d5"/>
      </symbol>
      <symbol id="sm-c8d">
         <name>TMR_SR_cmdSetFrequencyHopTable</name>
         <value>0x1a770</value>
         <object_component_ref idref="oc-653"/>
      </symbol>
      <symbol id="sm-c8e">
         <name>TMR_SR_msgAddNXPChangeEAS</name>
         <value>0x17d80</value>
         <object_component_ref idref="oc-98d"/>
      </symbol>
      <symbol id="sm-c8f">
         <name>TMR_SR_cmdGetHardwareVersion</name>
         <value>0x1adee</value>
         <object_component_ref idref="oc-843"/>
      </symbol>
      <symbol id="sm-c9b">
         <name>TMR_SR_SerialTransportNativeInit</name>
         <value>0x1c7d4</value>
         <object_component_ref idref="oc-5cd"/>
      </symbol>
      <symbol id="sm-cb0">
         <name>TMR_hexDottedQuad</name>
         <value>0x1c2a6</value>
         <object_component_ref idref="oc-71e"/>
      </symbol>
      <symbol id="sm-cb9">
         <name>__mspabi_srai</name>
         <value>0x1c7ae</value>
         <object_component_ref idref="oc-6f5"/>
      </symbol>
      <symbol id="sm-cc1">
         <name>__mspabi_sral_15</name>
         <value>0x1c2e4</value>
         <object_component_ref idref="oc-7c3"/>
      </symbol>
      <symbol id="sm-cc2">
         <name>__mspabi_sral_14</name>
         <value>0x1c2e8</value>
         <object_component_ref idref="oc-7c3"/>
      </symbol>
      <symbol id="sm-cc3">
         <name>__mspabi_sral_13</name>
         <value>0x1c2ec</value>
         <object_component_ref idref="oc-7c3"/>
      </symbol>
      <symbol id="sm-cc4">
         <name>__mspabi_sral_12</name>
         <value>0x1c2f0</value>
         <object_component_ref idref="oc-7c3"/>
      </symbol>
      <symbol id="sm-cc5">
         <name>__mspabi_sral_11</name>
         <value>0x1c2f4</value>
         <object_component_ref idref="oc-7c3"/>
      </symbol>
      <symbol id="sm-cc6">
         <name>__mspabi_sral_10</name>
         <value>0x1c2f8</value>
         <object_component_ref idref="oc-7c3"/>
      </symbol>
      <symbol id="sm-cc7">
         <name>__mspabi_sral_8</name>
         <value>0x1c300</value>
         <object_component_ref idref="oc-7c3"/>
      </symbol>
      <symbol id="sm-cc8">
         <name>__mspabi_sral_9</name>
         <value>0x1c2fc</value>
         <object_component_ref idref="oc-7c3"/>
      </symbol>
      <symbol id="sm-cc9">
         <name>__mspabi_sral_6</name>
         <value>0x1c308</value>
         <object_component_ref idref="oc-7c3"/>
      </symbol>
      <symbol id="sm-cca">
         <name>__mspabi_sral_7</name>
         <value>0x1c304</value>
         <object_component_ref idref="oc-7c3"/>
      </symbol>
      <symbol id="sm-ccb">
         <name>__mspabi_sral_4</name>
         <value>0x1c310</value>
         <object_component_ref idref="oc-7c3"/>
      </symbol>
      <symbol id="sm-ccc">
         <name>__mspabi_sral_5</name>
         <value>0x1c30c</value>
         <object_component_ref idref="oc-7c3"/>
      </symbol>
      <symbol id="sm-ccd">
         <name>__mspabi_sral_2</name>
         <value>0x1c318</value>
         <object_component_ref idref="oc-7c3"/>
      </symbol>
      <symbol id="sm-cce">
         <name>__mspabi_sral_3</name>
         <value>0x1c314</value>
         <object_component_ref idref="oc-7c3"/>
      </symbol>
      <symbol id="sm-ccf">
         <name>__mspabi_sral_1</name>
         <value>0x1c31c</value>
         <object_component_ref idref="oc-7c3"/>
      </symbol>
      <symbol id="sm-cd7">
         <name>_stack</name>
         <value>0x4360</value>
         <object_component_ref idref="oc-3bd"/>
      </symbol>
      <symbol id="sm-cd8">
         <name>_reset_vector</name>
         <value>0xfffe</value>
         <object_component_ref idref="oc-3c0"/>
      </symbol>
      <symbol id="sm-ce2">
         <name>_c_int00_noargs_noexit</name>
         <value>0x4400</value>
         <object_component_ref idref="oc-ad"/>
      </symbol>
      <symbol id="sm-d00">
         <name>__TI_decompress_lzss</name>
         <value>0x1b754</value>
         <object_component_ref idref="oc-6d"/>
      </symbol>
      <symbol id="sm-d16">
         <name>__TI_decompress_none</name>
         <value>0x1c734</value>
         <object_component_ref idref="oc-73"/>
      </symbol>
      <symbol id="sm-d29">
         <name>__TI_zero_init</name>
         <value>0x1c5de</value>
         <object_component_ref idref="oc-8f"/>
      </symbol>
      <symbol id="sm-d35">
         <name>__mspabi_remi</name>
         <value>0x1c536</value>
         <object_component_ref idref="oc-78a"/>
      </symbol>
      <symbol id="sm-d36">
         <name>__mspabi_divi</name>
         <value>0x1c536</value>
         <object_component_ref idref="oc-78a"/>
      </symbol>
      <symbol id="sm-d40">
         <name>__mspabi_remu</name>
         <value>0x1c6e0</value>
         <object_component_ref idref="oc-861"/>
      </symbol>
      <symbol id="sm-d41">
         <name>__mspabi_divu</name>
         <value>0x1c6e0</value>
         <object_component_ref idref="oc-861"/>
      </symbol>
      <symbol id="sm-d4d">
         <name>__mspabi_remli</name>
         <value>0x1c266</value>
         <object_component_ref idref="oc-785"/>
      </symbol>
      <symbol id="sm-d4e">
         <name>__mspabi_divli</name>
         <value>0x1c266</value>
         <object_component_ref idref="oc-785"/>
      </symbol>
      <symbol id="sm-d5c">
         <name>__mspabi_remul</name>
         <value>0x1bc3e</value>
         <object_component_ref idref="oc-56b"/>
      </symbol>
      <symbol id="sm-d5d">
         <name>__mspabi_divul</name>
         <value>0x1bc3e</value>
         <object_component_ref idref="oc-56b"/>
      </symbol>
      <symbol id="sm-d67">
         <name>C$$EXIT</name>
         <value>0x1c7da</value>
         <object_component_ref idref="oc-416"/>
      </symbol>
      <symbol id="sm-d68">
         <name>abort</name>
         <value>0x1c7da</value>
         <object_component_ref idref="oc-416"/>
      </symbol>
      <symbol id="sm-d72">
         <name>__TI_int41</name>
         <value>0xffd2</value>
         <object_component_ref idref="oc-79"/>
      </symbol>
      <symbol id="sm-d75">
         <name>__TI_int42</name>
         <value>0xffd4</value>
         <object_component_ref idref="oc-7a"/>
      </symbol>
      <symbol id="sm-d78">
         <name>__TI_int43</name>
         <value>0xffd6</value>
         <object_component_ref idref="oc-7b"/>
      </symbol>
      <symbol id="sm-d7b">
         <name>__TI_int44</name>
         <value>0xffd8</value>
         <object_component_ref idref="oc-7c"/>
      </symbol>
      <symbol id="sm-d7e">
         <name>__TI_int45</name>
         <value>0xffda</value>
         <object_component_ref idref="oc-7d"/>
      </symbol>
      <symbol id="sm-d81">
         <name>__TI_int46</name>
         <value>0xffdc</value>
         <object_component_ref idref="oc-7e"/>
      </symbol>
      <symbol id="sm-d84">
         <name>__TI_int47</name>
         <value>0xffde</value>
         <object_component_ref idref="oc-7f"/>
      </symbol>
      <symbol id="sm-d87">
         <name>__TI_int48</name>
         <value>0xffe0</value>
         <object_component_ref idref="oc-80"/>
      </symbol>
      <symbol id="sm-d8a">
         <name>__TI_int49</name>
         <value>0xffe2</value>
         <object_component_ref idref="oc-81"/>
      </symbol>
      <symbol id="sm-d8d">
         <name>__TI_int50</name>
         <value>0xffe4</value>
         <object_component_ref idref="oc-82"/>
      </symbol>
      <symbol id="sm-d90">
         <name>__TI_int51</name>
         <value>0xffe6</value>
         <object_component_ref idref="oc-83"/>
      </symbol>
      <symbol id="sm-d93">
         <name>__TI_int52</name>
         <value>0xffe8</value>
         <object_component_ref idref="oc-84"/>
      </symbol>
      <symbol id="sm-d96">
         <name>__TI_int54</name>
         <value>0xffec</value>
         <object_component_ref idref="oc-86"/>
      </symbol>
      <symbol id="sm-d99">
         <name>__TI_int55</name>
         <value>0xffee</value>
         <object_component_ref idref="oc-87"/>
      </symbol>
      <symbol id="sm-d9c">
         <name>__TI_int56</name>
         <value>0xfff0</value>
         <object_component_ref idref="oc-88"/>
      </symbol>
      <symbol id="sm-d9f">
         <name>__TI_int57</name>
         <value>0xfff2</value>
         <object_component_ref idref="oc-89"/>
      </symbol>
      <symbol id="sm-da2">
         <name>__TI_int58</name>
         <value>0xfff4</value>
         <object_component_ref idref="oc-8a"/>
      </symbol>
      <symbol id="sm-da5">
         <name>__TI_int59</name>
         <value>0xfff6</value>
         <object_component_ref idref="oc-8b"/>
      </symbol>
      <symbol id="sm-da8">
         <name>__TI_int60</name>
         <value>0xfff8</value>
         <object_component_ref idref="oc-8c"/>
      </symbol>
      <symbol id="sm-dab">
         <name>__TI_int61</name>
         <value>0xfffa</value>
         <object_component_ref idref="oc-8d"/>
      </symbol>
      <symbol id="sm-dae">
         <name>__TI_int62</name>
         <value>0xfffc</value>
         <object_component_ref idref="oc-8e"/>
      </symbol>
      <symbol id="sm-db6">
         <name>__TI_ISR_TRAP</name>
         <value>0x442c</value>
         <object_component_ref idref="oc-3dc"/>
      </symbol>
      <symbol id="sm-dc5">
         <name>__mspabi_slli</name>
         <value>0x1c7b8</value>
         <object_component_ref idref="oc-65f"/>
      </symbol>
      <symbol id="sm-dd5">
         <name>__mspabi_slll_9</name>
         <value>0x1c33a</value>
         <object_component_ref idref="oc-7ef"/>
      </symbol>
      <symbol id="sm-dd6">
         <name>__mspabi_slll_8</name>
         <value>0x1c33e</value>
         <object_component_ref idref="oc-7ef"/>
      </symbol>
      <symbol id="sm-dd7">
         <name>__mspabi_slll_7</name>
         <value>0x1c342</value>
         <object_component_ref idref="oc-7ef"/>
      </symbol>
      <symbol id="sm-dd8">
         <name>__mspabi_slll_6</name>
         <value>0x1c346</value>
         <object_component_ref idref="oc-7ef"/>
      </symbol>
      <symbol id="sm-dd9">
         <name>__mspabi_slll_5</name>
         <value>0x1c34a</value>
         <object_component_ref idref="oc-7ef"/>
      </symbol>
      <symbol id="sm-dda">
         <name>__mspabi_slll_4</name>
         <value>0x1c34e</value>
         <object_component_ref idref="oc-7ef"/>
      </symbol>
      <symbol id="sm-ddb">
         <name>__mspabi_slll_3</name>
         <value>0x1c352</value>
         <object_component_ref idref="oc-7ef"/>
      </symbol>
      <symbol id="sm-ddc">
         <name>__mspabi_slll_2</name>
         <value>0x1c356</value>
         <object_component_ref idref="oc-7ef"/>
      </symbol>
      <symbol id="sm-ddd">
         <name>__mspabi_slll_1</name>
         <value>0x1c35a</value>
         <object_component_ref idref="oc-7ef"/>
      </symbol>
      <symbol id="sm-dde">
         <name>__mspabi_slll</name>
         <value>0x1c758</value>
         <object_component_ref idref="oc-754"/>
      </symbol>
      <symbol id="sm-ddf">
         <name>__mspabi_slll_15</name>
         <value>0x1c322</value>
         <object_component_ref idref="oc-7ef"/>
      </symbol>
      <symbol id="sm-de0">
         <name>__mspabi_slll_14</name>
         <value>0x1c326</value>
         <object_component_ref idref="oc-7ef"/>
      </symbol>
      <symbol id="sm-de1">
         <name>__mspabi_slll_13</name>
         <value>0x1c32a</value>
         <object_component_ref idref="oc-7ef"/>
      </symbol>
      <symbol id="sm-de2">
         <name>__mspabi_slll_12</name>
         <value>0x1c32e</value>
         <object_component_ref idref="oc-7ef"/>
      </symbol>
      <symbol id="sm-de3">
         <name>__mspabi_slll_11</name>
         <value>0x1c332</value>
         <object_component_ref idref="oc-7ef"/>
      </symbol>
      <symbol id="sm-de4">
         <name>__mspabi_slll_10</name>
         <value>0x1c336</value>
         <object_component_ref idref="oc-7ef"/>
      </symbol>
      <symbol id="sm-df1">
         <name>__mspabi_sllll</name>
         <value>0x1c39e</value>
         <object_component_ref idref="oc-a13"/>
      </symbol>
      <symbol id="sm-dfa">
         <name>__mspabi_srli</name>
         <value>0x1c7c2</value>
         <object_component_ref idref="oc-9fc"/>
      </symbol>
      <symbol id="sm-e0a">
         <name>__mspabi_srll_8</name>
         <value>0x1c37c</value>
         <object_component_ref idref="oc-7f6"/>
      </symbol>
      <symbol id="sm-e0b">
         <name>__mspabi_srll_9</name>
         <value>0x1c378</value>
         <object_component_ref idref="oc-7f6"/>
      </symbol>
      <symbol id="sm-e0c">
         <name>__mspabi_srll_6</name>
         <value>0x1c384</value>
         <object_component_ref idref="oc-7f6"/>
      </symbol>
      <symbol id="sm-e0d">
         <name>__mspabi_srll_7</name>
         <value>0x1c380</value>
         <object_component_ref idref="oc-7f6"/>
      </symbol>
      <symbol id="sm-e0e">
         <name>__mspabi_srll_4</name>
         <value>0x1c38c</value>
         <object_component_ref idref="oc-7f6"/>
      </symbol>
      <symbol id="sm-e0f">
         <name>__mspabi_srll_5</name>
         <value>0x1c388</value>
         <object_component_ref idref="oc-7f6"/>
      </symbol>
      <symbol id="sm-e10">
         <name>__mspabi_srll_2</name>
         <value>0x1c394</value>
         <object_component_ref idref="oc-7f6"/>
      </symbol>
      <symbol id="sm-e11">
         <name>__mspabi_srll_3</name>
         <value>0x1c390</value>
         <object_component_ref idref="oc-7f6"/>
      </symbol>
      <symbol id="sm-e12">
         <name>__mspabi_srll_1</name>
         <value>0x1c398</value>
         <object_component_ref idref="oc-7f6"/>
      </symbol>
      <symbol id="sm-e13">
         <name>__mspabi_srll_15</name>
         <value>0x1c360</value>
         <object_component_ref idref="oc-7f6"/>
      </symbol>
      <symbol id="sm-e14">
         <name>__mspabi_srll_14</name>
         <value>0x1c364</value>
         <object_component_ref idref="oc-7f6"/>
      </symbol>
      <symbol id="sm-e15">
         <name>__mspabi_srll_13</name>
         <value>0x1c368</value>
         <object_component_ref idref="oc-7f6"/>
      </symbol>
      <symbol id="sm-e16">
         <name>__mspabi_srll_12</name>
         <value>0x1c36c</value>
         <object_component_ref idref="oc-7f6"/>
      </symbol>
      <symbol id="sm-e17">
         <name>__mspabi_srll_11</name>
         <value>0x1c370</value>
         <object_component_ref idref="oc-7f6"/>
      </symbol>
      <symbol id="sm-e18">
         <name>__mspabi_srll_10</name>
         <value>0x1c374</value>
         <object_component_ref idref="oc-7f6"/>
      </symbol>
      <symbol id="sm-e19">
         <name>__mspabi_srll</name>
         <value>0x1c768</value>
         <object_component_ref idref="oc-61e"/>
      </symbol>
      <symbol id="sm-e26">
         <name>__mspabi_srlll</name>
         <value>0x1c3d8</value>
         <object_component_ref idref="oc-a19"/>
      </symbol>
      <symbol id="sm-e35">
         <name>memcpy</name>
         <value>0x1c720</value>
         <object_component_ref idref="oc-3cf"/>
      </symbol>
      <symbol id="sm-e44">
         <name>memmove</name>
         <value>0x1c4da</value>
         <object_component_ref idref="oc-8c1"/>
      </symbol>
      <symbol id="sm-e53">
         <name>_sys_memory</name>
         <value>0x2624</value>
         <object_component_ref idref="oc-3c1"/>
      </symbol>
      <symbol id="sm-e61">
         <name>memset</name>
         <value>0x1c6ca</value>
         <object_component_ref idref="oc-5a9"/>
      </symbol>
      <symbol id="sm-e6c">
         <name>__mspabi_mpyi_f5hw</name>
         <value>0x1c69a</value>
         <object_component_ref idref="oc-492"/>
      </symbol>
      <symbol id="sm-e76">
         <name>__mspabi_mpyl_f5hw</name>
         <value>0x1c602</value>
         <object_component_ref idref="oc-85a"/>
      </symbol>
      <symbol id="sm-e80">
         <name>_system_pre_init</name>
         <value>0x1c7e0</value>
         <object_component_ref idref="oc-3ee"/>
      </symbol>
      <symbol id="sm-e9c">
         <name>sprintf</name>
         <value>0x1c0e2</value>
         <object_component_ref idref="oc-8c8"/>
      </symbol>
      <symbol id="sm-eab">
         <name>strcmp</name>
         <value>0x1c664</value>
         <object_component_ref idref="oc-4d8"/>
      </symbol>
      <symbol id="sm-eb8">
         <name>strlen</name>
         <value>0x1c796</value>
         <object_component_ref idref="oc-4de"/>
      </symbol>
      <symbol id="sm-ec8">
         <name>strncmp</name>
         <value>0x1c508</value>
         <object_component_ref idref="oc-4c9"/>
      </symbol>
      <symbol id="sm-ed8">
         <name>strncpy</name>
         <value>0x1c478</value>
         <object_component_ref idref="oc-4e4"/>
      </symbol>
      <symbol id="sm-eee">
         <name>strtok</name>
         <value>0x1bdee</value>
         <object_component_ref idref="oc-4cf"/>
      </symbol>
      <symbol id="sm-f45">
         <name>__TI_printfi_minimal</name>
         <value>0x19fa4</value>
         <object_component_ref idref="oc-9f3"/>
      </symbol>
      <symbol id="sm-f68">
         <name>_auto_init_hold_wdt</name>
         <value>0x1b460</value>
         <object_component_ref idref="oc-3f4"/>
      </symbol>
      <symbol id="sm-f7e">
         <name>copy_in</name>
         <value>0x1bab0</value>
         <object_component_ref idref="oc-443"/>
      </symbol>
      <symbol id="sm-f90">
         <name>memccpy</name>
         <value>0x1c646</value>
         <object_component_ref idref="oc-a74"/>
      </symbol>
      <symbol id="sm-f9a">
         <name>_system_post_cinit</name>
         <value>0x1c7e4</value>
         <object_component_ref idref="oc-449"/>
      </symbol>
      <symbol id="sm-fab">
         <name>strcspn</name>
         <value>0x1c562</value>
         <object_component_ref idref="oc-582"/>
      </symbol>
      <symbol id="sm-fbd">
         <name>strspn</name>
         <value>0x1c58e</value>
         <object_component_ref idref="oc-57c"/>
      </symbol>
      <symbol id="sm-fc2">
         <name>__TI_BINIT_Base</name>
         <value>0x0</value>
      </symbol>
      <symbol id="sm-fc3">
         <name>__TI_BINIT_Limit</name>
         <value>0x0</value>
      </symbol>
      <symbol id="sm-fc4">
         <name>__TI_INITARRAY_Base</name>
         <value>0x0</value>
      </symbol>
      <symbol id="sm-fc5">
         <name>__TI_INITARRAY_Limit</name>
         <value>0x0</value>
      </symbol>
   </symbol_table>
   <title>Link successful</title>
</link_info>
